BL51 BANKED LINKER/LOCATER V6.22.2.0                                                    04/30/2022  15:41:03  PAGE 1


BL51 BANKED LINKER/LOCATER V6.22.2.0, INVOKED BY:
C:\KEIL_V5\C51\BIN\BL51.EXE .\output\STARTUP.obj, .\output\main.obj, .\output\DS1302.obj, .\output\ringq.obj, .\output\e
>> cbm_core.obj, .\output\gpio.obj, .\output\power.obj, .\output\uart.obj, .\output\exti.obj, .\output\timer.obj, .\outp
>> ut\eeprom.obj, .\output\spi.obj, .\output\soft_spi.obj, .\output\iic.obj, .\output\soft_iic.obj, .\output\adc.obj, .\
>> output\cmp.obj, .\output\pca.obj, .\output\pwm.obj, .\output\lcm.obj TO .\output\ecbm RTX51TINY PRINT (.\output\ecbm.
>> m51) DISABLEWARNING (16)


MEMORY MODEL: LARGE WITH FLOATING POINT ARITHMETIC


INPUT MODULES INCLUDED:
  .\output\STARTUP.obj (?C_STARTUP)
  .\output\main.obj (MAIN)
  .\output\DS1302.obj (DS1302)
  .\output\ringq.obj (RINGQ)
  .\output\ecbm_core.obj (ECBM_CORE)
  .\output\gpio.obj (GPIO)
  .\output\power.obj (POWER)
  .\output\uart.obj (UART)
  .\output\exti.obj (EXTI)
  .\output\timer.obj (TIMER)
  .\output\eeprom.obj (EEPROM)
  .\output\spi.obj (SPI)
  .\output\soft_spi.obj (SOFT_SPI)
  .\output\iic.obj (IIC)
  .\output\soft_iic.obj (SOFT_IIC)
  .\output\adc.obj (ADC)
  .\output\cmp.obj (CMP)
  .\output\pca.obj (PCA)
  .\output\pwm.obj (PWM)
  .\output\lcm.obj (LCM)
  C:\KEIL_V5\C51\LIB\C51FPL.LIB (?C?FPMUL)
  C:\KEIL_V5\C51\LIB\C51FPL.LIB (?C?FPDIV)
  C:\KEIL_V5\C51\LIB\C51FPL.LIB (?C?FCAST)
  C:\KEIL_V5\C51\LIB\C51FPL.LIB (?C?CASTF)
  C:\KEIL_V5\C51\LIB\C51FPL.LIB (VSPRINTF)
  C:\KEIL_V5\C51\LIB\C51FPL.LIB (?C?FPGETOPN)
  C:\KEIL_V5\C51\LIB\C51FPL.LIB (PRINTF)
  C:\KEIL_V5\C51\LIB\C51FPL.LIB (?C?FPROUND)
  C:\KEIL_V5\C51\LIB\C51FPL.LIB (?C?FPCONVERT)
  C:\KEIL_V5\C51\LIB\C51FPL.LIB (?C?FPADD)
  C:\KEIL_V5\C51\LIB\C51FPL.LIB (?C?FTNPWR)
  C:\KEIL_V5\C51\LIB\C51L.LIB (?C_INIT)
  C:\KEIL_V5\C51\LIB\C51L.LIB (?C?COPY)
  C:\KEIL_V5\C51\LIB\C51L.LIB (?C?CLDPTR)
  C:\KEIL_V5\C51\LIB\C51L.LIB (?C?CLDOPTR)
  C:\KEIL_V5\C51\LIB\C51L.LIB (?C?CSTPTR)
  C:\KEIL_V5\C51\LIB\C51L.LIB (?C?CSTOPTR)
  C:\KEIL_V5\C51\LIB\C51L.LIB (?C?IMUL)
  C:\KEIL_V5\C51\LIB\C51L.LIB (?C?UIDIV)
  C:\KEIL_V5\C51\LIB\C51L.LIB (?C?SIDIV)
  C:\KEIL_V5\C51\LIB\C51L.LIB (?C?ILDIX)
  C:\KEIL_V5\C51\LIB\C51L.LIB (?C?ILDOPTR)
  C:\KEIL_V5\C51\LIB\C51L.LIB (?C?ISTOPTR)
  C:\KEIL_V5\C51\LIB\C51L.LIB (?C?LMUL)
  C:\KEIL_V5\C51\LIB\C51L.LIB (?C?ULDIV)
  C:\KEIL_V5\C51\LIB\C51L.LIB (?C?LNEG)
BL51 BANKED LINKER/LOCATER V6.22.2.0                                                  04/30/2022  15:41:03  PAGE 2


  C:\KEIL_V5\C51\LIB\C51L.LIB (?C?ULCMP)
  C:\KEIL_V5\C51\LIB\C51L.LIB (?C?LSTXDATA)
  C:\KEIL_V5\C51\LIB\C51L.LIB (?C?LSTKXDATA)
  C:\KEIL_V5\C51\LIB\C51L.LIB (?C?PLDIXDATA)
  C:\KEIL_V5\C51\LIB\C51L.LIB (?C?PSTXDATA)
  C:\KEIL_V5\C51\LIB\C51L.LIB (?C?CCASE)
  C:\KEIL_V5\C51\LIB\C51L.LIB (?C?LIMUL)
  C:\KEIL_V5\C51\LIB\C51L.LIB (PUTCHAR)
  C:\KEIL_V5\C51\LIB\C51L.LIB (STRCAT)
  C:\KEIL_V5\C51\LIB\C51L.LIB (STRNCAT)
  C:\KEIL_V5\C51\LIB\C51L.LIB (STRNCMP)
  C:\KEIL_V5\C51\LIB\C51L.LIB (?C?STRCPY)
  C:\KEIL_V5\C51\LIB\C51L.LIB (STRLEN)
  C:\KEIL_V5\C51\LIB\C51L.LIB (STRPOS)
  C:\KEIL_V5\C51\LIB\C51L.LIB (STRSTR)
  C:\KEIL_V5\C51\LIB\C51L.LIB (ATOI)
  C:\KEIL_V5\C51\LIB\C51L.LIB (?C?MEMSET)
  C:\KEIL_V5\C51\LIB\C51L.LIB (?C?IILDX)
  C:\KEIL_V5\C51\LIB\C51L.LIB (ISDIGIT)
  C:\KEIL_V5\C51\LIB\C51L.LIB (ISSPACE)


LINK MAP OF MODULE:  .\output\ecbm (?C_STARTUP)


            TYPE    BASE      LENGTH    RELOCATION   SEGMENT NAME
            -----------------------------------------------------

            * * * * * * *   D A T A   M E M O R Y   * * * * * * *
            REG     0000H     0008H     ABSOLUTE     "REG BANK 0"
            DATA    0008H     000EH     UNIT         ?DT?DS1302
            DATA    0016H     0005H     UNIT         _DATA_GROUP_
            DATA    001BH     0002H     UNIT         ?DT?GPIO
            DATA    001DH     0001H     UNIT         ?DT?_GPIO_IN?GPIO
                    001EH     0002H                  *** GAP ***
            BIT     0020H.0   0001H.2   UNIT         _BIT_GROUP_
            BIT     0021H.2   0000H.2   UNIT         ?BI?UART
                    0021H.4   0000H.4                *** GAP ***
            IDATA   0022H     0001H     UNIT         ?STACK

            * * * * * * *  X D A T A   M E M O R Y  * * * * * * *
            XDATA   0000H     021DH     UNIT         ?XD?MAIN
            XDATA   021DH     0201H     UNIT         ?XD?EEPROM
            XDATA   041EH     010AH     UNIT         _XDATA_GROUP_
            XDATA   0528H     002AH     UNIT         ?XD?_STRRPC?MAIN
            XDATA   0552H     0029H     UNIT         ?XD?_SUBSTRING?MAIN
            XDATA   057BH     000CH     UNIT         ?XD?ECBM_CORE
            XDATA   0587H     000AH     UNIT         ?XD?_STRNCAT?STRNCAT
            XDATA   0591H     0009H     UNIT         ?XD?_STRCAT?STRCAT
            XDATA   059AH     0001H     UNIT         ?XD?_TIMER_OUT?TIMER

            * * * * * * *   C O D E   M E M O R Y   * * * * * * *
            CODE    0000H     0003H     ABSOLUTE     
            CODE    0003H     0008H     UNIT         ?CO?GPIO
            CODE    000BH     0003H     ABSOLUTE     
            CODE    000EH     0015H     UNIT         ?PR?_STRLEN?STRLEN
            CODE    0023H     0003H     ABSOLUTE     
BL51 BANKED LINKER/LOCATER V6.22.2.0                                                  04/30/2022  15:41:03  PAGE 3


            CODE    0026H     001DH     UNIT         ?PR?_IS_EMPTYQUEUE?RINGQ
            CODE    0043H     0003H     ABSOLUTE     
            CODE    0046H     0AAEH     UNIT         ?C?LIB_CODE
            CODE    0AF4H     06D7H     UNIT         ?PR?MAIN?MAIN
            CODE    11CBH     0535H     UNIT         ?PR?EEPROM_INIT?EEPROM
            CODE    1700H     0483H     UNIT         ?PR?PRINTF?PRINTF
            CODE    1B83H     0286H     UNIT         ?PR?SYSTEM_INIT?ECBM_CORE
            CODE    1E09H     0264H     UNIT         ?PR?_GPIO_MODE?GPIO
            CODE    206DH     024FH     UNIT         ?PR?_EEPROM_WRITE_EX?EEPROM
            CODE    22BCH     0226H     UNIT         ?CO?MAIN
            CODE    24E2H     01B2H     UNIT         ?PR?SYSTEM_CHECK?ECBM_CORE
            CODE    2694H     019AH     UNIT         ?PR?_TIMER_SET_TIMER_MODE?TIMER
            CODE    282EH     014CH     UNIT         ?C_INITSEG
            CODE    297AH     0130H     UNIT         ?CO?ECBM_CORE
            CODE    2AAAH     0123H     UNIT         ?PR?_STRRPC?MAIN
            CODE    2BCDH     00DBH     UNIT         ?PR?_ATOI?ATOI
            CODE    2CA8H     00C6H     UNIT         ?PR?_GPIO_UPPULL?GPIO
            CODE    2D6EH     00C5H     UNIT         ?PR?_STRNCAT?STRNCAT
            CODE    2E33H     00C3H     UNIT         ?PR?_GPIO_OUT?GPIO
            CODE    2EF6H     00BFH     UNIT         ?PR?_STRSTR?STRSTR
            CODE    2FB5H     00B8H     UNIT         ?PR?_SYSTEM_SET_CLOCK?ECBM_CORE
            CODE    306DH     00ABH     UNIT         ?PR?_SUBSTRING?MAIN
            CODE    3118H     00A8H     UNIT         ?PR?_OUT_QUEUE?RINGQ
            CODE    31C0H     009AH     UNIT         ?PR?_GPIO_OUT_FAST?GPIO
            CODE    325AH     008CH     UNIT         ?C_C51STARTUP
            CODE    32E6H     0087H     UNIT         ?PR?_STRNCMP?STRNCMP
            CODE    336DH     0086H     UNIT         ?PR?_ESP8266_SEND_CMD?MAIN
            CODE    33F3H     0084H     UNIT         ?PR?_UART_SET_IO?UART
            CODE    3477H     0077H     UNIT         ?PR?_GPIO_IN?GPIO
            CODE    34EEH     006EH     UNIT         ?PR?_DEBUG?ECBM_CORE
            CODE    355CH     006BH     UNIT         ?PR?_STRCAT?STRCAT
            CODE    35C7H     0068H     UNIT         ?PR?_GPIO_TOGGLE?GPIO
            CODE    362FH     0066H     UNIT         ?PR?_UART_PRINTF?UART
            CODE    3695H     0066H     UNIT         ?PR?_EEPROM_READ_EX?EEPROM
            CODE    36FBH     0065H     UNIT         ?PR?_IN_QUEUE?RINGQ
            CODE    3760H     0057H     UNIT         ?PR?UART_INIT?UART
            CODE    37B7H     0055H     UNIT         ?PR?_GPIO_IN_FAST?GPIO
            CODE    380CH     0054H     UNIT         ?PR?FUN1?MAIN
            CODE    3860H     0054H     UNIT         ?PR?_GET_LINE?RINGQ
            CODE    38B4H     0052H     UNIT         ?PR?_DS1302_SETTIME?DS1302
            CODE    3906H     004DH     UNIT         ?PR?UART2_IT?UART
            CODE    3953H     004BH     UNIT         ?PR?_UART_SET_BAUD?UART
            CODE    399EH     004AH     UNIT         ?PR?UART1_IT?UART
            CODE    39E8H     004AH     UNIT         ?PR?_VSPRINTF?VSPRINTF
            CODE    3A32H     0046H     UNIT         ?PR?_DS1302_GETTIME?DS1302
            CODE    3A78H     0045H     UNIT         ?PR?_GPIO_TOGGLE_FAST?GPIO
            CODE    3ABDH     0040H     UNIT         ?PR?_GPIO_READ?GPIO
            CODE    3AFDH     003FH     UNIT         ?PR?_GPIO_WRITE?GPIO
            CODE    3B3CH     003EH     UNIT         ?PR?_EEPROM_WRITE?EEPROM
            CODE    3B7AH     003DH     UNIT         ?PR?_IS_FULLQUEUE?RINGQ
            CODE    3BB7H     003CH     UNIT         ?PR?_INITQUEUE?RINGQ
            CODE    3BF3H     0039H     UNIT         ?PR?_UART_CHAR_9?UART
            CODE    3C2CH     0037H     UNIT         ?PR?_UART_STRING?UART
            CODE    3C63H     0036H     UNIT         ?PR?_DS1302_WRITEBYTE?DS1302
            CODE    3C99H     0033H     UNIT         ?PR?_FIND_STRING?MAIN
            CODE    3CCCH     002CH     UNIT         ?PR?SYSTEM_UART_RESET?ECBM_CORE
            CODE    3CF8H     0028H     UNIT         ?PR?_EEPROM_READ?EEPROM
BL51 BANKED LINKER/LOCATER V6.22.2.0                                                  04/30/2022  15:41:03  PAGE 4


            CODE    3D20H     0027H     UNIT         ?PR?UART1_RECEIVE_CALLBACK?MAIN
            CODE    3D47H     0027H     UNIT         ?PR?UART2_RECEIVE_CALLBACK?MAIN
            CODE    3D6EH     0027H     UNIT         ?PR?PUTCHAR?PUTCHAR
            CODE    3D95H     0026H     UNIT         ?PR?_DELAY_SET_US?ECBM_CORE
            CODE    3DBBH     0025H     UNIT         ?PR?DS1302_READBYTE?DS1302
            CODE    3DE0H     0023H     UNIT         ?PR?_TIMER_OUT?TIMER
            CODE    3E03H     0022H     UNIT         ?PR?_EEPROM_ERASE?EEPROM
            CODE    3E25H     0020H     UNIT         ?PR?DS1302_INITIAL?DS1302
            CODE    3E45H     001FH     UNIT         ?PR?_DELAY_MS?ECBM_CORE
            CODE    3E64H     001FH     UNIT         ?PR?_STRPOS?STRPOS
            CODE    3E83H     001BH     UNIT         ?PR?_UART_CHAR?UART
            CODE    3E9EH     0019H     UNIT         ?PR?_BCDTOINT?DS1302
            CODE    3EB7H     0016H     UNIT         ?PR?_INTTOBCD?DS1302
            CODE    3ECDH     0014H     UNIT         ?PR?_ISSPACE?ISSPACE
            CODE    3EE1H     0011H     UNIT         ?PR?_TIMER_GET_VALUE?TIMER
            CODE    3EF2H     000FH     UNIT         ?PR?_DS1302_WRITEDATA?DS1302
            CODE    3F01H     000FH     UNIT         ?PR?TIMER_INIT?TIMER
            CODE    3F10H     000FH     UNIT         ?PR?_ISDIGIT?ISDIGIT
            CODE    3F1FH     000EH     UNIT         ?PR?EEPROM_OFF?EEPROM
            CODE    3F2DH     000CH     UNIT         ?PR?_SYSTEM_SET_DIV?ECBM_CORE
            CODE    3F39H     000CH     UNIT         ?CO?UART
            CODE    3F45H     000BH     UNIT         ?PR?_DS1302_READDATA?DS1302
            CODE    3F50H     000BH     UNIT         ?PR?_DELAY_US?ECBM_CORE
            CODE    3F5BH     0009H     UNIT         ?PR?_TIMER_SET_VALUE?TIMER
            CODE    3F64H     0008H     UNIT         ?PR?_TIMER_START?TIMER
            CODE    3F6CH     0006H     UNIT         ?PR?_TIMER_STOP?TIMER
            CODE    3F72H     0003H     UNIT         ?PR?DELAY?DS1302
            CODE    3F75H     0001H     UNIT         ?PR?EXTI_INIT?EXTI
            CODE    3F76H     0001H     UNIT         ?PR?_EXTI_START?EXTI
            CODE    3F77H     0001H     UNIT         ?PR?_EXTI_STOP?EXTI
            CODE    3F78H     0001H     UNIT         ?PR?_EXTI_SET_MODE?EXTI



OVERLAY MAP OF MODULE:   .\output\ecbm (?C_STARTUP)


SEGMENT                                    BIT_GROUP          DATA_GROUP          XDATA_GROUP
  +--> CALLED SEGMENT                   START    LENGTH     START    LENGTH     START    LENGTH
-----------------------------------------------------------------------------------------------
?C_C51STARTUP                           -----    -----      -----    -----      -----    -----
  +--> ?PR?MAIN?MAIN
  +--> ?C_INITSEG

?PR?MAIN?MAIN                           0020H.0  0000H.1    -----    -----      041EH    000DH
  +--> ?CO?MAIN
  +--> ?PR?SYSTEM_INIT?ECBM_CORE
  +--> ?PR?TIMER_INIT?TIMER
  +--> ?PR?EEPROM_INIT?EEPROM
  +--> ?PR?_TIMER_START?TIMER
  +--> ?PR?_TIMER_SET_TIMER_MODE?TIMER
  +--> ?PR?DS1302_INITIAL?DS1302
  +--> ?PR?_EEPROM_READ?EEPROM
  +--> ?PR?_INITQUEUE?RINGQ
  +--> ?PR?_UART_PRINTF?UART
  +--> ?PR?_UART_SET_BAUD?UART
  +--> ?PR?_DELAY_MS?ECBM_CORE
BL51 BANKED LINKER/LOCATER V6.22.2.0                                                  04/30/2022  15:41:03  PAGE 5


  +--> ?PR?_GET_LINE?RINGQ
  +--> ?PR?_ESP8266_SEND_CMD?MAIN
  +--> ?PR?_EEPROM_READ_EX?EEPROM
  +--> ?PR?_DS1302_GETTIME?DS1302
  +--> ?PR?_EEPROM_WRITE_EX?EEPROM
  +--> ?PR?_STRLEN?STRLEN
  +--> ?PR?_STRNCMP?STRNCMP
  +--> ?PR?_STRPOS?STRPOS
  +--> ?PR?_ATOI?ATOI
  +--> ?PR?_UART_STRING?UART
  +--> ?PR?_FIND_STRING?MAIN
  +--> ?PR?_DS1302_SETTIME?DS1302

?PR?SYSTEM_INIT?ECBM_CORE               -----    -----      -----    -----      042BH    0004H
  +--> ?PR?UART_INIT?UART
  +--> ?PR?_DELAY_MS?ECBM_CORE
  +--> ?PR?SYSTEM_CHECK?ECBM_CORE

?PR?UART_INIT?UART                      -----    -----      -----    -----      -----    -----
  +--> ?PR?_UART_SET_IO?UART
  +--> ?PR?_UART_SET_BAUD?UART

?PR?_UART_SET_IO?UART                   -----    -----      -----    -----      042FH    0001H
  +--> ?CO?UART
  +--> ?PR?_GPIO_MODE?GPIO

?PR?_GPIO_MODE?GPIO                     -----    -----      -----    -----      -----    -----
  +--> ?CO?GPIO

?PR?_UART_SET_BAUD?UART                 -----    -----      -----    -----      042FH    0005H

?PR?SYSTEM_CHECK?ECBM_CORE              -----    -----      -----    -----      042FH    0004H
  +--> ?CO?ECBM_CORE
  +--> ?PR?_DEBUG?ECBM_CORE

?PR?_DEBUG?ECBM_CORE                    -----    -----      -----    -----      0433H    006EH
  +--> ?PR?_VSPRINTF?VSPRINTF
  +--> ?PR?_UART_STRING?UART

?PR?_VSPRINTF?VSPRINTF                  -----    -----      -----    -----      04E4H    0006H
  +--> ?PR?PRINTF?PRINTF

?PR?PRINTF?PRINTF                       0020H.1  0001H.1    0016H    0005H      04EAH    0030H
  +--> ?PR?PUTCHAR?PUTCHAR

?PR?_UART_STRING?UART                   -----    -----      -----    -----      04E4H    0003H
  +--> ?PR?_UART_CHAR?UART

?PR?EEPROM_INIT?EEPROM                  -----    -----      -----    -----      042BH    0008H

?PR?_TIMER_SET_TIMER_MODE?TIMER         -----    -----      -----    -----      042BH    0009H

?PR?DS1302_INITIAL?DS1302               -----    -----      -----    -----      -----    -----
  +--> ?PR?_DS1302_WRITEDATA?DS1302

?PR?_DS1302_WRITEDATA?DS1302            -----    -----      -----    -----      -----    -----
  +--> ?PR?_DS1302_WRITEBYTE?DS1302
BL51 BANKED LINKER/LOCATER V6.22.2.0                                                  04/30/2022  15:41:03  PAGE 6



?PR?_DS1302_WRITEBYTE?DS1302            -----    -----      -----    -----      -----    -----
  +--> ?PR?DELAY?DS1302

?PR?_EEPROM_READ?EEPROM                 -----    -----      -----    -----      -----    -----
  +--> ?PR?EEPROM_OFF?EEPROM

?PR?_INITQUEUE?RINGQ                    -----    -----      -----    -----      042BH    0003H

?PR?_UART_PRINTF?UART                   -----    -----      -----    -----      0435H    00AFH
  +--> ?PR?_VSPRINTF?VSPRINTF
  +--> ?PR?_UART_STRING?UART

?PR?_GET_LINE?RINGQ                     -----    -----      -----    -----      0435H    0008H
  +--> ?PR?_IS_EMPTYQUEUE?RINGQ
  +--> ?PR?_OUT_QUEUE?RINGQ

?PR?_OUT_QUEUE?RINGQ                    -----    -----      -----    -----      043DH    0006H
  +--> ?PR?_IS_EMPTYQUEUE?RINGQ

?PR?_ESP8266_SEND_CMD?MAIN              -----    -----      -----    -----      042BH    000AH
  +--> ?PR?_UART_PRINTF?UART
  +--> ?CO?MAIN
  +--> ?PR?_DELAY_MS?ECBM_CORE
  +--> ?PR?_GET_LINE?RINGQ
  +--> ?PR?_FIND_STRING?MAIN

?PR?_FIND_STRING?MAIN                   -----    -----      -----    -----      0435H    0006H
  +--> ?PR?_STRSTR?STRSTR

?PR?_STRSTR?STRSTR                      -----    -----      -----    -----      043BH    000CH

?PR?_EEPROM_READ_EX?EEPROM              -----    -----      -----    -----      042BH    0009H
  +--> ?PR?_EEPROM_READ?EEPROM

?PR?_DS1302_GETTIME?DS1302              -----    -----      -----    -----      042BH    0005H
  +--> ?PR?_DS1302_READDATA?DS1302
  +--> ?PR?_BCDTOINT?DS1302

?PR?_DS1302_READDATA?DS1302             -----    -----      -----    -----      -----    -----
  +--> ?PR?_DS1302_WRITEBYTE?DS1302
  +--> ?PR?DS1302_READBYTE?DS1302

?PR?DS1302_READBYTE?DS1302              -----    -----      -----    -----      -----    -----
  +--> ?PR?DELAY?DS1302

?PR?_EEPROM_WRITE_EX?EEPROM             -----    -----      -----    -----      042BH    0015H
  +--> ?PR?_EEPROM_READ?EEPROM
  +--> ?PR?_EEPROM_ERASE?EEPROM
  +--> ?PR?_EEPROM_WRITE?EEPROM

?PR?_EEPROM_ERASE?EEPROM                -----    -----      -----    -----      -----    -----
  +--> ?PR?EEPROM_OFF?EEPROM

?PR?_EEPROM_WRITE?EEPROM                -----    -----      -----    -----      -----    -----
  +--> ?PR?EEPROM_OFF?EEPROM

BL51 BANKED LINKER/LOCATER V6.22.2.0                                                  04/30/2022  15:41:03  PAGE 7


?PR?_STRNCMP?STRNCMP                    -----    -----      -----    -----      042BH    0008H

?PR?_ATOI?ATOI                          0020H.1  0000H.1    -----    -----      042BH    0005H
  +--> ?PR?_ISSPACE?ISSPACE
  +--> ?PR?_ISDIGIT?ISDIGIT

?PR?_DS1302_SETTIME?DS1302              -----    -----      -----    -----      042BH    0005H
  +--> ?PR?_DS1302_WRITEDATA?DS1302
  +--> ?PR?_INTTOBCD?DS1302

*** NEW ROOT ***************************************************

?PR?UART1_IT?UART                       -----    -----      -----    -----      -----    -----
  +--> ?PR?UART1_RECEIVE_CALLBACK?MAIN
  +--> ?PR?SYSTEM_UART_RESET?ECBM_CORE

?PR?UART1_RECEIVE_CALLBACK?MAIN         -----    -----      -----    -----      -----    -----
  +--> ?PR?_IN_QUEUE?RINGQ

?PR?_IN_QUEUE?RINGQ                     -----    -----      -----    -----      0521H    0004H
  +--> ?PR?_IS_FULLQUEUE?RINGQ

?PR?_IS_FULLQUEUE?RINGQ                 -----    -----      -----    -----      0525H    0003H

*** NEW ROOT ***************************************************

?PR?UART2_IT?UART                       -----    -----      -----    -----      -----    -----
  +--> ?PR?UART2_RECEIVE_CALLBACK?MAIN

?PR?UART2_RECEIVE_CALLBACK?MAIN         -----    -----      -----    -----      -----    -----
  +--> ?PR?_IN_QUEUE?RINGQ



SYMBOL TABLE OF MODULE:  .\output\ecbm (?C_STARTUP)

  VALUE           TYPE          NAME
  ----------------------------------

  -------         MODULE        ?C_STARTUP
  C:325AH         SEGMENT       ?C_C51STARTUP
  I:0022H         SEGMENT       ?STACK
  C:0000H         PUBLIC        ?C_STARTUP
  D:00E0H         SYMBOL        ACC
  D:00F0H         SYMBOL        B
  D:0083H         SYMBOL        DPH
  D:0082H         SYMBOL        DPL
  N:0000H         SYMBOL        IBPSTACK
  N:0100H         SYMBOL        IBPSTACKTOP
  N:0080H         SYMBOL        IDATALEN
  C:325DH         SYMBOL        IDATALOOP
  N:0000H         SYMBOL        PBPSTACK
  N:0100H         SYMBOL        PBPSTACKTOP
  N:0000H         SYMBOL        PDATALEN
  N:0000H         SYMBOL        PDATASTART
  N:0000H         SYMBOL        PPAGE
  N:0000H         SYMBOL        PPAGEENABLE
BL51 BANKED LINKER/LOCATER V6.22.2.0                                                  04/30/2022  15:41:03  PAGE 8


  D:00A0H         SYMBOL        PPAGE_SFR
  D:0081H         SYMBOL        SP
  C:325AH         SYMBOL        STARTUP1
  N:0000H         SYMBOL        XBPSTACK
  N:0000H         SYMBOL        XBPSTACKTOP
  N:0000H         SYMBOL        XDATALEN
  N:0000H         SYMBOL        XDATASTART
  C:0000H         LINE#         126
  C:325AH         LINE#         133
  C:325CH         LINE#         134
  C:325DH         LINE#         135
  C:325EH         LINE#         136
  C:3260H         LINE#         185
  C:3263H         LINE#         196
  -------         ENDMOD        ?C_STARTUP

  -------         MODULE        MAIN
  C:0000H         SYMBOL        _ICE_DUMMY_
  D:0093H         PUBLIC        P0M1
  D:0092H         PUBLIC        P1M0
  D:0096H         PUBLIC        P2M0
  D:0091H         PUBLIC        P1M1
  D:0080H         PUBLIC        P0
  D:00B2H         PUBLIC        P3M0
  D:0095H         PUBLIC        P2M1
  D:0090H         PUBLIC        P1
  D:00B4H         PUBLIC        P4M0
  D:00B1H         PUBLIC        P3M1
  D:00A0H         PUBLIC        P2
  D:00CAH         PUBLIC        P5M0
  D:00B3H         PUBLIC        P4M1
  D:00B0H         PUBLIC        P3
  D:00C9H         PUBLIC        P5M1
  D:00C0H         PUBLIC        P4
  D:00C8H         PUBLIC        P5
  D:00E8H         PUBLIC        P6
  D:00F8H         PUBLIC        P7
  D:00A8H         PUBLIC        IE
  X:0000H         PUBLIC        FUYAOSHIJIAN
  D:00B8H         PUBLIC        IP
  X:0001H         PUBLIC        flag
  B:00B0H.7       PUBLIC        BEEP
  C:3CA1H         PUBLIC        _find_string
  C:2AAAH         PUBLIC        _strrpc
  D:00D8H         PUBLIC        CCON
  C:0AF4H         PUBLIC        main
  C:306DH         PUBLIC        _SubString
  X:0002H         PUBLIC        tick
  D:0099H         PUBLIC        SBUF
  X:0004H         PUBLIC        ptrqueue1
  X:0007H         PUBLIC        ptrqueue2
  B:0090H.2       PUBLIC        P12
  D:0098H         PUBLIC        SCON
  B:00B0H.2       PUBLIC        P32
  D:0088H         PUBLIC        TCON
  B:00A0H.4       PUBLIC        P24
  B:00B0H.7       PUBLIC        P37
BL51 BANKED LINKER/LOCATER V6.22.2.0                                                  04/30/2022  15:41:03  PAGE 9


  C:24E0H         SYMBOL        _?ix1000
  X:000AH         PUBLIC        tickflag
  C:3D20H         PUBLIC        uart1_receive_callback
  X:000CH         PUBLIC        QINGSHUJUSHIJIAN
  C:3D47H         PUBLIC        uart2_receive_callback
  X:000DH         PUBLIC        flag2
  X:000EH         PUBLIC        DUISHISHIJIAN
  X:000FH         PUBLIC        queue1
  X:0093H         PUBLIC        queue2
  X:0117H         PUBLIC        line1
  X:0197H         PUBLIC        line2
  C:336DH         PUBLIC        _ESP8266_send_cmd
  D:009BH         PUBLIC        S2BUF
  X:0217H         PUBLIC        i
  X:0219H         PUBLIC        temp1
  X:021AH         PUBLIC        temp2
  X:021BH         PUBLIC        YIFUYAOCUNCHU
  X:021CH         PUBLIC        FUYAOSHIJIANFENZHONG
  D:00D0H         PUBLIC        PSW
  C:380CH         PUBLIC        fun1
  D:0094H         PUBLIC        P0M0
  -------         PROC          L?0070
  -------         ENDPROC       L?0070
  -------         PROC          _FIND_STRING
  D:0001H         SYMBOL        line
  X:0438H         SYMBOL        p
  C:3CA1H         LINE#         23
  C:3CA1H         LINE#         24
  C:3CA1H         LINE#         25
  C:3CC6H         LINE#         26
  C:3CC6H         LINE#         27
  C:3CC9H         LINE#         28
  C:3CC9H         LINE#         30
  C:3CC9H         LINE#         31
  C:3CCBH         LINE#         32
  C:3CCBH         LINE#         33
  -------         ENDPROC       _FIND_STRING
  -------         PROC          _STRRPC
  X:0528H         SYMBOL        str
  X:052BH         SYMBOL        oldstr
  X:052EH         SYMBOL        newstr
  -------         DO            
  X:0531H         SYMBOL        bstr
  X:0551H         SYMBOL        i
  -------         ENDDO         
  C:2AAAH         LINE#         40
  C:2AB5H         LINE#         42
  C:2ABAH         LINE#         43
  C:2AC7H         LINE#         45
  C:2AE7H         LINE#         46
  C:2B38H         LINE#         47
  C:2B56H         LINE#         48
  C:2B6DH         LINE#         49
  C:2B6FH         LINE#         50
  C:2BA0H         LINE#         51
  C:2BA0H         LINE#         52
  C:2BA9H         LINE#         54
BL51 BANKED LINKER/LOCATER V6.22.2.0                                                  04/30/2022  15:41:03  PAGE 10


  C:2BC1H         LINE#         55
  C:2BCCH         LINE#         56
  -------         ENDPROC       _STRRPC
  -------         PROC          _SUBSTRING
  X:0552H         SYMBOL        p
  X:0555H         SYMBOL        dst
  X:0558H         SYMBOL        index
  -------         DO            
  X:055AH         SYMBOL        bstr
  X:057AH         SYMBOL        i
  -------         ENDDO         
  C:306DH         LINE#         57
  C:3078H         LINE#         58
  C:3078H         LINE#         60
  C:307DH         LINE#         61
  C:308AH         LINE#         63
  C:30B1H         LINE#         64
  C:30B1H         LINE#         65
  C:30ECH         LINE#         66
  C:30F4H         LINE#         68
  C:310CH         LINE#         69
  C:3117H         LINE#         72
  -------         ENDPROC       _SUBSTRING
  -------         PROC          _ESP8266_SEND_CMD
  X:042BH         SYMBOL        b
  X:042EH         SYMBOL        a
  X:0431H         SYMBOL        times
  X:0432H         SYMBOL        wait_time
  -------         DO            
  X:0434H         SYMBOL        i
  -------         ENDDO         
  C:336DH         LINE#         74
  C:3378H         LINE#         75
  C:3378H         LINE#         76
  C:337DH         LINE#         77
  C:338AH         LINE#         78
  C:338AH         LINE#         79
  C:339AH         LINE#         80
  C:33A5H         LINE#         82
  C:33B0H         LINE#         83
  C:33CCH         LINE#         84
  C:33E5H         LINE#         85
  C:33E5H         LINE#         86
  C:33E8H         LINE#         87
  C:33E8H         LINE#         88
  C:33EEH         LINE#         89
  C:33F0H         LINE#         90
  C:33F2H         LINE#         91
  -------         ENDPROC       _ESP8266_SEND_CMD
  -------         PROC          FUN1
  C:380CH         LINE#         93
  C:3823H         LINE#         95
  C:3831H         LINE#         96
  C:3844H         LINE#         97
  C:3844H         LINE#         98
  C:384BH         LINE#         99
  C:384BH         LINE#         104
BL51 BANKED LINKER/LOCATER V6.22.2.0                                                  04/30/2022  15:41:03  PAGE 11


  -------         ENDPROC       FUN1
  -------         PROC          MAIN
  -------         DO            
  X:041EH         SYMBOL        times
  X:0420H         SYMBOL        len
  X:0422H         SYMBOL        yifuyao
  B:0020H.0       SYMBOL        yiduishi
  X:0423H         SYMBOL        time
  X:0425H         SYMBOL        beep
  X:0426H         SYMBOL        year
  X:0428H         SYMBOL        BYTEYEAR
  X:0429H         SYMBOL        secondstick
  -------         ENDDO         
  C:0AF4H         LINE#         105
  C:0AF4H         LINE#         107
  C:0AFBH         LINE#         108
  C:0AFFH         LINE#         109
  C:0B01H         LINE#         110
  C:0B03H         LINE#         111
  C:0B15H         LINE#         112
  C:0B1AH         LINE#         113
  C:0B1EH         LINE#         114
  C:0B20H         LINE#         115
  C:0B24H         LINE#         118
  C:0B26H         LINE#         119
  C:0B29H         LINE#         120
  C:0B2BH         LINE#         121
  C:0B2FH         LINE#         126
  C:0B32H         LINE#         127
  C:0B35H         LINE#         128
  C:0B38H         LINE#         129
  C:0B3BH         LINE#         130
  C:0B3EH         LINE#         131
  C:0B41H         LINE#         132
  C:0B44H         LINE#         133
  C:0B47H         LINE#         134
  C:0B4AH         LINE#         135
  C:0B4DH         LINE#         136
  C:0B50H         LINE#         137
  C:0B53H         LINE#         139
  C:0B56H         LINE#         140
  C:0B59H         LINE#         142
  C:0B5CH         LINE#         143
  C:0B5FH         LINE#         145
  C:0B62H         LINE#         146
  C:0B65H         LINE#         148
  C:0B68H         LINE#         149
  C:0B6BH         LINE#         151
  C:0B6EH         LINE#         152
  C:0B71H         LINE#         160
  C:0B74H         LINE#         161
  C:0B77H         LINE#         162
  C:0B7AH         LINE#         163
  C:0B7FH         LINE#         164
  C:0B88H         LINE#         165
  C:0B8BH         LINE#         167
  C:0B96H         LINE#         168
BL51 BANKED LINKER/LOCATER V6.22.2.0                                                  04/30/2022  15:41:03  PAGE 12


  C:0BA2H         LINE#         169
  C:0BAEH         LINE#         170
  C:0BBAH         LINE#         171
  C:0BCDH         LINE#         172
  C:0BDFH         LINE#         173
  C:0BEAH         LINE#         174
  C:0BF3H         LINE#         178
  C:0C01H         LINE#         179
  C:0C0DH         LINE#         180
  C:0C1BH         LINE#         181
  C:0C29H         LINE#         183
  C:0C34H         LINE#         184
  C:0C3FH         LINE#         185
  C:0C4AH         LINE#         186
  C:0C55H         LINE#         187
  C:0C60H         LINE#         189
  C:0C6BH         LINE#         190
  C:0C7AH         LINE#         191
  C:0C81H         LINE#         192
  C:0CA0H         LINE#         193
  C:0CADH         LINE#         197
  C:0CD5H         LINE#         198
  C:0CD5H         LINE#         199
  C:0CD9H         LINE#         200
  C:0CDBH         LINE#         202
  C:0CDBH         LINE#         203
  C:0CE4H         LINE#         204
  C:0CE4H         LINE#         206
  C:0CEBH         LINE#         208
  C:0CF6H         LINE#         210
  C:0D0BH         LINE#         212
  C:0D0BH         LINE#         213
  C:0D0BH         LINE#         215
  C:0D18H         LINE#         216
  C:0D18H         LINE#         217
  C:0D1FH         LINE#         218
  C:0D27H         LINE#         219
  C:0D50H         LINE#         220
  C:0D5EH         LINE#         221
  C:0D78H         LINE#         222
  C:0D7AH         LINE#         223
  C:0D89H         LINE#         224
  C:0D89H         LINE#         225
  C:0D94H         LINE#         226
  C:0D94H         LINE#         234
  C:0D9CH         LINE#         235
  C:0D9CH         LINE#         236
  C:0DA1H         LINE#         237
  C:0DB5H         LINE#         238
  C:0DBBH         LINE#         239
  C:0DBBH         LINE#         240
  C:0DBDH         LINE#         241
  C:0DD8H         LINE#         242
  C:0DD8H         LINE#         244
  C:0DD8H         LINE#         245
  C:0DEBH         LINE#         246
  C:0DEBH         LINE#         247
BL51 BANKED LINKER/LOCATER V6.22.2.0                                                  04/30/2022  15:41:03  PAGE 13


  C:0E00H         LINE#         248
  C:0E06H         LINE#         249
  C:0E06H         LINE#         250
  C:0E0BH         LINE#         252
  C:0E0DH         LINE#         254
  C:0E13H         LINE#         255
  C:0E16H         LINE#         256
  C:0E16H         LINE#         257
  C:0E1DH         LINE#         258
  C:0E20H         LINE#         259
  C:0E20H         LINE#         260
  C:0E21H         LINE#         261
  C:0E27H         LINE#         262
  C:0E42H         LINE#         263
  C:0E42H         LINE#         264
  C:0E42H         LINE#         265
  C:0E44H         LINE#         267
  C:0E46H         LINE#         268
  C:0E4BH         LINE#         269
  C:0E4BH         LINE#         270
  C:0E51H         LINE#         271
  C:0E51H         LINE#         272
  C:0E53H         LINE#         273
  C:0E55H         LINE#         274
  C:0E57H         LINE#         276
  C:0E57H         LINE#         278
  C:0E67H         LINE#         279
  C:0E67H         LINE#         280
  C:0E6AH         LINE#         281
  C:0E75H         LINE#         282
  C:0E91H         LINE#         283
  C:0EA6H         LINE#         284
  C:0EA6H         LINE#         285
  C:0EBDH         LINE#         286
  C:0EE5H         LINE#         287
  C:0EE5H         LINE#         288
  C:0EF8H         LINE#         289
  C:0F02H         LINE#         290
  C:0F02H         LINE#         291
  C:0F18H         LINE#         292
  C:0F27H         LINE#         293
  C:0F35H         LINE#         294
  C:0F5AH         LINE#         295
  C:0F68H         LINE#         296
  C:0F70H         LINE#         297
  C:0F73H         LINE#         298
  C:0F88H         LINE#         299
  C:0F8FH         LINE#         300
  C:0F94H         LINE#         301
  C:0F96H         LINE#         302
  C:0FAAH         LINE#         303
  C:0FD6H         LINE#         304
  C:0FE1H         LINE#         305
  C:0FE1H         LINE#         306
  C:0FE1H         LINE#         307
  C:0FE1H         LINE#         309
  C:0FF0H         LINE#         310
BL51 BANKED LINKER/LOCATER V6.22.2.0                                                  04/30/2022  15:41:03  PAGE 14


  C:0FF0H         LINE#         311
  C:1000H         LINE#         312
  C:1000H         LINE#         313
  C:1003H         LINE#         314
  C:101FH         LINE#         315
  C:102AH         LINE#         317
  C:103FH         LINE#         318
  C:103FH         LINE#         319
  C:104AH         LINE#         320
  C:1055H         LINE#         321
  C:1066H         LINE#         322
  C:107CH         LINE#         323
  C:108BH         LINE#         324
  C:1096H         LINE#         326
  C:10ACH         LINE#         327
  C:10BBH         LINE#         328
  C:10C6H         LINE#         330
  C:10DCH         LINE#         331
  C:10EBH         LINE#         332
  C:10F6H         LINE#         334
  C:110CH         LINE#         335
  C:111BH         LINE#         336
  C:1126H         LINE#         339
  C:113CH         LINE#         340
  C:114BH         LINE#         341
  C:1159H         LINE#         343
  C:115CH         LINE#         344
  C:1162H         LINE#         346
  C:1177H         LINE#         347
  C:118AH         LINE#         349
  C:1199H         LINE#         350
  C:1199H         LINE#         351
  C:11A5H         LINE#         352
  C:11A5H         LINE#         353
  C:11AEH         LINE#         354
  C:11B9H         LINE#         355
  C:11B9H         LINE#         356
  C:11B9H         LINE#         359
  C:11B9H         LINE#         360
  C:11C8H         LINE#         361
  C:11C8H         LINE#         363
  -------         ENDPROC       MAIN
  -------         PROC          UART1_RECEIVE_CALLBACK
  C:3D20H         LINE#         366
  C:3D20H         LINE#         367
  C:3D20H         LINE#         368
  C:3D26H         LINE#         369
  C:3D39H         LINE#         371
  C:3D40H         LINE#         372
  C:3D40H         LINE#         373
  C:3D46H         LINE#         374
  C:3D46H         LINE#         375
  -------         ENDPROC       UART1_RECEIVE_CALLBACK
  -------         PROC          UART2_RECEIVE_CALLBACK
  C:3D47H         LINE#         377
  C:3D47H         LINE#         378
  C:3D47H         LINE#         379
BL51 BANKED LINKER/LOCATER V6.22.2.0                                                  04/30/2022  15:41:03  PAGE 15


  C:3D4DH         LINE#         380
  C:3D60H         LINE#         382
  C:3D67H         LINE#         383
  C:3D67H         LINE#         384
  C:3D6DH         LINE#         385
  C:3D6DH         LINE#         386
  -------         ENDPROC       UART2_RECEIVE_CALLBACK
  -------         ENDMOD        MAIN

  -------         MODULE        DS1302
  C:0000H         SYMBOL        _ICE_DUMMY_
  C:38B4H         PUBLIC        _DS1302_SetTime
  D:00A0H         PUBLIC        P2
  C:3E25H         PUBLIC        DS1302_Initial
  B:00A0H.6       PUBLIC        IO
  B:00D0H.7       PUBLIC        CY
  B:00A0H.7       PUBLIC        SCLK
  D:0008H         PUBLIC        init
  C:3F45H         PUBLIC        _DS1302_ReadData
  C:3EF2H         PUBLIC        _DS1302_WriteData
  C:3DBBH         PUBLIC        DS1302_ReadByte
  D:000FH         PUBLIC        now
  C:3C72H         PUBLIC        _DS1302_WriteByte
  C:3F72H         PUBLIC        Delay
  C:3A32H         PUBLIC        _DS1302_GetTime
  B:00A0H.5       PUBLIC        RST
  C:3E9EH         PUBLIC        _BcdToInt
  C:3EB7H         PUBLIC        _IntToBcd
  -------         PROC          DELAY
  C:3F72H         LINE#         33
  C:3F72H         LINE#         34
  C:3F72H         LINE#         35
  C:3F73H         LINE#         36
  C:3F74H         LINE#         37
  -------         ENDPROC       DELAY
  -------         PROC          DS1302_READBYTE
  -------         DO            
  D:0006H         SYMBOL        i
  D:0007H         SYMBOL        dat
  -------         ENDDO         
  C:3DBBH         LINE#         42
  C:3DBBH         LINE#         43
  C:3DBBH         LINE#         45
  C:3DBDH         LINE#         47
  C:3DC8H         LINE#         48
  C:3DC8H         LINE#         49
  C:3DCAH         LINE#         50
  C:3DCDH         LINE#         51
  C:3DD1H         LINE#         52
  C:3DD7H         LINE#         53
  C:3DD9H         LINE#         54
  C:3DDCH         LINE#         55
  C:3DDFH         LINE#         57
  C:3DDFH         LINE#         58
  -------         ENDPROC       DS1302_READBYTE
  -------         PROC          L?0022
  -------         ENDPROC       L?0022
BL51 BANKED LINKER/LOCATER V6.22.2.0                                                  04/30/2022  15:41:03  PAGE 16


  -------         PROC          _DS1302_WRITEBYTE
  D:0007H         SYMBOL        dat
  -------         DO            
  D:0006H         SYMBOL        i
  -------         ENDDO         
  C:3C72H         LINE#         63
  C:3C72H         LINE#         64
  C:3C72H         LINE#         67
  C:3C85H         LINE#         68
  C:3C85H         LINE#         69
  C:3C87H         LINE#         70
  C:3C8AH         LINE#         71
  C:3C8EH         LINE#         72
  C:3C90H         LINE#         73
  C:3C92H         LINE#         74
  C:3C95H         LINE#         75
  C:3C98H         LINE#         76
  -------         ENDPROC       _DS1302_WRITEBYTE
  -------         PROC          _DS1302_READDATA
  D:0007H         SYMBOL        addr
  -------         DO            
  D:0007H         SYMBOL        dat
  -------         ENDDO         
  C:3F45H         LINE#         81
  C:3F45H         LINE#         82
  C:3F45H         LINE#         85
  C:3F45H         LINE#         86
  C:3F45H         LINE#         87
  C:3F45H         LINE#         88
  C:3F45H         LINE#         89
  C:3F45H         LINE#         90
  C:3F45H         LINE#         91
  C:3F48H         LINE#         92
  C:3F4BH         LINE#         93
  C:3F4DH         LINE#         94
  C:3F4FH         LINE#         96
  C:3F4FH         LINE#         97
  -------         ENDPROC       _DS1302_READDATA
  -------         PROC          _DS1302_WRITEDATA
  D:0007H         SYMBOL        addr
  D:0003H         SYMBOL        dat
  C:3EF2H         LINE#         102
  C:3EF4H         LINE#         103
  C:3EF4H         LINE#         104
  C:3EF4H         LINE#         105
  C:3EF4H         LINE#         106
  C:3EF4H         LINE#         107
  C:3EF4H         LINE#         108
  C:3EF4H         LINE#         109
  C:3EF4H         LINE#         110
  C:3EF7H         LINE#         111
  C:3EFCH         LINE#         112
  C:3EFEH         LINE#         113
  C:3F00H         LINE#         114
  -------         ENDPROC       _DS1302_WRITEDATA
  -------         PROC          _DS1302_SETTIME
  X:042BH         SYMBOL        p
BL51 BANKED LINKER/LOCATER V6.22.2.0                                                  04/30/2022  15:41:03  PAGE 17


  -------         DO            
  X:042EH         SYMBOL        addr
  X:042FH         SYMBOL        n
  -------         ENDDO         
  C:38B4H         LINE#         119
  C:38BFH         LINE#         120
  C:38BFH         LINE#         121
  C:38C3H         LINE#         122
  C:38C7H         LINE#         124
  C:38CEH         LINE#         125
  C:38D8H         LINE#         126
  C:38D8H         LINE#         127
  C:38F9H         LINE#         128
  C:38FDH         LINE#         129
  C:38FFH         LINE#         130
  -------         ENDPROC       _DS1302_SETTIME
  -------         PROC          _BCDTOINT
  D:0001H         SYMBOL        bcd
  -------         DO            
  D:0006H         SYMBOL        k
  -------         ENDDO         
  C:3E9EH         LINE#         132
  C:3EA0H         LINE#         133
  C:3EA0H         LINE#         134
  C:3EA2H         LINE#         135
  C:3EA7H         LINE#         136
  C:3EAEH         LINE#         137
  C:3EB6H         LINE#         138
  C:3EB6H         LINE#         139
  -------         ENDPROC       _BCDTOINT
  -------         PROC          _INTTOBCD
  D:0007H         SYMBOL        d
  -------         DO            
  D:0006H         SYMBOL        c
  -------         ENDDO         
  C:3EB7H         LINE#         141
  C:3EB7H         LINE#         142
  C:3EB7H         LINE#         143
  C:3EB8H         LINE#         144
  C:3EC1H         LINE#         145
  C:3EC9H         LINE#         146
  C:3ECCH         LINE#         147
  -------         ENDPROC       _INTTOBCD
  -------         PROC          _DS1302_GETTIME
  X:042BH         SYMBOL        p
  -------         DO            
  X:042EH         SYMBOL        addr
  X:042FH         SYMBOL        n
  -------         ENDDO         
  C:3A32H         LINE#         151
  C:3A3DH         LINE#         152
  C:3A3DH         LINE#         153
  C:3A41H         LINE#         154
  C:3A45H         LINE#         156
  C:3A4FH         LINE#         157
  C:3A4FH         LINE#         158
  C:3A6EH         LINE#         159
BL51 BANKED LINKER/LOCATER V6.22.2.0                                                  04/30/2022  15:41:03  PAGE 18


  C:3A75H         LINE#         160
  C:3A77H         LINE#         161
  -------         ENDPROC       _DS1302_GETTIME
  -------         PROC          DS1302_INITIAL
  C:3E25H         LINE#         166
  C:3E25H         LINE#         167
  C:3E25H         LINE#         168
  C:3E27H         LINE#         169
  C:3E29H         LINE#         170
  C:3E30H         LINE#         171
  C:3E37H         LINE#         172
  C:3E3EH         LINE#         173
  -------         ENDPROC       DS1302_INITIAL
  -------         ENDMOD        DS1302

  -------         MODULE        RINGQ
  C:0000H         SYMBOL        _ICE_DUMMY_
  C:3860H         PUBLIC        _Get_Line
  C:36FBH         PUBLIC        _In_Queue
  C:3131H         PUBLIC        _Out_Queue
  C:0026H         PUBLIC        _Is_EmptyQueue
  C:3B7AH         PUBLIC        _Is_FullQueue
  C:3BB7H         PUBLIC        _initQueue
  -------         PROC          _INITQUEUE
  X:042BH         SYMBOL        queue_q
  C:3BB7H         LINE#         8
  C:3BC2H         LINE#         9
  C:3BC2H         LINE#         10
  C:3BD6H         LINE#         11
  -------         ENDPROC       _INITQUEUE
  -------         PROC          _IN_QUEUE
  X:0521H         SYMBOL        queue_q
  X:0524H         SYMBOL        value
  C:36FBH         LINE#         14
  C:370BH         LINE#         15
  C:370BH         LINE#         16
  C:3713H         LINE#         17
  C:3713H         LINE#         18
  C:3732H         LINE#         19
  C:375AH         LINE#         20
  C:375DH         LINE#         21
  C:375DH         LINE#         22
  C:375FH         LINE#         23
  -------         ENDPROC       _IN_QUEUE
  -------         PROC          _IS_FULLQUEUE
  X:0525H         SYMBOL        queue_q
  C:3B7AH         LINE#         25
  C:3B85H         LINE#         26
  C:3B85H         LINE#         27
  C:3BB4H         LINE#         29
  C:3BB6H         LINE#         30
  -------         ENDPROC       _IS_FULLQUEUE
  -------         PROC          _IS_EMPTYQUEUE
  D:0001H         SYMBOL        queue_q
  C:0026H         LINE#         33
  C:0026H         LINE#         34
  C:0026H         LINE#         35
BL51 BANKED LINKER/LOCATER V6.22.2.0                                                  04/30/2022  15:41:03  PAGE 19


  C:0040H         LINE#         36
  C:0042H         LINE#         37
  -------         ENDPROC       _IS_EMPTYQUEUE
  -------         PROC          L?0024
  -------         ENDPROC       L?0024
  -------         PROC          _OUT_QUEUE
  X:043DH         SYMBOL        queue_q
  X:0440H         SYMBOL        value
  C:3131H         LINE#         39
  C:313CH         LINE#         40
  C:313CH         LINE#         41
  C:314FH         LINE#         42
  C:314FH         LINE#         43
  C:3178H         LINE#         44
  C:3192H         LINE#         45
  C:31BAH         LINE#         46
  C:31BDH         LINE#         47
  C:31BDH         LINE#         49
  C:31BDH         LINE#         50
  C:31BFH         LINE#         51
  C:31BFH         LINE#         52
  -------         ENDPROC       _OUT_QUEUE
  -------         PROC          _GET_LINE
  X:0435H         SYMBOL        queue_q
  X:0438H         SYMBOL        str
  -------         DO            
  X:043BH         SYMBOL        temp
  X:043CH         SYMBOL        i
  -------         ENDDO         
  C:3860H         LINE#         54
  C:386BH         LINE#         55
  C:386BH         LINE#         57
  C:3870H         LINE#         58
  C:3879H         LINE#         68
  C:3881H         LINE#         69
  C:3881H         LINE#         70
  C:3883H         LINE#         71
  C:388BH         LINE#         72
  C:388BH         LINE#         73
  C:38AEH         LINE#         74
  C:38AEH         LINE#         75
  C:38AEH         LINE#         76
  C:38B1H         LINE#         77
  C:38B1H         LINE#         78
  C:38B3H         LINE#         80
  -------         ENDPROC       _GET_LINE
  -------         ENDMOD        RINGQ

  -------         MODULE        ECBM_CORE
  C:0000H         SYMBOL        _ICE_DUMMY_
  D:0080H         PUBLIC        P0
  D:0090H         PUBLIC        P1
  D:00A0H         PUBLIC        P2
  D:00B0H         PUBLIC        P3
  D:00C0H         PUBLIC        P4
  D:00C8H         PUBLIC        P5
  B:00A8H.7       PUBLIC        EA
BL51 BANKED LINKER/LOCATER V6.22.2.0                                                  04/30/2022  15:41:03  PAGE 20


  D:00E8H         PUBLIC        P6
  D:00F8H         PUBLIC        P7
  C:34FCH         PUBLIC        _debug
  C:3D95H         PUBLIC        _delay_set_us
  X:057BH         PUBLIC        ecbm_delay_base
  C:24E2H         PUBLIC        system_check
  D:00BAH         PUBLIC        P_SW2
  D:00A8H         PUBLIC        IE
  D:00B8H         PUBLIC        IP
  D:00D8H         PUBLIC        CCON
  X:057DH         PUBLIC        char_count
  D:0099H         PUBLIC        SBUF
  D:0098H         PUBLIC        SCON
  D:0088H         PUBLIC        TCON
  C:1B83H         PUBLIC        system_init
  X:057EH         PUBLIC        old_char
  D:00C7H         PUBLIC        IAP_CONTR
  C:2FB5H         PUBLIC        _system_set_clock
  X:057FH         PUBLIC        fast_cout
  C:3CCCH         PUBLIC        system_uart_reset
  C:3E45H         PUBLIC        _delay_ms
  D:009FH         PUBLIC        IRTRIM
  C:3F50H         PUBLIC        _delay_us
  X:0583H         PUBLIC        ecbm_sys_clk
  D:00D0H         PUBLIC        PSW
  C:3F2DH         PUBLIC        _system_set_div
  -------         PROC          _DELAY_MS
  D:0006H         SYMBOL        ms
  -------         DO            
  D:0004H         SYMBOL        i
  -------         ENDDO         
  C:3E45H         LINE#         24
  C:3E45H         LINE#         26
  C:3E49H         LINE#         27
  C:3E49H         LINE#         28
  C:3E51H         LINE#         29
  C:3E5AH         LINE#         30
  C:3E63H         LINE#         31
  C:3E63H         LINE#         32
  -------         ENDPROC       _DELAY_MS
  -------         PROC          _DELAY_US
  D:0006H         SYMBOL        us
  -------         DO            
  D:0006H         SYMBOL        i
  -------         ENDDO         
  C:3F50H         LINE#         36
  C:3F50H         LINE#         38
  C:3F50H         LINE#         39
  C:3F5AH         LINE#         40
  -------         ENDPROC       _DELAY_US
  -------         PROC          _DELAY_SET_US
  D:0006H         SYMBOL        us
  C:3D95H         LINE#         44
  C:3D95H         LINE#         46
  C:3DAFH         LINE#         47
  C:3DBAH         LINE#         48
  -------         ENDPROC       _DELAY_SET_US
BL51 BANKED LINKER/LOCATER V6.22.2.0                                                  04/30/2022  15:41:03  PAGE 21


  -------         PROC          SYSTEM_UART_RESET
  C:3CCCH         LINE#         58
  C:3CCCH         LINE#         59
  C:3CD4H         LINE#         60
  C:3CD7H         LINE#         61
  C:3CDCH         LINE#         62
  C:3CDEH         LINE#         63
  C:3CE4H         LINE#         64
  C:3CE4H         LINE#         65
  C:3CF1H         LINE#         66
  C:3CF2H         LINE#         67
  C:3CF5H         LINE#         68
  C:3CF6H         LINE#         69
  C:3CF7H         LINE#         70
  C:3CF7H         LINE#         71
  -------         ENDPROC       SYSTEM_UART_RESET
  -------         PROC          SYSTEM_CHECK
  -------         DO            
  X:042FH         SYMBOL        i
  X:0430H         SYMBOL        j
  X:0431H         SYMBOL        aaa
  -------         ENDDO         
  C:24E2H         LINE#         76
  C:24E2H         LINE#         78
  C:24ECH         LINE#         79
  C:2517H         LINE#         80
  C:2529H         LINE#         81
  C:253BH         LINE#         95
  C:2544H         LINE#         121
  C:2549H         LINE#         122
  C:2552H         LINE#         123
  C:2564H         LINE#         124
  C:256DH         LINE#         125
  C:257FH         LINE#         126
  C:2585H         LINE#         127
  C:2585H         LINE#         128
  C:258DH         LINE#         129
  C:2595H         LINE#         130
  C:259BH         LINE#         131
  C:259EH         LINE#         132
  C:25E2H         LINE#         133
  C:25EBH         LINE#         134
  C:25F4H         LINE#         135
  C:2606H         LINE#         136
  C:2619H         LINE#         137
  C:262BH         LINE#         138
  C:2648H         LINE#         139
  C:2651H         LINE#         140
  C:265AH         LINE#         141
  C:2663H         LINE#         142
  C:267BH         LINE#         143
  C:2693H         LINE#         144
  C:2693H         LINE#         145
  -------         ENDPROC       SYSTEM_CHECK
  -------         PROC          L?0160
  -------         ENDPROC       L?0160
  -------         PROC          _DEBUG
BL51 BANKED LINKER/LOCATER V6.22.2.0                                                  04/30/2022  15:41:03  PAGE 22


  X:0433H         SYMBOL        str
  -------         DO            
  X:0436H         SYMBOL        ellipsis_40
  X:045EH         SYMBOL        buf
  X:049EH         SYMBOL        vp
  -------         ENDDO         
  C:34FCH         LINE#         151
  C:3507H         LINE#         154
  C:3515H         LINE#         155
  C:3548H         LINE#         156
  C:3551H         LINE#         157
  -------         ENDPROC       _DEBUG
  -------         PROC          _SYSTEM_SET_CLOCK
  D:0007H         SYMBOL        source
  C:2FB5H         LINE#         166
  C:2FB5H         LINE#         167
  C:2FCFH         LINE#         168
  C:2FCFH         LINE#         169
  C:2FCFH         LINE#         170
  C:2FDCH         LINE#         171
  C:2FE3H         LINE#         172
  C:2FE6H         LINE#         173
  C:2FE6H         LINE#         174
  C:2FE6H         LINE#         175
  C:2FE8H         LINE#         176
  C:2FE8H         LINE#         177
  C:2FF5H         LINE#         178
  C:2FFEH         LINE#         179
  C:3003H         LINE#         180
  C:3007H         LINE#         181
  C:300BH         LINE#         182
  C:300CH         LINE#         183
  C:300CH         LINE#         184
  C:3019H         LINE#         185
  C:3022H         LINE#         186
  C:3027H         LINE#         187
  C:302BH         LINE#         188
  C:302DH         LINE#         189
  C:302EH         LINE#         190
  C:302EH         LINE#         191
  C:303BH         LINE#         192
  C:3044H         LINE#         193
  C:3047H         LINE#         194
  C:3047H         LINE#         195
  C:3047H         LINE#         196
  C:3049H         LINE#         197
  C:3049H         LINE#         198
  C:3056H         LINE#         199
  C:305FH         LINE#         200
  C:3064H         LINE#         201
  C:3068H         LINE#         202
  C:306CH         LINE#         203
  C:306CH         LINE#         204
  C:306CH         LINE#         205
  -------         ENDPROC       _SYSTEM_SET_CLOCK
  -------         PROC          _SYSTEM_SET_DIV
  D:0007H         SYMBOL        div
BL51 BANKED LINKER/LOCATER V6.22.2.0                                                  04/30/2022  15:41:03  PAGE 23


  C:3F2DH         LINE#         206
  C:3F2DH         LINE#         207
  C:3F33H         LINE#         208
  C:3F35H         LINE#         209
  C:3F36H         LINE#         210
  C:3F38H         LINE#         211
  C:3F38H         LINE#         212
  -------         ENDPROC       _SYSTEM_SET_DIV
  -------         PROC          SYSTEM_INIT
  -------         DO            
  X:042BH         SYMBOL        sys_count
  -------         ENDDO         
  C:1B83H         LINE#         216
  C:1B83H         LINE#         223
  C:1B86H         LINE#         233
  C:1BC7H         LINE#         235
  C:1BEBH         LINE#         236
  C:1C07H         LINE#         237
  C:1C11H         LINE#         238
  C:1C30H         LINE#         239
  C:1C3AH         LINE#         240
  C:1C59H         LINE#         241
  C:1C63H         LINE#         242
  C:1C82H         LINE#         243
  C:1C8CH         LINE#         244
  C:1CABH         LINE#         245
  C:1CB5H         LINE#         246
  C:1CD4H         LINE#         247
  C:1CDEH         LINE#         248
  C:1CFDH         LINE#         249
  C:1D07H         LINE#         250
  C:1D26H         LINE#         251
  C:1D30H         LINE#         252
  C:1D4FH         LINE#         253
  C:1D59H         LINE#         254
  C:1D77H         LINE#         255
  C:1D81H         LINE#         256
  C:1D9FH         LINE#         257
  C:1DA9H         LINE#         258
  C:1DC7H         LINE#         259
  C:1DD1H         LINE#         260
  C:1DD1H         LINE#         270
  C:1DF1H         LINE#         273
  C:1DF6H         LINE#         274
  C:1DFAH         LINE#         275
  C:1DFDH         LINE#         302
  C:1DFFH         LINE#         304
  C:1E06H         LINE#         305
  -------         ENDPROC       SYSTEM_INIT
  -------         ENDMOD        ECBM_CORE

  -------         MODULE        GPIO
  C:0000H         SYMBOL        _ICE_DUMMY_
  D:0093H         PUBLIC        P0M1
  D:0092H         PUBLIC        P1M0
  D:0096H         PUBLIC        P2M0
  D:0091H         PUBLIC        P1M1
BL51 BANKED LINKER/LOCATER V6.22.2.0                                                  04/30/2022  15:41:03  PAGE 24


  D:0080H         PUBLIC        P0
  D:00B2H         PUBLIC        P3M0
  D:0095H         PUBLIC        P2M1
  D:0090H         PUBLIC        P1
  D:00B4H         PUBLIC        P4M0
  D:00B1H         PUBLIC        P3M1
  D:00A0H         PUBLIC        P2
  D:00CAH         PUBLIC        P5M0
  D:00B3H         PUBLIC        P4M1
  D:00B0H         PUBLIC        P3
  D:00CCH         PUBLIC        P6M0
  D:00C9H         PUBLIC        P5M1
  D:00C0H         PUBLIC        P4
  D:00E2H         PUBLIC        P7M0
  D:00CBH         PUBLIC        P6M1
  D:00C8H         PUBLIC        P5
  D:00E8H         PUBLIC        P6
  D:00E1H         PUBLIC        P7M1
  D:00F8H         PUBLIC        P7
  D:00A8H         PUBLIC        IE
  C:35C7H         PUBLIC        _gpio_toggle
  D:00B8H         PUBLIC        IP
  D:00D8H         PUBLIC        CCON
  C:3A78H         PUBLIC        _gpio_toggle_fast
  C:3ABDH         PUBLIC        _gpio_read
  D:0098H         PUBLIC        SCON
  D:0088H         PUBLIC        TCON
  C:2CA8H         PUBLIC        _gpio_uppull
  C:1E09H         PUBLIC        _gpio_mode
  C:3AFDH         PUBLIC        _gpio_write
  D:001BH         PUBLIC        ecbm_port
  D:001CH         PUBLIC        ecbm_pin
  C:0003H         PUBLIC        ecbm_pin_mask
  C:3477H         PUBLIC        _gpio_in
  C:2E33H         PUBLIC        _gpio_out
  C:37B7H         PUBLIC        _gpio_in_fast
  D:00D0H         PUBLIC        PSW
  C:31C0H         PUBLIC        _gpio_out_fast
  D:0094H         PUBLIC        P0M0
  -------         PROC          _GPIO_UPPULL
  D:0007H         SYMBOL        pin
  D:0005H         SYMBOL        en
  -------         DO            
  C:2CAAH         SYMBOL        gpio_uppull_end
  -------         ENDDO         
  C:2CA8H         LINE#         10
  C:2CA8H         LINE#         12
  C:2CB0H         LINE#         13
  C:2CB5H         LINE#         14
  C:2CBFH         LINE#         15
  C:2CCCH         LINE#         17
  C:2CCCH         LINE#         19
  C:2CCFH         LINE#         20
  C:2CF1H         LINE#         22
  C:2CF6H         LINE#         25
  C:2CFBH         LINE#         28
  C:2D00H         LINE#         31
BL51 BANKED LINKER/LOCATER V6.22.2.0                                                  04/30/2022  15:41:03  PAGE 25


  C:2D05H         LINE#         34
  C:2D0AH         LINE#         37
  C:2D0FH         LINE#         40
  C:2D14H         LINE#         43
  C:2D1CH         LINE#         45
  C:2D1CH         LINE#         46
  C:2D1CH         LINE#         47
  C:2D1CH         LINE#         48
  C:2D3EH         LINE#         50
  C:2D43H         LINE#         53
  C:2D48H         LINE#         56
  C:2D4DH         LINE#         59
  C:2D52H         LINE#         62
  C:2D57H         LINE#         65
  C:2D5CH         LINE#         68
  C:2D61H         LINE#         71
  C:2D6DH         LINE#         73
  C:2D6DH         LINE#         74
  C:2D6DH         LINE#         75
  C:2D6DH         LINE#         76
  C:2D6DH         LINE#         77
  -------         ENDPROC       _GPIO_UPPULL
  -------         PROC          _GPIO_MODE
  D:0007H         SYMBOL        pin
  D:0005H         SYMBOL        mode
  -------         DO            
  C:1E25H         SYMBOL        gpio_mode_end
  -------         ENDDO         
  C:1E09H         LINE#         83
  C:1E09H         LINE#         85
  C:1E11H         LINE#         86
  C:1E16H         LINE#         87
  C:1E20H         LINE#         88
  C:1E2DH         LINE#         90
  C:1E2DH         LINE#         91
  C:1E52H         LINE#         93
  C:1E57H         LINE#         96
  C:1E5CH         LINE#         99
  C:1E61H         LINE#         102
  C:1E66H         LINE#         105
  C:1E6BH         LINE#         108
  C:1E70H         LINE#         111
  C:1E75H         LINE#         114
  C:1E78H         LINE#         116
  C:1E78H         LINE#         117
  C:1E78H         LINE#         119
  C:1E86H         LINE#         121
  C:1E86H         LINE#         123
  C:1E8AH         LINE#         124
  C:1E94H         LINE#         125
  C:1EA2H         LINE#         126
  C:1EB2H         LINE#         127
  C:1EC1H         LINE#         128
  C:1EC1H         LINE#         131
  C:1EC7H         LINE#         132
  C:1ED4H         LINE#         133
  C:1EE3H         LINE#         134
BL51 BANKED LINKER/LOCATER V6.22.2.0                                                  04/30/2022  15:41:03  PAGE 26


  C:1EF0H         LINE#         135
  C:1EFEH         LINE#         136
  C:1EFEH         LINE#         139
  C:1F04H         LINE#         140
  C:1F11H         LINE#         141
  C:1F20H         LINE#         142
  C:1F2DH         LINE#         143
  C:1F3BH         LINE#         144
  C:1F3BH         LINE#         147
  C:1F41H         LINE#         148
  C:1F4EH         LINE#         149
  C:1F5DH         LINE#         150
  C:1F6AH         LINE#         151
  C:1F78H         LINE#         152
  C:1F78H         LINE#         155
  C:1F7EH         LINE#         156
  C:1F8BH         LINE#         157
  C:1F9AH         LINE#         158
  C:1FA7H         LINE#         159
  C:1FB5H         LINE#         160
  C:1FB5H         LINE#         163
  C:1FBBH         LINE#         164
  C:1FC8H         LINE#         165
  C:1FD7H         LINE#         166
  C:1FE4H         LINE#         167
  C:1FF2H         LINE#         168
  C:1FF2H         LINE#         171
  C:1FF8H         LINE#         172
  C:2005H         LINE#         173
  C:2014H         LINE#         174
  C:2021H         LINE#         175
  C:202FH         LINE#         176
  C:202FH         LINE#         179
  C:2035H         LINE#         180
  C:2042H         LINE#         181
  C:2051H         LINE#         182
  C:205EH         LINE#         183
  C:206CH         LINE#         184
  C:206CH         LINE#         186
  C:206CH         LINE#         187
  -------         ENDPROC       _GPIO_MODE
  -------         PROC          _GPIO_WRITE
  D:0007H         SYMBOL        port
  D:0005H         SYMBOL        dat
  C:3AFDH         LINE#         395
  C:3AFDH         LINE#         396
  C:3B22H         LINE#         398
  C:3B25H         LINE#         401
  C:3B28H         LINE#         404
  C:3B2BH         LINE#         407
  C:3B2EH         LINE#         410
  C:3B31H         LINE#         413
  C:3B34H         LINE#         416
  C:3B37H         LINE#         419
  C:3B3BH         LINE#         421
  C:3B3BH         LINE#         422
  C:3B3BH         LINE#         423
BL51 BANKED LINKER/LOCATER V6.22.2.0                                                  04/30/2022  15:41:03  PAGE 27


  C:3B3BH         LINE#         424
  -------         ENDPROC       _GPIO_WRITE
  -------         PROC          _GPIO_READ
  D:0007H         SYMBOL        port
  C:3ABDH         LINE#         430
  C:3ABDH         LINE#         431
  C:3AE2H         LINE#         433
  C:3AE5H         LINE#         436
  C:3AE8H         LINE#         439
  C:3AEBH         LINE#         442
  C:3AEEH         LINE#         445
  C:3AF1H         LINE#         448
  C:3AF4H         LINE#         451
  C:3AF7H         LINE#         454
  C:3AFAH         LINE#         456
  C:3AFAH         LINE#         457
  C:3AFCH         LINE#         458
  C:3AFCH         LINE#         459
  -------         ENDPROC       _GPIO_READ
  -------         PROC          _GPIO_OUT
  D:0007H         SYMBOL        pin
  D:0005H         SYMBOL        value
  -------         DO            
  C:2E9EH         SYMBOL        gpio_out_end
  -------         ENDDO         
  C:2E33H         LINE#         465
  C:2E33H         LINE#         467
  C:2E3BH         LINE#         468
  C:2E40H         LINE#         469
  C:2E4AH         LINE#         470
  C:2E57H         LINE#         472
  C:2E57H         LINE#         474
  C:2E5AH         LINE#         475
  C:2E7CH         LINE#         477
  C:2E81H         LINE#         480
  C:2E86H         LINE#         483
  C:2E8BH         LINE#         486
  C:2E90H         LINE#         489
  C:2E95H         LINE#         492
  C:2E9AH         LINE#         495
  C:2E9FH         LINE#         498
  C:2EA4H         LINE#         500
  C:2EA4H         LINE#         501
  C:2EA4H         LINE#         502
  C:2EA4H         LINE#         503
  C:2EC6H         LINE#         505
  C:2ECCH         LINE#         508
  C:2ED2H         LINE#         511
  C:2ED8H         LINE#         514
  C:2EDEH         LINE#         517
  C:2EE4H         LINE#         520
  C:2EEAH         LINE#         523
  C:2EF0H         LINE#         526
  C:2EF5H         LINE#         528
  C:2EF5H         LINE#         529
  C:2EF5H         LINE#         530
  C:2EF5H         LINE#         531
BL51 BANKED LINKER/LOCATER V6.22.2.0                                                  04/30/2022  15:41:03  PAGE 28


  C:2EF5H         LINE#         532
  -------         ENDPROC       _GPIO_OUT
  -------         PROC          _GPIO_IN
  D:0007H         SYMBOL        pin
  -------         DO            
  D:001DH         SYMBOL        value
  -------         ENDDO         
  C:3477H         LINE#         538
  C:3477H         LINE#         541
  C:347EH         LINE#         542
  C:3483H         LINE#         543
  C:348DH         LINE#         544
  C:3497H         LINE#         545
  C:349AH         LINE#         546
  C:349AH         LINE#         548
  C:34BCH         LINE#         550
  C:34C1H         LINE#         553
  C:34C6H         LINE#         556
  C:34CBH         LINE#         559
  C:34D0H         LINE#         562
  C:34D5H         LINE#         565
  C:34DAH         LINE#         568
  C:34DFH         LINE#         571
  C:34E2H         LINE#         573
  C:34E2H         LINE#         574
  C:34E2H         LINE#         575
  C:34EBH         LINE#         576
  C:34EDH         LINE#         577
  -------         ENDPROC       _GPIO_IN
  -------         PROC          _GPIO_TOGGLE
  D:0007H         SYMBOL        pin
  -------         DO            
  C:365BH         SYMBOL        gpio_toggle_end
  -------         ENDDO         
  C:35C7H         LINE#         583
  C:35C7H         LINE#         585
  C:35CCH         LINE#         586
  C:35D1H         LINE#         587
  C:35DBH         LINE#         588
  C:35E5H         LINE#         590
  C:35E5H         LINE#         592
  C:3607H         LINE#         594
  C:360CH         LINE#         597
  C:3611H         LINE#         600
  C:3616H         LINE#         603
  C:361BH         LINE#         606
  C:3620H         LINE#         609
  C:3625H         LINE#         612
  C:362AH         LINE#         615
  C:362EH         LINE#         617
  C:362EH         LINE#         618
  C:362EH         LINE#         619
  C:362EH         LINE#         620
  -------         ENDPROC       _GPIO_TOGGLE
  -------         PROC          _GPIO_TOGGLE_FAST
  D:0007H         SYMBOL        port
  D:0005H         SYMBOL        pin
BL51 BANKED LINKER/LOCATER V6.22.2.0                                                  04/30/2022  15:41:03  PAGE 29


  C:3A78H         LINE#         628
  C:3A78H         LINE#         629
  C:3A9DH         LINE#         631
  C:3AA1H         LINE#         634
  C:3AA5H         LINE#         637
  C:3AA9H         LINE#         640
  C:3AADH         LINE#         643
  C:3AB1H         LINE#         646
  C:3AB5H         LINE#         649
  C:3AB9H         LINE#         652
  C:3ABCH         LINE#         654
  C:3ABCH         LINE#         655
  C:3ABCH         LINE#         656
  -------         ENDPROC       _GPIO_TOGGLE_FAST
  -------         PROC          _GPIO_OUT_FAST
  D:0001H         SYMBOL        port
  D:0005H         SYMBOL        pin
  D:0003H         SYMBOL        val
  C:31C0H         LINE#         662
  C:31C2H         LINE#         663
  C:31C5H         LINE#         664
  C:31EDH         LINE#         666
  C:31F1H         LINE#         669
  C:31F5H         LINE#         672
  C:31F9H         LINE#         675
  C:31FDH         LINE#         678
  C:3201H         LINE#         681
  C:3205H         LINE#         684
  C:3209H         LINE#         687
  C:320DH         LINE#         689
  C:320DH         LINE#         690
  C:320DH         LINE#         691
  C:320DH         LINE#         692
  C:3232H         LINE#         694
  C:3237H         LINE#         697
  C:323CH         LINE#         700
  C:3241H         LINE#         703
  C:3246H         LINE#         706
  C:324BH         LINE#         709
  C:3250H         LINE#         712
  C:3255H         LINE#         715
  C:3259H         LINE#         717
  C:3259H         LINE#         718
  C:3259H         LINE#         719
  C:3259H         LINE#         720
  -------         ENDPROC       _GPIO_OUT_FAST
  -------         PROC          _GPIO_IN_FAST
  D:0007H         SYMBOL        port
  D:0005H         SYMBOL        pin
  -------         DO            
  D:0006H         SYMBOL        val
  -------         ENDDO         
  C:37B7H         LINE#         726
  C:37B7H         LINE#         728
  C:37DFH         LINE#         730
  C:37E3H         LINE#         733
  C:37E7H         LINE#         736
BL51 BANKED LINKER/LOCATER V6.22.2.0                                                  04/30/2022  15:41:03  PAGE 30


  C:37EBH         LINE#         739
  C:37EFH         LINE#         742
  C:37F3H         LINE#         745
  C:37F7H         LINE#         748
  C:37FBH         LINE#         751
  C:37FFH         LINE#         753
  C:3802H         LINE#         754
  C:3802H         LINE#         755
  C:3809H         LINE#         756
  C:380BH         LINE#         757
  -------         ENDPROC       _GPIO_IN_FAST
  -------         ENDMOD        GPIO

  -------         MODULE        POWER
  C:0000H         SYMBOL        _ICE_DUMMY_
  D:0080H         PUBLIC        P0
  D:0090H         PUBLIC        P1
  D:00A0H         PUBLIC        P2
  D:00B0H         PUBLIC        P3
  D:00C0H         PUBLIC        P4
  D:00C8H         PUBLIC        P5
  D:00E8H         PUBLIC        P6
  D:00F8H         PUBLIC        P7
  D:00A8H         PUBLIC        IE
  D:00B8H         PUBLIC        IP
  D:00D8H         PUBLIC        CCON
  D:0098H         PUBLIC        SCON
  D:0088H         PUBLIC        TCON
  D:00D0H         PUBLIC        PSW
  -------         ENDMOD        POWER

  -------         MODULE        UART
  C:0000H         SYMBOL        _ICE_DUMMY_
  D:0080H         PUBLIC        P0
  D:0090H         PUBLIC        P1
  D:00A0H         PUBLIC        P2
  D:00B0H         PUBLIC        P3
  D:00C0H         PUBLIC        P4
  D:00C8H         PUBLIC        P5
  D:00E8H         PUBLIC        P6
  D:00F8H         PUBLIC        P7
  D:00A2H         PUBLIC        P_SW1
  D:00BAH         PUBLIC        P_SW2
  D:00A8H         PUBLIC        IE
  B:0021H.2       PUBLIC        uart1_busy
  B:0021H.3       PUBLIC        uart2_busy
  B:00A8H.4       PUBLIC        ES
  D:00B8H         PUBLIC        IP
  B:0098H.0       PUBLIC        RI
  B:0098H.1       PUBLIC        TI
  D:00D8H         PUBLIC        CCON
  C:33F3H         PUBLIC        _uart_set_io
  C:399EH         PUBLIC        uart1_it
  C:3906H         PUBLIC        uart2_it
  D:0099H         PUBLIC        SBUF
  D:0087H         PUBLIC        PCON
  D:0098H         PUBLIC        SCON
BL51 BANKED LINKER/LOCATER V6.22.2.0                                                  04/30/2022  15:41:03  PAGE 31


  D:0089H         PUBLIC        TMOD
  D:0088H         PUBLIC        TCON
  C:362FH         PUBLIC        _uart_printf
  C:3C2CH         PUBLIC        _uart_string
  C:3E83H         PUBLIC        _uart_char
  D:00AFH         PUBLIC        IE2
  D:008EH         PUBLIC        AUXR
  C:3F39H         PUBLIC        uart1_io_map
  C:3F41H         PUBLIC        uart2_io_map
  B:00A8H.3       PUBLIC        ET1
  B:0088H.7       PUBLIC        TF1
  D:008DH         PUBLIC        TH1
  B:0098H.3       PUBLIC        TB8
  D:00D6H         PUBLIC        T2H
  D:008BH         PUBLIC        TL1
  D:00D7H         PUBLIC        T2L
  C:3760H         PUBLIC        uart_init
  B:0088H.6       PUBLIC        TR1
  C:3BF3H         PUBLIC        _uart_char_9
  D:009BH         PUBLIC        S2BUF
  D:009AH         PUBLIC        S2CON
  C:3953H         PUBLIC        _uart_set_baud
  D:00D0H         PUBLIC        PSW
  -------         PROC          UART_INIT
  C:3760H         LINE#         156
  C:3760H         LINE#         158
  C:3763H         LINE#         159
  C:3766H         LINE#         160
  C:3769H         LINE#         161
  C:3770H         LINE#         162
  C:377FH         LINE#         168
  C:3782H         LINE#         169
  C:3785H         LINE#         170
  C:3787H         LINE#         171
  C:378BH         LINE#         177
  C:378DH         LINE#         178
  C:378FH         LINE#         182
  C:3792H         LINE#         183
  C:3799H         LINE#         184
  C:37A8H         LINE#         185
  C:37ABH         LINE#         186
  C:37AEH         LINE#         187
  C:37B1H         LINE#         188
  C:37B3H         LINE#         189
  C:37B6H         LINE#         225
  -------         ENDPROC       UART_INIT
  -------         PROC          _UART_SET_IO
  D:0007H         SYMBOL        id
  X:042FH         SYMBOL        io
  C:33F3H         LINE#         229
  C:33F8H         LINE#         230
  C:3400H         LINE#         232
  C:3400H         LINE#         233
  C:340FH         LINE#         234
  C:3428H         LINE#         235
  C:343AH         LINE#         236
  C:343CH         LINE#         239
BL51 BANKED LINKER/LOCATER V6.22.2.0                                                  04/30/2022  15:41:03  PAGE 32


  C:343CH         LINE#         240
  C:344BH         LINE#         241
  C:345FH         LINE#         242
  C:3476H         LINE#         243
  C:3476H         LINE#         259
  C:3476H         LINE#         260
  -------         ENDPROC       _UART_SET_IO
  -------         PROC          _UART_SET_BAUD
  X:042FH         SYMBOL        id
  X:0430H         SYMBOL        baud
  -------         DO            
  D:0006H         SYMBOL        res
  -------         ENDDO         
  C:3953H         LINE#         264
  C:3958H         LINE#         266
  C:3987H         LINE#         267
  C:3992H         LINE#         269
  C:3992H         LINE#         271
  C:3997H         LINE#         275
  C:3998H         LINE#         278
  C:3998H         LINE#         279
  C:399DH         LINE#         280
  C:399DH         LINE#         300
  C:399DH         LINE#         301
  -------         ENDPROC       _UART_SET_BAUD
  -------         PROC          _UART_CHAR
  D:0007H         SYMBOL        id
  D:0005H         SYMBOL        ch
  C:3E83H         LINE#         305
  C:3E83H         LINE#         306
  C:3E8BH         LINE#         308
  C:3E8BH         LINE#         326
  C:3E8DH         LINE#         327
  C:3E8FH         LINE#         328
  C:3E94H         LINE#         329
  C:3E94H         LINE#         332
  C:3E94H         LINE#         350
  C:3E98H         LINE#         351
  C:3E9AH         LINE#         352
  C:3E9DH         LINE#         353
  C:3E9DH         LINE#         403
  C:3E9DH         LINE#         404
  -------         ENDPROC       _UART_CHAR
  -------         PROC          _UART_CHAR_9
  D:0007H         SYMBOL        id
  D:0005H         SYMBOL        ch
  D:0003H         SYMBOL        bit9
  C:3BF3H         LINE#         408
  C:3BF3H         LINE#         409
  C:3BFBH         LINE#         411
  C:3BFBH         LINE#         412
  C:3BFEH         LINE#         413
  C:3C02H         LINE#         414
  C:3C04H         LINE#         415
  C:3C08H         LINE#         416
  C:3C08H         LINE#         417
  C:3C0AH         LINE#         418
BL51 BANKED LINKER/LOCATER V6.22.2.0                                                  04/30/2022  15:41:03  PAGE 33


  C:3C0CH         LINE#         419
  C:3C11H         LINE#         420
  C:3C11H         LINE#         423
  C:3C11H         LINE#         424
  C:3C14H         LINE#         425
  C:3C1AH         LINE#         426
  C:3C1CH         LINE#         427
  C:3C22H         LINE#         428
  C:3C22H         LINE#         429
  C:3C26H         LINE#         430
  C:3C28H         LINE#         431
  C:3C2BH         LINE#         432
  C:3C2BH         LINE#         458
  C:3C2BH         LINE#         459
  -------         ENDPROC       _UART_CHAR_9
  -------         PROC          _UART_STRING
  D:0006H         SYMBOL        id
  X:04E4H         SYMBOL        str
  C:3C2CH         LINE#         463
  C:3C39H         LINE#         464
  C:3C49H         LINE#         465
  C:3C60H         LINE#         466
  C:3C62H         LINE#         467
  -------         ENDPROC       _UART_STRING
  -------         PROC          _UART_PRINTF
  X:0435H         SYMBOL        id
  X:0436H         SYMBOL        str
  -------         DO            
  X:0439H         SYMBOL        ellipsis_40
  X:0461H         SYMBOL        buf
  X:04E1H         SYMBOL        vp
  -------         ENDDO         
  C:362FH         LINE#         472
  C:363DH         LINE#         475
  C:364BH         LINE#         477
  C:367EH         LINE#         478
  C:3687H         LINE#         479
  -------         ENDPROC       _UART_PRINTF
  -------         PROC          UART1_IT
  C:399EH         LINE#         486
  C:39BBH         LINE#         487
  C:39BEH         LINE#         488
  C:39C0H         LINE#         490
  C:39C3H         LINE#         493
  C:39C6H         LINE#         495
  C:39C6H         LINE#         496
  C:39C9H         LINE#         497
  C:39CBH         LINE#         498
  C:39CDH         LINE#         502
  C:39CDH         LINE#         503
  -------         ENDPROC       UART1_IT
  -------         PROC          UART2_IT
  C:3906H         LINE#         509
  C:3923H         LINE#         510
  C:3928H         LINE#         511
  C:392BH         LINE#         513
  C:392EH         LINE#         515
BL51 BANKED LINKER/LOCATER V6.22.2.0                                                  04/30/2022  15:41:03  PAGE 34


  C:392EH         LINE#         516
  C:3933H         LINE#         517
  C:3936H         LINE#         518
  C:3938H         LINE#         522
  C:3938H         LINE#         523
  -------         ENDPROC       UART2_IT
  -------         ENDMOD        UART

  -------         MODULE        EXTI
  C:0000H         SYMBOL        _ICE_DUMMY_
  D:0080H         PUBLIC        P0
  D:0090H         PUBLIC        P1
  D:00A0H         PUBLIC        P2
  D:00B0H         PUBLIC        P3
  D:00C0H         PUBLIC        P4
  D:00C8H         PUBLIC        P5
  D:00E8H         PUBLIC        P6
  D:00F8H         PUBLIC        P7
  D:00A8H         PUBLIC        IE
  D:00B8H         PUBLIC        IP
  D:00D8H         PUBLIC        CCON
  D:0098H         PUBLIC        SCON
  D:0088H         PUBLIC        TCON
  C:3F76H         PUBLIC        _exti_start
  C:3F75H         PUBLIC        exti_init
  C:3F77H         PUBLIC        _exti_stop
  C:3F78H         PUBLIC        _exti_set_mode
  D:00D0H         PUBLIC        PSW
  -------         PROC          EXTI_INIT
  C:3F75H         LINE#         7
  C:3F75H         LINE#         57
  -------         ENDPROC       EXTI_INIT
  -------         PROC          _EXTI_START
  D:0007H         SYMBOL        id
  C:3F76H         LINE#         61
  C:3F76H         LINE#         62
  C:3F76H         LINE#         78
  C:3F76H         LINE#         79
  C:3F76H         LINE#         80
  -------         ENDPROC       _EXTI_START
  -------         PROC          _EXTI_STOP
  D:0007H         SYMBOL        id
  C:3F77H         LINE#         84
  C:3F77H         LINE#         85
  C:3F77H         LINE#         101
  C:3F77H         LINE#         102
  C:3F77H         LINE#         103
  -------         ENDPROC       _EXTI_STOP
  -------         PROC          _EXTI_SET_MODE
  D:0007H         SYMBOL        id
  X:0001H         SYMBOL        mode
  C:3F78H         LINE#         107
  C:3F78H         LINE#         108
  C:3F78H         LINE#         109
  C:3F78H         LINE#         128
  C:3F78H         LINE#         129
  C:3F78H         LINE#         130
[...]
  D:00C7H         PUBLIC        IAP_CONTR
  C:3695H         PUBLIC        _eeprom_read_ex
  D:00C2H         PUBLIC        IAP_DATA
  C:206DH         PUBLIC        _eeprom_write_ex
  D:00C6H         PUBLIC        IAP_TRIG
BL51 BANKED LINKER/LOCATER V6.22.2.0                                                  04/30/2022  15:41:03  PAGE 38


  D:00D0H         PUBLIC        PSW
  -------         PROC          EEPROM_INIT
  -------         DO            
  X:042BH         SYMBOL        pro
  X:042FH         SYMBOL        cls
  C:16EBH         SYMBOL        eep_end
  -------         ENDDO         
  C:11CBH         LINE#         9
  C:11CBH         LINE#         13
  C:11E8H         LINE#         14
  C:1206H         LINE#         16
  C:1266H         LINE#         17
  C:126CH         LINE#         18
  C:126FH         LINE#         19
  C:126FH         LINE#         21
  C:128CH         LINE#         22
  C:12AAH         LINE#         24
  C:130AH         LINE#         25
  C:1310H         LINE#         26
  C:1313H         LINE#         27
  C:1313H         LINE#         29
  C:1330H         LINE#         30
  C:134EH         LINE#         32
  C:13AEH         LINE#         33
  C:13B4H         LINE#         34
  C:13B7H         LINE#         35
  C:13B7H         LINE#         37
  C:13D4H         LINE#         38
  C:13F2H         LINE#         40
  C:1452H         LINE#         41
  C:1458H         LINE#         42
  C:145BH         LINE#         43
  C:145BH         LINE#         45
  C:1478H         LINE#         46
  C:1496H         LINE#         48
  C:14F6H         LINE#         49
  C:14FCH         LINE#         50
  C:14FFH         LINE#         51
  C:14FFH         LINE#         53
  C:151CH         LINE#         54
  C:153BH         LINE#         56
  C:159BH         LINE#         57
  C:15A1H         LINE#         58
  C:15A4H         LINE#         59
  C:15A4H         LINE#         61
  C:15C1H         LINE#         62
  C:15E0H         LINE#         64
  C:1640H         LINE#         65
  C:1646H         LINE#         66
  C:1649H         LINE#         67
  C:1649H         LINE#         69
  C:1667H         LINE#         70
  C:1686H         LINE#         72
  C:16E6H         LINE#         73
  C:16EBH         LINE#         74
  C:16EBH         LINE#         75
  C:16EBH         LINE#         76
BL51 BANKED LINKER/LOCATER V6.22.2.0                                                  04/30/2022  15:41:03  PAGE 39


  C:16EBH         LINE#         77
  C:16F5H         LINE#         78
  C:16FFH         LINE#         85
  -------         ENDPROC       EEPROM_INIT
  -------         PROC          EEPROM_OFF
  C:3F1FH         LINE#         89
  C:3F1FH         LINE#         90
  C:3F22H         LINE#         91
  C:3F24H         LINE#         92
  C:3F26H         LINE#         93
  C:3F29H         LINE#         94
  C:3F2CH         LINE#         95
  -------         ENDPROC       EEPROM_OFF
  -------         PROC          L?0106
  -------         ENDPROC       L?0106
  -------         PROC          _EEPROM_ERASE
  D:0006H         SYMBOL        addr
  C:3E0BH         LINE#         99
  C:3E0BH         LINE#         100
  C:3E13H         LINE#         101
  C:3E16H         LINE#         102
  C:3E1BH         LINE#         103
  C:3E21H         LINE#         104
  C:3E22H         LINE#         105
  -------         ENDPROC       _EEPROM_ERASE
  -------         PROC          L?0104
  -------         ENDPROC       L?0104
  -------         PROC          _EEPROM_WRITE
  D:0006H         SYMBOL        addr
  D:0005H         SYMBOL        dat
  C:3B5CH         LINE#         110
  C:3B5CH         LINE#         111
  C:3B64H         LINE#         112
  C:3B67H         LINE#         113
  C:3B6CH         LINE#         114
  C:3B70H         LINE#         115
  C:3B76H         LINE#         116
  C:3B77H         LINE#         117
  -------         ENDPROC       _EEPROM_WRITE
  -------         PROC          L?0105
  -------         ENDPROC       L?0105
  -------         PROC          _EEPROM_READ
  D:0006H         SYMBOL        addr
  -------         DO            
  D:0007H         SYMBOL        dat
  -------         ENDDO         
  C:3D04H         LINE#         122
  C:3D04H         LINE#         124
  C:3D0CH         LINE#         125
  C:3D0FH         LINE#         126
  C:3D14H         LINE#         127
  C:3D1AH         LINE#         128
  C:3D1BH         LINE#         129
  C:3D1DH         LINE#         130
  -------         ENDPROC       _EEPROM_READ
  -------         PROC          _EEPROM_READ_EX
  X:042BH         SYMBOL        addr
BL51 BANKED LINKER/LOCATER V6.22.2.0                                                  04/30/2022  15:41:03  PAGE 40


  X:042DH         SYMBOL        dat
  X:0430H         SYMBOL        num
  -------         DO            
  X:0432H         SYMBOL        i
  -------         ENDDO         
  C:3695H         LINE#         137
  C:36A6H         LINE#         139
  C:36C1H         LINE#         140
  C:36EAH         LINE#         141
  C:36FAH         LINE#         142
  -------         ENDPROC       _EEPROM_READ_EX
  -------         PROC          _EEPROM_WRITE_EX
  D:0006H         SYMBOL        addr
  X:042DH         SYMBOL        dat
  X:0430H         SYMBOL        num
  -------         DO            
  X:0432H         SYMBOL        num_yu
  D:0002H         SYMBOL        area
  X:0434H         SYMBOL        area_addr_yu
  X:0436H         SYMBOL        area_start_addr
  D:0006H         SYMBOL        area_stop_addr
  X:0438H         SYMBOL        addr_offset
  X:043AH         SYMBOL        dat_offset
  X:043CH         SYMBOL        address
  X:043EH         SYMBOL        i
  -------         ENDDO         
  C:206DH         LINE#         148
  C:2078H         LINE#         155
  C:207FH         LINE#         158
  C:2085H         LINE#         159
  C:2092H         LINE#         160
  C:2092H         LINE#         161
  C:20A0H         LINE#         162
  C:20ACH         LINE#         163
  C:20B3H         LINE#         164
  C:20C1H         LINE#         165
  C:20D1H         LINE#         166
  C:20E6H         LINE#         167
  C:20FBH         LINE#         168
  C:210BH         LINE#         169
  C:210EH         LINE#         170
  C:2129H         LINE#         171
  C:2146H         LINE#         172
  C:217DH         LINE#         173
  C:218DH         LINE#         174
  C:2194H         LINE#         175
  C:2197H         LINE#         176
  C:21AFH         LINE#         177
  C:21AFH         LINE#         178
  C:21AFH         LINE#         179
  C:21C4H         LINE#         180
  C:21D9H         LINE#         181
  C:21E9H         LINE#         182
  C:21ECH         LINE#         183
  C:2207H         LINE#         184
  C:2224H         LINE#         185
  C:225BH         LINE#         186
BL51 BANKED LINKER/LOCATER V6.22.2.0                                                  04/30/2022  15:41:03  PAGE 41


  C:226BH         LINE#         187
  C:2272H         LINE#         188
  C:2275H         LINE#         189
  C:228CH         LINE#         190
  C:22A0H         LINE#         191
  C:22ADH         LINE#         192
  C:22B9H         LINE#         193
  C:22B9H         LINE#         194
  -------         ENDPROC       _EEPROM_WRITE_EX
  -------         ENDMOD        EEPROM

  -------         MODULE        SPI
  C:0000H         SYMBOL        _ICE_DUMMY_
  D:0080H         PUBLIC        P0
  D:0090H         PUBLIC        P1
  D:00A0H         PUBLIC        P2
  D:00B0H         PUBLIC        P3
  D:00C0H         PUBLIC        P4
  D:00C8H         PUBLIC        P5
  D:00E8H         PUBLIC        P6
  D:00F8H         PUBLIC        P7
  D:00A8H         PUBLIC        IE
  D:00B8H         PUBLIC        IP
  D:00D8H         PUBLIC        CCON
  D:0098H         PUBLIC        SCON
  D:0088H         PUBLIC        TCON
  D:00D0H         PUBLIC        PSW
  -------         ENDMOD        SPI

  -------         MODULE        SOFT_SPI
  C:0000H         SYMBOL        _ICE_DUMMY_
  D:0080H         PUBLIC        P0
  D:0090H         PUBLIC        P1
  D:00A0H         PUBLIC        P2
  D:00B0H         PUBLIC        P3
  D:00C0H         PUBLIC        P4
  D:00C8H         PUBLIC        P5
  D:00E8H         PUBLIC        P6
  D:00F8H         PUBLIC        P7
  D:00A8H         PUBLIC        IE
  D:00B8H         PUBLIC        IP
  D:00D8H         PUBLIC        CCON
  D:0098H         PUBLIC        SCON
  D:0088H         PUBLIC        TCON
  D:00D0H         PUBLIC        PSW
  -------         ENDMOD        SOFT_SPI

  -------         MODULE        IIC
  C:0000H         SYMBOL        _ICE_DUMMY_
  D:0080H         PUBLIC        P0
  D:0090H         PUBLIC        P1
  D:00A0H         PUBLIC        P2
  D:00B0H         PUBLIC        P3
  D:00C0H         PUBLIC        P4
  D:00C8H         PUBLIC        P5
  D:00E8H         PUBLIC        P6
  D:00F8H         PUBLIC        P7
BL51 BANKED LINKER/LOCATER V6.22.2.0                                                  04/30/2022  15:41:03  PAGE 42


  D:00A8H         PUBLIC        IE
  D:00B8H         PUBLIC        IP
  D:00D8H         PUBLIC        CCON
  D:0098H         PUBLIC        SCON
  D:0088H         PUBLIC        TCON
  D:00D0H         PUBLIC        PSW
  -------         ENDMOD        IIC

  -------         MODULE        SOFT_IIC
  C:0000H         SYMBOL        _ICE_DUMMY_
  D:0080H         PUBLIC        P0
  D:0090H         PUBLIC        P1
  D:00A0H         PUBLIC        P2
  D:00B0H         PUBLIC        P3
  D:00C0H         PUBLIC        P4
  D:00C8H         PUBLIC        P5
  D:00E8H         PUBLIC        P6
  D:00F8H         PUBLIC        P7
  D:00A8H         PUBLIC        IE
  D:00B8H         PUBLIC        IP
  D:00D8H         PUBLIC        CCON
  D:0098H         PUBLIC        SCON
  D:0088H         PUBLIC        TCON
  D:00D0H         PUBLIC        PSW
  -------         ENDMOD        SOFT_IIC

  -------         MODULE        ADC
  C:0000H         SYMBOL        _ICE_DUMMY_
  D:0080H         PUBLIC        P0
  D:0090H         PUBLIC        P1
  D:00A0H         PUBLIC        P2
  D:00B0H         PUBLIC        P3
  D:00C0H         PUBLIC        P4
  D:00C8H         PUBLIC        P5
  D:00E8H         PUBLIC        P6
  D:00F8H         PUBLIC        P7
  D:00A8H         PUBLIC        IE
  D:00B8H         PUBLIC        IP
  D:00D8H         PUBLIC        CCON
  D:0098H         PUBLIC        SCON
  D:0088H         PUBLIC        TCON
  D:00D0H         PUBLIC        PSW
  -------         ENDMOD        ADC

  -------         MODULE        CMP
  C:0000H         SYMBOL        _ICE_DUMMY_
  D:0080H         PUBLIC        P0
  D:0090H         PUBLIC        P1
  D:00A0H         PUBLIC        P2
  D:00B0H         PUBLIC        P3
  D:00C0H         PUBLIC        P4
  D:00C8H         PUBLIC        P5
  D:00E8H         PUBLIC        P6
  D:00F8H         PUBLIC        P7
  D:00A8H         PUBLIC        IE
  D:00B8H         PUBLIC        IP
  D:00D8H         PUBLIC        CCON
BL51 BANKED LINKER/LOCATER V6.22.2.0                                                  04/30/2022  15:41:03  PAGE 43


  D:0098H         PUBLIC        SCON
  D:0088H         PUBLIC        TCON
  D:00D0H         PUBLIC        PSW
  -------         ENDMOD        CMP

  -------         MODULE        PCA
  C:0000H         SYMBOL        _ICE_DUMMY_
  D:0080H         PUBLIC        P0
  D:0090H         PUBLIC        P1
  D:00A0H         PUBLIC        P2
  D:00B0H         PUBLIC        P3
  D:00C0H         PUBLIC        P4
  D:00C8H         PUBLIC        P5
  D:00E8H         PUBLIC        P6
  D:00F8H         PUBLIC        P7
  D:00A8H         PUBLIC        IE
  D:00B8H         PUBLIC        IP
  D:00D8H         PUBLIC        CCON
  D:0098H         PUBLIC        SCON
  D:0088H         PUBLIC        TCON
  D:00D0H         PUBLIC        PSW
  -------         ENDMOD        PCA

  -------         MODULE        PWM
  C:0000H         SYMBOL        _ICE_DUMMY_
  D:0080H         PUBLIC        P0
  D:0090H         PUBLIC        P1
  D:00A0H         PUBLIC        P2
  D:00B0H         PUBLIC        P3
  D:00C0H         PUBLIC        P4
  D:00C8H         PUBLIC        P5
  D:00E8H         PUBLIC        P6
  D:00F8H         PUBLIC        P7
  D:00A8H         PUBLIC        IE
  D:00B8H         PUBLIC        IP
  D:00D8H         PUBLIC        CCON
  D:0098H         PUBLIC        SCON
  D:0088H         PUBLIC        TCON
  D:00D0H         PUBLIC        PSW
  -------         ENDMOD        PWM

  -------         MODULE        LCM
  C:0000H         SYMBOL        _ICE_DUMMY_
  D:0080H         PUBLIC        P0
  D:0090H         PUBLIC        P1
  D:00A0H         PUBLIC        P2
  D:00B0H         PUBLIC        P3
  D:00C0H         PUBLIC        P4
  D:00C8H         PUBLIC        P5
  D:00E8H         PUBLIC        P6
  D:00F8H         PUBLIC        P7
  D:00A8H         PUBLIC        IE
  D:00B8H         PUBLIC        IP
  D:00D8H         PUBLIC        CCON
  D:0098H         PUBLIC        SCON
  D:0088H         PUBLIC        TCON
  D:00D0H         PUBLIC        PSW
BL51 BANKED LINKER/LOCATER V6.22.2.0                                                  04/30/2022  15:41:03  PAGE 44


  -------         ENDMOD        LCM

  -------         MODULE        ?C?FPMUL
  C:0046H         PUBLIC        ?C?FPMUL
  -------         ENDMOD        ?C?FPMUL

  -------         MODULE        ?C?FPDIV
  C:014FH         PUBLIC        ?C?FPDIV
  -------         ENDMOD        ?C?FPDIV

  -------         MODULE        ?C?FCAST
  C:01F6H         PUBLIC        ?C?FCASTC
  C:01F1H         PUBLIC        ?C?FCASTI
  C:01ECH         PUBLIC        ?C?FCASTL
  -------         ENDMOD        ?C?FCAST

  -------         MODULE        ?C?CASTF
  C:022AH         PUBLIC        ?C?CASTF
  -------         ENDMOD        ?C?CASTF

  -------         MODULE        VSPRINTF
  X:04E1H         PUBLIC        ?_VSPRINTF?BYTE
  C:39E8H         PUBLIC        _VSPRINTF
  -------         ENDMOD        VSPRINTF

  -------         MODULE        PRINTF
  X:04EAH         PUBLIC        ?_PRINTF?BYTE
  X:04EAH         PUBLIC        ?_SPRINTF?BYTE
  C:176BH         PUBLIC        _PRINTF
  C:1765H         PUBLIC        _SPRINTF
  -------         ENDMOD        PRINTF

  -------         MODULE        ?C?FPROUND
  C:02ABH         PUBLIC        ?C?FPROUND
  -------         ENDMOD        ?C?FPROUND

  -------         MODULE        ?C?FPCONVERT
  C:02E8H         PUBLIC        ?C?FPCONVERT
  -------         ENDMOD        ?C?FPCONVERT

  -------         MODULE        ?C?FPADD
  C:03F4H         PUBLIC        ?C?FPADD
  C:03F0H         PUBLIC        ?C?FPSUB
  -------         ENDMOD        ?C?FPADD

  -------         MODULE        ?C?FTNPWR
  C:0515H         PUBLIC        ?C?FTNPWR
  -------         ENDMOD        ?C?FTNPWR

  -------         MODULE        ?C?COPY
  C:0625H         PUBLIC        ?C?COPY
  -------         ENDMOD        ?C?COPY

  -------         MODULE        ?C?CLDPTR
  C:064BH         PUBLIC        ?C?CLDPTR
  -------         ENDMOD        ?C?CLDPTR

BL51 BANKED LINKER/LOCATER V6.22.2.0                                                  04/30/2022  15:41:03  PAGE 45


  -------         MODULE        ?C?CLDOPTR
  C:0664H         PUBLIC        ?C?CLDOPTR
  -------         ENDMOD        ?C?CLDOPTR

  -------         MODULE        ?C?CSTPTR
  C:0691H         PUBLIC        ?C?CSTPTR
  -------         ENDMOD        ?C?CSTPTR

  -------         MODULE        ?C?CSTOPTR
  C:06A3H         PUBLIC        ?C?CSTOPTR
  -------         ENDMOD        ?C?CSTOPTR

  -------         MODULE        ?C?IMUL
  C:06C5H         PUBLIC        ?C?IMUL
  -------         ENDMOD        ?C?IMUL

  -------         MODULE        ?C?UIDIV
  C:06D7H         PUBLIC        ?C?UIDIV
  -------         ENDMOD        ?C?UIDIV

  -------         MODULE        ?C?SIDIV
  C:072CH         PUBLIC        ?C?SIDIV
  -------         ENDMOD        ?C?SIDIV

  -------         MODULE        ?C?ILDIX
  C:0762H         PUBLIC        ?C?ILDIX
  -------         ENDMOD        ?C?ILDIX

  -------         MODULE        ?C?ILDOPTR
  C:0778H         PUBLIC        ?C?ILDOPTR
  -------         ENDMOD        ?C?ILDOPTR

  -------         MODULE        ?C?ISTOPTR
  C:07B0H         PUBLIC        ?C?ISTOPTR
  -------         ENDMOD        ?C?ISTOPTR

  -------         MODULE        ?C?LMUL
  C:07DDH         PUBLIC        ?C?LMUL
  -------         ENDMOD        ?C?LMUL

  -------         MODULE        ?C?ULDIV
  C:0868H         PUBLIC        ?C?ULDIV
  -------         ENDMOD        ?C?ULDIV

  -------         MODULE        ?C?LNEG
  C:08FAH         PUBLIC        ?C?LNEG
  -------         ENDMOD        ?C?LNEG

  -------         MODULE        ?C?ULCMP
  C:0908H         PUBLIC        ?C?ULCMP
  -------         ENDMOD        ?C?ULCMP

  -------         MODULE        ?C?LSTXDATA
  C:0919H         PUBLIC        ?C?LSTXDATA
  -------         ENDMOD        ?C?LSTXDATA

  -------         MODULE        ?C?LSTKXDATA
BL51 BANKED LINKER/LOCATER V6.22.2.0                                                  04/30/2022  15:41:03  PAGE 46


  C:0925H         PUBLIC        ?C?LSTKXDATA
  -------         ENDMOD        ?C?LSTKXDATA

  -------         MODULE        ?C?PLDIXDATA
  C:0956H         PUBLIC        ?C?PLDIXDATA
  -------         ENDMOD        ?C?PLDIXDATA

  -------         MODULE        ?C?PSTXDATA
  C:096DH         PUBLIC        ?C?PSTXDATA
  -------         ENDMOD        ?C?PSTXDATA

  -------         MODULE        ?C?CCASE
  C:0976H         PUBLIC        ?C?CCASE
  -------         ENDMOD        ?C?CCASE

  -------         MODULE        ?C?LIMUL
  C:099CH         PUBLIC        ?C?LIMUL
  -------         ENDMOD        ?C?LIMUL

  -------         MODULE        PUTCHAR
  C:3D6EH         PUBLIC        _PUTCHAR
  -------         ENDMOD        PUTCHAR

  -------         MODULE        STRCAT
  X:0591H         PUBLIC        ?_strcat?BYTE
  C:355CH         PUBLIC        _strcat
  -------         ENDMOD        STRCAT

  -------         MODULE        STRNCAT
  X:0587H         PUBLIC        ?_strncat?BYTE
  C:2D6EH         PUBLIC        _strncat
  -------         ENDMOD        STRNCAT

  -------         MODULE        STRNCMP
  X:042BH         PUBLIC        ?_strncmp?BYTE
  C:32E6H         PUBLIC        _strncmp
  -------         ENDMOD        STRNCMP

  -------         MODULE        ?C?STRCPY
  C:0A95H         PUBLIC        ?C?STRCPY
  -------         ENDMOD        ?C?STRCPY

  -------         MODULE        STRLEN
  C:000EH         PUBLIC        _STRLEN
  -------         ENDMOD        STRLEN

  -------         MODULE        STRPOS
  C:3E64H         PUBLIC        _STRPOS
  -------         ENDMOD        STRPOS

  -------         MODULE        STRSTR
  X:043BH         PUBLIC        ?_strstr?BYTE
  C:2EF6H         PUBLIC        _strstr
  -------         ENDMOD        STRSTR

  -------         MODULE        ATOI
  C:2BCDH         PUBLIC        _atoi
BL51 BANKED LINKER/LOCATER V6.22.2.0                                                  04/30/2022  15:41:03  PAGE 47


  -------         ENDMOD        ATOI

  -------         MODULE        ?C?MEMSET
  C:0AB2H         PUBLIC        ?C?MEMSET
  -------         ENDMOD        ?C?MEMSET

  -------         MODULE        ?C?IILDX
  C:0ADEH         PUBLIC        ?C?IILDX
  -------         ENDMOD        ?C?IILDX

  -------         MODULE        ISDIGIT
  C:3F10H         PUBLIC        _isdigit
  -------         ENDMOD        ISDIGIT

  -------         MODULE        ISSPACE
  C:3ECDH         PUBLIC        _isspace
  -------         ENDMOD        ISSPACE

*** WARNING L15: MULTIPLE CALL TO SEGMENT
    SEGMENT: ?PR?_IN_QUEUE?RINGQ
    CALLER1: ?PR?UART1_IT?UART
    CALLER2: ?PR?UART2_IT?UART

*** WARNING L15: MULTIPLE CALL TO SEGMENT
    SEGMENT: ?PR?_IS_FULLQUEUE?RINGQ
    CALLER1: ?PR?UART1_IT?UART
    CALLER2: ?PR?UART2_IT?UART

Program Size: data=32.4 xdata=1435 code=16249
LINK/LOCATE RUN COMPLETE.  2 WARNING(S),  0 ERROR(S)
