BL51 BANKED LINKER/LOCATER V6.22.2.0                                                    01/08/2022  22:39:30  PAGE 1


BL51 BANKED LINKER/LOCATER V6.22.2.0, INVOKED BY:
C:\KEIL_V5_C51\C51\BIN\BL51.EXE .\output\STARTUP.obj, .\output\main.obj, .\output\DS1302.obj, .\output\ringq.obj, .\outp
>> ut\ecbm_core.obj, .\output\gpio.obj, .\output\power.obj, .\output\uart.obj, .\output\exti.obj, .\output\timer.obj, .\
>> output\eeprom.obj, .\output\spi.obj, .\output\soft_spi.obj, .\output\iic.obj, .\output\soft_iic.obj, .\output\adc.obj
>> , .\output\cmp.obj, .\output\pca.obj, .\output\pwm.obj, .\output\lcm.obj TO .\output\ecbm RTX51TINY PRINT (.\output\e
>> cbm.m51) DISABLEWARNING (16)


MEMORY MODEL: LARGE WITH FLOATING POINT ARITHMETIC


INPUT MODULES INCLUDED:
  .\output\STARTUP.obj (?C_STARTUP)
  .\output\main.obj (MAIN)
  .\output\DS1302.obj (DS1302)
  .\output\ringq.obj (RINGQ)
  .\output\ecbm_core.obj (ECBM_CORE)
  .\output\gpio.obj (GPIO)
  .\output\power.obj (POWER)
  .\output\uart.obj (UART)
  .\output\exti.obj (EXTI)
  .\output\timer.obj (TIMER)
  .\output\eeprom.obj (EEPROM)
  .\output\spi.obj (SPI)
  .\output\soft_spi.obj (SOFT_SPI)
  .\output\iic.obj (IIC)
  .\output\soft_iic.obj (SOFT_IIC)
  .\output\adc.obj (ADC)
  .\output\cmp.obj (CMP)
  .\output\pca.obj (PCA)
  .\output\pwm.obj (PWM)
  .\output\lcm.obj (LCM)
  C:\KEIL_V5_C51\C51\LIB\C51FPL.LIB (?C?FPMUL)
  C:\KEIL_V5_C51\C51\LIB\C51FPL.LIB (?C?FPDIV)
  C:\KEIL_V5_C51\C51\LIB\C51FPL.LIB (?C?FCAST)
  C:\KEIL_V5_C51\C51\LIB\C51FPL.LIB (?C?CASTF)
  C:\KEIL_V5_C51\C51\LIB\C51FPL.LIB (VSPRINTF)
  C:\KEIL_V5_C51\C51\LIB\C51FPL.LIB (?C?FPGETOPN)
  C:\KEIL_V5_C51\C51\LIB\C51FPL.LIB (PRINTF)
  C:\KEIL_V5_C51\C51\LIB\C51FPL.LIB (?C?FPROUND)
  C:\KEIL_V5_C51\C51\LIB\C51FPL.LIB (?C?FPCONVERT)
  C:\KEIL_V5_C51\C51\LIB\C51FPL.LIB (?C?FPADD)
  C:\KEIL_V5_C51\C51\LIB\C51FPL.LIB (?C?FTNPWR)
  C:\KEIL_V5_C51\C51\LIB\C51L.LIB (?C_INIT)
  C:\KEIL_V5_C51\C51\LIB\C51L.LIB (?C?COPY)
  C:\KEIL_V5_C51\C51\LIB\C51L.LIB (?C?CLDPTR)
  C:\KEIL_V5_C51\C51\LIB\C51L.LIB (?C?CLDOPTR)
  C:\KEIL_V5_C51\C51\LIB\C51L.LIB (?C?CSTPTR)
  C:\KEIL_V5_C51\C51\LIB\C51L.LIB (?C?CSTOPTR)
  C:\KEIL_V5_C51\C51\LIB\C51L.LIB (?C?IMUL)
  C:\KEIL_V5_C51\C51\LIB\C51L.LIB (?C?UIDIV)
  C:\KEIL_V5_C51\C51\LIB\C51L.LIB (?C?SIDIV)
  C:\KEIL_V5_C51\C51\LIB\C51L.LIB (?C?ILDIX)
  C:\KEIL_V5_C51\C51\LIB\C51L.LIB (?C?ILDOPTR)
  C:\KEIL_V5_C51\C51\LIB\C51L.LIB (?C?ISTOPTR)
  C:\KEIL_V5_C51\C51\LIB\C51L.LIB (?C?LMUL)
  C:\KEIL_V5_C51\C51\LIB\C51L.LIB (?C?ULDIV)
  C:\KEIL_V5_C51\C51\LIB\C51L.LIB (?C?LNEG)
BL51 BANKED LINKER/LOCATER V6.22.2.0                                                  01/08/2022  22:39:30  PAGE 2


  C:\KEIL_V5_C51\C51\LIB\C51L.LIB (?C?ULCMP)
  C:\KEIL_V5_C51\C51\LIB\C51L.LIB (?C?LSTXDATA)
  C:\KEIL_V5_C51\C51\LIB\C51L.LIB (?C?LSTKXDATA)
  C:\KEIL_V5_C51\C51\LIB\C51L.LIB (?C?PLDIXDATA)
  C:\KEIL_V5_C51\C51\LIB\C51L.LIB (?C?PSTXDATA)
  C:\KEIL_V5_C51\C51\LIB\C51L.LIB (?C?CCASE)
  C:\KEIL_V5_C51\C51\LIB\C51L.LIB (?C?LIMUL)
  C:\KEIL_V5_C51\C51\LIB\C51L.LIB (PUTCHAR)
  C:\KEIL_V5_C51\C51\LIB\C51L.LIB (STRCAT)
  C:\KEIL_V5_C51\C51\LIB\C51L.LIB (STRNCAT)
  C:\KEIL_V5_C51\C51\LIB\C51L.LIB (STRNCMP)
  C:\KEIL_V5_C51\C51\LIB\C51L.LIB (?C?STRCPY)
  C:\KEIL_V5_C51\C51\LIB\C51L.LIB (STRLEN)
  C:\KEIL_V5_C51\C51\LIB\C51L.LIB (STRPOS)
  C:\KEIL_V5_C51\C51\LIB\C51L.LIB (STRSTR)
  C:\KEIL_V5_C51\C51\LIB\C51L.LIB (ATOI)
  C:\KEIL_V5_C51\C51\LIB\C51L.LIB (?C?MEMSET)
  C:\KEIL_V5_C51\C51\LIB\C51L.LIB (?C?IILDX)
  C:\KEIL_V5_C51\C51\LIB\C51L.LIB (ISDIGIT)
  C:\KEIL_V5_C51\C51\LIB\C51L.LIB (ISSPACE)


LINK MAP OF MODULE:  .\output\ecbm (?C_STARTUP)


            TYPE    BASE      LENGTH    RELOCATION   SEGMENT NAME
            -----------------------------------------------------

            * * * * * * *   D A T A   M E M O R Y   * * * * * * *
            REG     0000H     0008H     ABSOLUTE     "REG BANK 0"
            DATA    0008H     000EH     UNIT         ?DT?DS1302
            DATA    0016H     0005H     UNIT         _DATA_GROUP_
            DATA    001BH     0002H     UNIT         ?DT?GPIO
            DATA    001DH     0001H     UNIT         ?DT?_GPIO_IN?GPIO
                    001EH     0002H                  *** GAP ***
            BIT     0020H.0   0001H.3   UNIT         _BIT_GROUP_
            BIT     0021H.3   0000H.2   UNIT         ?BI?UART
            BIT     0021H.5   0000H.1   UNIT         ?BI?IIC
                    0021H.6   0000H.2                *** GAP ***
            IDATA   0022H     0009H     UNIT         ?ID?SOFT_SPI
            IDATA   002BH     0006H     UNIT         ?ID?SOFT_IIC
            IDATA   0031H     0001H     UNIT         ?STACK

            * * * * * * *  X D A T A   M E M O R Y  * * * * * * *
            XDATA   0000H     021CH     UNIT         ?XD?MAIN
            XDATA   021CH     0201H     UNIT         ?XD?EEPROM
            XDATA   041DH     0109H     UNIT         _XDATA_GROUP_
            XDATA   0526H     002AH     UNIT         ?XD?_STRRPC?MAIN
            XDATA   0550H     0029H     UNIT         ?XD?_SUBSTRING?MAIN
            XDATA   0579H     000CH     UNIT         ?XD?ECBM_CORE
            XDATA   0585H     000AH     UNIT         ?XD?_PWM_SET_FREQ?PWM
            XDATA   058FH     000AH     UNIT         ?XD?_STRNCAT?STRNCAT
            XDATA   0599H     0009H     UNIT         ?XD?_STRCAT?STRCAT
            XDATA   05A2H     0008H     UNIT         ?XD?_SOFT_SPI_INIT?SOFT_SPI
            XDATA   05AAH     0006H     UNIT         ?XD?_SOFT_SPI_SET_PIN_LINKAGE?SOFT_SPI
            XDATA   05B0H     0006H     UNIT         ?XD?_PCA_SET_DUTY?PCA
            XDATA   05B6H     0005H     UNIT         ?XD?_SOFT_SPI_INIT_LINKAGE?SOFT_SPI
BL51 BANKED LINKER/LOCATER V6.22.2.0                                                  01/08/2022  22:39:30  PAGE 3


            XDATA   05BBH     0005H     UNIT         ?XD?_SOFT_IIC_INIT?SOFT_IIC
            XDATA   05C0H     0005H     UNIT         ?XD?_SOFT_IIC_FIND?SOFT_IIC
            XDATA   05C5H     0005H     UNIT         ?XD?_ADC_VOLTAGE?ADC
            XDATA   05CAH     0004H     UNIT         ?XD?_SOFT_SPI_SEND?SOFT_SPI
            XDATA   05CEH     0004H     UNIT         ?XD?ADC
            XDATA   05D2H     0003H     UNIT         ?XD?_SOFT_IIC_WRITE?SOFT_IIC
            XDATA   05D5H     0002H     UNIT         ?XD?SOFT_SPI
            XDATA   05D7H     0002H     UNIT         ?XD?_SOFT_IIC_INIT_LINKAGE?SOFT_IIC
            XDATA   05D9H     0002H     UNIT         ?XD?SOFT_IIC_READ?SOFT_IIC
            XDATA   05DBH     0001H     UNIT         ?XD?_TIMER_OUT?TIMER
            XDATA   05DCH     0001H     UNIT         ?XD?_SPI_SET_PIN?SPI
            XDATA   05DDH     0001H     UNIT         ?XD?IIC
            XDATA   05DEH     0001H     UNIT         ?XD?_PCA_SET_IO?PCA

            * * * * * * *   C O D E   M E M O R Y   * * * * * * *
            CODE    0000H     0003H     ABSOLUTE     
            CODE    0003H     0008H     UNIT         ?CO?GPIO
            CODE    000BH     0003H     ABSOLUTE     
            CODE    000EH     0015H     UNIT         ?PR?_STRLEN?STRLEN
            CODE    0023H     0003H     ABSOLUTE     
            CODE    0026H     0014H     UNIT         ?PR?IIC_START?IIC
            CODE    003AH     0001H     UNIT         ?PR?EXTI_INIT?EXTI
            CODE    003BH     0003H     ABSOLUTE     
            CODE    003EH     0004H     UNIT         ?PR?CMP_START?CMP
            CODE    0042H     0001H     UNIT         ?PR?_EXTI_START?EXTI
            CODE    0043H     0003H     ABSOLUTE     
            CODE    0046H     007BH     UNIT         ?PR?_SOFT_SPI_SET_PIN_LINKAGE?SOFT_SPI
            CODE    00C1H     0002H     UNIT         ?PR?_PWM_SET_DUTY?PWM
            CODE    00C3H     0003H     ABSOLUTE     
            CODE    00C6H     0AAEH     UNIT         ?C?LIB_CODE
            CODE    0B74H     065BH     UNIT         ?PR?MAIN?MAIN
            CODE    11CFH     0535H     UNIT         ?PR?EEPROM_INIT?EEPROM
            CODE    1704H     0483H     UNIT         ?PR?PRINTF?PRINTF
            CODE    1B87H     0286H     UNIT         ?PR?SYSTEM_INIT?ECBM_CORE
            CODE    1E0DH     0264H     UNIT         ?PR?_GPIO_MODE?GPIO
            CODE    2071H     024FH     UNIT         ?PR?_EEPROM_WRITE_EX?EEPROM
            CODE    22C0H     0225H     UNIT         ?CO?MAIN
            CODE    24E5H     01BEH     UNIT         ?PR?_SOFT_SPI_SEND?SOFT_SPI
            CODE    26A3H     01B2H     UNIT         ?PR?SYSTEM_CHECK?ECBM_CORE
            CODE    2855H     019DH     UNIT         ?PR?_PCA_SET_DUTY?PCA
            CODE    29F2H     019AH     UNIT         ?PR?_TIMER_SET_TIMER_MODE?TIMER
            CODE    2B8CH     0159H     UNIT         ?C_INITSEG
            CODE    2CE5H     0130H     UNIT         ?CO?ECBM_CORE
            CODE    2E15H     0123H     UNIT         ?PR?_STRRPC?MAIN
            CODE    2F38H     010AH     UNIT         ?PR?_PCA_SET_IO?PCA
            CODE    3042H     00E0H     UNIT         ?PR?_SOFT_SPI_INIT?SOFT_SPI
            CODE    3122H     00DBH     UNIT         ?PR?_ATOI?ATOI
            CODE    31FDH     00CBH     UNIT         ?PR?_PWM_SET_FREQ?PWM
            CODE    32C8H     00C6H     UNIT         ?PR?_GPIO_UPPULL?GPIO
            CODE    338EH     00C5H     UNIT         ?PR?_STRNCAT?STRNCAT
            CODE    3453H     00C3H     UNIT         ?PR?_GPIO_OUT?GPIO
            CODE    3516H     00BFH     UNIT         ?PR?_STRSTR?STRSTR
            CODE    35D5H     00B8H     UNIT         ?PR?_SYSTEM_SET_CLOCK?ECBM_CORE
            CODE    368DH     00ABH     UNIT         ?PR?_SUBSTRING?MAIN
            CODE    3738H     00A8H     UNIT         ?PR?_OUT_QUEUE?RINGQ
            CODE    37E0H     00A3H     UNIT         ?PR?_SOFT_SPI_INIT_LINKAGE?SOFT_SPI
            CODE    3883H     009AH     UNIT         ?PR?_GPIO_OUT_FAST?GPIO
BL51 BANKED LINKER/LOCATER V6.22.2.0                                                  01/08/2022  22:39:30  PAGE 4


            CODE    391DH     0095H     UNIT         ?PR?_SOFT_SPI_SET_PIN?SOFT_SPI
            CODE    39B2H     008CH     UNIT         ?C_C51STARTUP
            CODE    3A3EH     008AH     UNIT         ?PR?_SOFT_IIC_INIT?SOFT_IIC
            CODE    3AC8H     0087H     UNIT         ?PR?_STRNCMP?STRNCMP
            CODE    3B4FH     0086H     UNIT         ?PR?_ESP8266_SEND_CMD?MAIN
            CODE    3BD5H     0084H     UNIT         ?PR?_UART_SET_IO?UART
            CODE    3C59H     0081H     UNIT         ?PR?_SOFT_IIC_WRITE?SOFT_IIC
            CODE    3CDAH     0077H     UNIT         ?PR?_GPIO_IN?GPIO
            CODE    3D51H     0075H     UNIT         ?PR?_SPI_SET_PIN?SPI
            CODE    3DC6H     006EH     UNIT         ?PR?_DEBUG?ECBM_CORE
            CODE    3E34H     006BH     UNIT         ?PR?_STRCAT?STRCAT
            CODE    3E9FH     006AH     UNIT         ?PR?_SOFT_IIC_FIND?SOFT_IIC
            CODE    3F09H     0068H     UNIT         ?PR?_GPIO_TOGGLE?GPIO
            CODE    3F71H     0066H     UNIT         ?PR?_UART_PRINTF?UART
            CODE    3FD7H     0066H     UNIT         ?PR?_EEPROM_READ_EX?EEPROM
            CODE    403DH     0065H     UNIT         ?PR?_IN_QUEUE?RINGQ
            CODE    40A2H     0064H     UNIT         ?PR?SOFT_IIC_READ?SOFT_IIC
            CODE    4106H     0063H     UNIT         ?PR?_IIC_SET_PIN?IIC
            CODE    4169H     0057H     UNIT         ?PR?UART_INIT?UART
            CODE    41C0H     0055H     UNIT         ?PR?_GPIO_IN_FAST?GPIO
            CODE    4215H     0055H     UNIT         ?PR?IIC_MASTER_INIT?IIC
            CODE    426AH     0055H     UNIT         ?PR?IIC_SLAVE_INIT?IIC
            CODE    42BFH     0054H     UNIT         ?PR?FUN1?MAIN
            CODE    4313H     0054H     UNIT         ?PR?_GET_LINE?RINGQ
            CODE    4367H     0052H     UNIT         ?PR?_DS1302_SETTIME?DS1302
            CODE    43B9H     0052H     UNIT         ?PR?_SOFT_IIC_INIT_LINKAGE?SOFT_IIC
            CODE    440BH     0051H     UNIT         ?PR?SOFT_IIC_START?SOFT_IIC
            CODE    445CH     004DH     UNIT         ?PR?UART2_IT?UART
            CODE    44A9H     004BH     UNIT         ?PR?_UART_SET_BAUD?UART
            CODE    44F4H     004AH     UNIT         ?PR?UART1_IT?UART
            CODE    453EH     004AH     UNIT         ?PR?_SOFT_IIC_SET_PIN?SOFT_IIC
            CODE    4588H     004AH     UNIT         ?PR?_VSPRINTF?VSPRINTF
            CODE    45D2H     0049H     UNIT         ?PR?SOFT_IIC_READ_ACK?SOFT_IIC
            CODE    461BH     0046H     UNIT         ?PR?_DS1302_GETTIME?DS1302
            CODE    4661H     0046H     UNIT         ?PR?_IIC_RESET_PIN?IIC
            CODE    46A7H     0045H     UNIT         ?PR?_GPIO_TOGGLE_FAST?GPIO
            CODE    46ECH     0042H     UNIT         ?PR?ADC_READ_VREF?ADC
            CODE    472EH     0040H     UNIT         ?PR?_GPIO_READ?GPIO
            CODE    476EH     003FH     UNIT         ?PR?_GPIO_WRITE?GPIO
            CODE    47ADH     003EH     UNIT         ?PR?_EEPROM_WRITE?EEPROM
            CODE    47EBH     003DH     UNIT         ?PR?_IS_FULLQUEUE?RINGQ
            CODE    4828H     003CH     UNIT         ?PR?_INITQUEUE?RINGQ
            CODE    4864H     003BH     UNIT         ?PR?_SOFT_IIC_SET_PIN_LINKAGE?SOFT_IIC
            CODE    489FH     0039H     UNIT         ?PR?_UART_CHAR_9?UART
            CODE    48D8H     0037H     UNIT         ?PR?_UART_STRING?UART
            CODE    490FH     0036H     UNIT         ?PR?_DS1302_WRITEBYTE?DS1302
            CODE    4945H     0033H     UNIT         ?PR?_FIND_STRING?MAIN
            CODE    4978H     002DH     UNIT         ?PR?_PCA_SET_MODE?PCA
            CODE    49A5H     002CH     UNIT         ?PR?SYSTEM_UART_RESET?ECBM_CORE
            CODE    49D1H     002CH     UNIT         ?PR?SOFT_IIC_STOP?SOFT_IIC
            CODE    49FDH     002CH     UNIT         ?PR?SOFT_IIC_WRITE_ACK?SOFT_IIC
            CODE    4A29H     002CH     UNIT         ?PR?SOFT_IIC_WRITE_NACK?SOFT_IIC
            CODE    4A55H     0028H     UNIT         ?PR?_EEPROM_READ?EEPROM
            CODE    4A7DH     0027H     UNIT         ?PR?UART1_RECEIVE_CALLBACK?MAIN
            CODE    4AA4H     0027H     UNIT         ?PR?UART2_RECEIVE_CALLBACK?MAIN
            CODE    4ACBH     0027H     UNIT         ?PR?PUTCHAR?PUTCHAR
            CODE    4AF2H     0026H     UNIT         ?PR?_DELAY_SET_US?ECBM_CORE
BL51 BANKED LINKER/LOCATER V6.22.2.0                                                  01/08/2022  22:39:30  PAGE 5


            CODE    4B18H     0026H     UNIT         ?PR?_ADC_VOLTAGE?ADC
            CODE    4B3EH     0025H     UNIT         ?PR?DS1302_READBYTE?DS1302
            CODE    4B63H     0023H     UNIT         ?PR?_TIMER_OUT?TIMER
            CODE    4B86H     0022H     UNIT         ?PR?_EEPROM_ERASE?EEPROM
            CODE    4BA8H     0022H     UNIT         ?PR?ADC_INIT?ADC
            CODE    4BCAH     0021H     UNIT         ?PR?_ADC_READ?ADC
            CODE    4BEBH     0020H     UNIT         ?PR?DS1302_INITIAL?DS1302
            CODE    4C0BH     0020H     UNIT         ?PR?_IIC_SET_PIN_LINKAGE?IIC
            CODE    4C2BH     001FH     UNIT         ?PR?_DELAY_MS?ECBM_CORE
            CODE    4C4AH     001FH     UNIT         ?PR?_STRPOS?STRPOS
            CODE    4C69H     001EH     UNIT         ?PR?IIC_READ_ACK?IIC
            CODE    4C87H     001DH     UNIT         ?PR?_IS_EMPTYQUEUE?RINGQ
            CODE    4CA4H     001CH     UNIT         ?PR?_SPI_SEND?SPI
            CODE    4CC0H     001BH     UNIT         ?PR?_UART_CHAR?UART
            CODE    4CDBH     001AH     UNIT         ?PR?IIC_ISR?IIC
            CODE    4CF5H     001AH     UNIT         ?PR?IIC_WRITE_NACK?IIC
            CODE    4D0FH     0019H     UNIT         ?PR?_BCDTOINT?DS1302
            CODE    4D28H     0019H     UNIT         ?PR?_IIC_WRITE?IIC
            CODE    4D41H     0019H     UNIT         ?PR?IIC_WRITE_ACK?IIC
            CODE    4D5AH     0019H     UNIT         ?PR?IIC_READ?IIC
            CODE    4D73H     0016H     UNIT         ?PR?_INTTOBCD?DS1302
            CODE    4D89H     0014H     UNIT         ?PR?IIC_STOP?IIC
            CODE    4D9DH     0014H     UNIT         ?PR?_ISSPACE?ISSPACE
            CODE    4DB1H     0013H     UNIT         ?PR?PWM_INIT?PWM
            CODE    4DC4H     0012H     UNIT         ?PR?PCA_INIT?PCA
            CODE    4DD6H     0011H     UNIT         ?PR?_TIMER_GET_VALUE?TIMER
            CODE    4DE7H     000FH     UNIT         ?PR?_DS1302_WRITEDATA?DS1302
            CODE    4DF6H     000FH     UNIT         ?PR?TIMER_INIT?TIMER
            CODE    4E05H     000FH     UNIT         ?PR?SPI_INIT?SPI
            CODE    4E14H     000FH     UNIT         ?PR?CMP_INIT?CMP
            CODE    4E23H     000FH     UNIT         ?PR?_ISDIGIT?ISDIGIT
            CODE    4E32H     000EH     UNIT         ?PR?EEPROM_OFF?EEPROM
            CODE    4E40H     000CH     UNIT         ?PR?_SYSTEM_SET_DIV?ECBM_CORE
            CODE    4E4CH     000CH     UNIT         ?CO?UART
            CODE    4E58H     000BH     UNIT         ?PR?_DS1302_READDATA?DS1302
            CODE    4E63H     000BH     UNIT         ?PR?_DELAY_US?ECBM_CORE
            CODE    4E6EH     000BH     UNIT         ?PR?CMP_READ?CMP
            CODE    4E79H     0009H     UNIT         ?PR?_TIMER_SET_VALUE?TIMER
            CODE    4E82H     0008H     UNIT         ?PR?_TIMER_START?TIMER
            CODE    4E8AH     0006H     UNIT         ?PR?_TIMER_STOP?TIMER
            CODE    4E90H     0006H     UNIT         ?PR?PCA_ISR?PCA
            CODE    4E96H     0004H     UNIT         ?PR?CMP_STOP?CMP
            CODE    4E9AH     0003H     UNIT         ?PR?DELAY?DS1302
            CODE    4E9DH     0003H     UNIT         ?PR?ADC_IT_START?ADC
            CODE    4EA0H     0003H     UNIT         ?PR?ADC_IT_STOP?ADC
            CODE    4EA3H     0001H     UNIT         ?PR?_EXTI_STOP?EXTI
            CODE    4EA4H     0001H     UNIT         ?PR?_EXTI_SET_MODE?EXTI
            CODE    4EA5H     0001H     UNIT         ?PR?_PCA_SET_TIMER?PCA



OVERLAY MAP OF MODULE:   .\output\ecbm (?C_STARTUP)


SEGMENT                                           BIT_GROUP          DATA_GROUP          XDATA_GROUP
  +--> CALLED SEGMENT                          START    LENGTH     START    LENGTH     START    LENGTH
------------------------------------------------------------------------------------------------------
BL51 BANKED LINKER/LOCATER V6.22.2.0                                                  01/08/2022  22:39:30  PAGE 6


?C_C51STARTUP                                  -----    -----      -----    -----      -----    -----
  +--> ?PR?MAIN?MAIN
  +--> ?C_INITSEG

?PR?MAIN?MAIN                                  0020H.0  0000H.2    -----    -----      041DH    000CH
  +--> ?CO?MAIN
  +--> ?PR?SYSTEM_INIT?ECBM_CORE
  +--> ?PR?TIMER_INIT?TIMER
  +--> ?PR?EEPROM_INIT?EEPROM
  +--> ?PR?_TIMER_START?TIMER
  +--> ?PR?_TIMER_SET_TIMER_MODE?TIMER
  +--> ?PR?DS1302_INITIAL?DS1302
  +--> ?PR?_EEPROM_READ?EEPROM
  +--> ?PR?_INITQUEUE?RINGQ
  +--> ?PR?_UART_PRINTF?UART
  +--> ?PR?_UART_SET_BAUD?UART
  +--> ?PR?_DELAY_MS?ECBM_CORE
  +--> ?PR?_GET_LINE?RINGQ
  +--> ?PR?_ESP8266_SEND_CMD?MAIN
  +--> ?PR?_DS1302_GETTIME?DS1302
  +--> ?PR?_STRLEN?STRLEN
  +--> ?PR?_STRNCMP?STRNCMP
  +--> ?PR?_STRPOS?STRPOS
  +--> ?PR?_ATOI?ATOI
  +--> ?PR?_EEPROM_WRITE_EX?EEPROM
  +--> ?PR?_EEPROM_READ_EX?EEPROM
  +--> ?PR?_UART_STRING?UART
  +--> ?PR?_FIND_STRING?MAIN
  +--> ?PR?_DS1302_SETTIME?DS1302

?PR?SYSTEM_INIT?ECBM_CORE                      -----    -----      -----    -----      0429H    0004H
  +--> ?PR?UART_INIT?UART
  +--> ?PR?_DELAY_MS?ECBM_CORE
  +--> ?PR?SYSTEM_CHECK?ECBM_CORE

?PR?UART_INIT?UART                             -----    -----      -----    -----      -----    -----
  +--> ?PR?_UART_SET_IO?UART
  +--> ?PR?_UART_SET_BAUD?UART

?PR?_UART_SET_IO?UART                          -----    -----      -----    -----      042DH    0001H
  +--> ?CO?UART
  +--> ?PR?_GPIO_MODE?GPIO

?PR?_GPIO_MODE?GPIO                            -----    -----      -----    -----      -----    -----
  +--> ?CO?GPIO

?PR?_UART_SET_BAUD?UART                        -----    -----      -----    -----      042DH    0005H

?PR?SYSTEM_CHECK?ECBM_CORE                     -----    -----      -----    -----      042DH    0004H
  +--> ?CO?ECBM_CORE
  +--> ?PR?_DEBUG?ECBM_CORE

?PR?_DEBUG?ECBM_CORE                           -----    -----      -----    -----      0431H    006EH
  +--> ?PR?_VSPRINTF?VSPRINTF
  +--> ?PR?_UART_STRING?UART

?PR?_VSPRINTF?VSPRINTF                         -----    -----      -----    -----      04E2H    0006H
BL51 BANKED LINKER/LOCATER V6.22.2.0                                                  01/08/2022  22:39:30  PAGE 7


  +--> ?PR?PRINTF?PRINTF

?PR?PRINTF?PRINTF                              0020H.2  0001H.1    0016H    0005H      04E8H    0030H
  +--> ?PR?PUTCHAR?PUTCHAR

?PR?_UART_STRING?UART                          -----    -----      -----    -----      04E2H    0003H
  +--> ?PR?_UART_CHAR?UART

?PR?EEPROM_INIT?EEPROM                         -----    -----      -----    -----      0429H    0008H

?PR?_TIMER_SET_TIMER_MODE?TIMER                -----    -----      -----    -----      0429H    0009H

?PR?DS1302_INITIAL?DS1302                      -----    -----      -----    -----      -----    -----
  +--> ?PR?_DS1302_WRITEDATA?DS1302

?PR?_DS1302_WRITEDATA?DS1302                   -----    -----      -----    -----      -----    -----
  +--> ?PR?_DS1302_WRITEBYTE?DS1302

?PR?_DS1302_WRITEBYTE?DS1302                   -----    -----      -----    -----      -----    -----
  +--> ?PR?DELAY?DS1302

?PR?_EEPROM_READ?EEPROM                        -----    -----      -----    -----      -----    -----
  +--> ?PR?EEPROM_OFF?EEPROM

?PR?_INITQUEUE?RINGQ                           -----    -----      -----    -----      0429H    0003H

?PR?_UART_PRINTF?UART                          -----    -----      -----    -----      0433H    00AFH
  +--> ?PR?_VSPRINTF?VSPRINTF
  +--> ?PR?_UART_STRING?UART

?PR?_GET_LINE?RINGQ                            -----    -----      -----    -----      0433H    0008H
  +--> ?PR?_IS_EMPTYQUEUE?RINGQ
  +--> ?PR?_OUT_QUEUE?RINGQ

?PR?_OUT_QUEUE?RINGQ                           -----    -----      -----    -----      043BH    0006H
  +--> ?PR?_IS_EMPTYQUEUE?RINGQ

?PR?_ESP8266_SEND_CMD?MAIN                     -----    -----      -----    -----      0429H    000AH
  +--> ?PR?_UART_PRINTF?UART
  +--> ?CO?MAIN
  +--> ?PR?_DELAY_MS?ECBM_CORE
  +--> ?PR?_GET_LINE?RINGQ
  +--> ?PR?_FIND_STRING?MAIN

?PR?_FIND_STRING?MAIN                          -----    -----      -----    -----      0433H    0006H
  +--> ?PR?_STRSTR?STRSTR

?PR?_STRSTR?STRSTR                             -----    -----      -----    -----      0439H    000CH

?PR?_DS1302_GETTIME?DS1302                     -----    -----      -----    -----      0429H    0005H
  +--> ?PR?_DS1302_READDATA?DS1302
  +--> ?PR?_BCDTOINT?DS1302

?PR?_DS1302_READDATA?DS1302                    -----    -----      -----    -----      -----    -----
  +--> ?PR?_DS1302_WRITEBYTE?DS1302
  +--> ?PR?DS1302_READBYTE?DS1302

BL51 BANKED LINKER/LOCATER V6.22.2.0                                                  01/08/2022  22:39:30  PAGE 8


?PR?DS1302_READBYTE?DS1302                     -----    -----      -----    -----      -----    -----
  +--> ?PR?DELAY?DS1302

?PR?_STRNCMP?STRNCMP                           -----    -----      -----    -----      0429H    0008H

?PR?_ATOI?ATOI                                 0020H.2  0000H.1    -----    -----      0429H    0005H
  +--> ?PR?_ISSPACE?ISSPACE
  +--> ?PR?_ISDIGIT?ISDIGIT

?PR?_EEPROM_WRITE_EX?EEPROM                    -----    -----      -----    -----      0429H    0015H
  +--> ?PR?_EEPROM_READ?EEPROM
  +--> ?PR?_EEPROM_ERASE?EEPROM
  +--> ?PR?_EEPROM_WRITE?EEPROM

?PR?_EEPROM_ERASE?EEPROM                       -----    -----      -----    -----      -----    -----
  +--> ?PR?EEPROM_OFF?EEPROM

?PR?_EEPROM_WRITE?EEPROM                       -----    -----      -----    -----      -----    -----
  +--> ?PR?EEPROM_OFF?EEPROM

?PR?_EEPROM_READ_EX?EEPROM                     -----    -----      -----    -----      0429H    0009H
  +--> ?PR?_EEPROM_READ?EEPROM

?PR?_DS1302_SETTIME?DS1302                     -----    -----      -----    -----      0429H    0005H
  +--> ?PR?_DS1302_WRITEDATA?DS1302
  +--> ?PR?_INTTOBCD?DS1302

*** NEW ROOT ***************************************************

?PR?UART1_IT?UART                              -----    -----      -----    -----      -----    -----
  +--> ?PR?UART1_RECEIVE_CALLBACK?MAIN
  +--> ?PR?SYSTEM_UART_RESET?ECBM_CORE

?PR?UART1_RECEIVE_CALLBACK?MAIN                -----    -----      -----    -----      -----    -----
  +--> ?PR?_IN_QUEUE?RINGQ

?PR?_IN_QUEUE?RINGQ                            -----    -----      -----    -----      051FH    0004H
  +--> ?PR?_IS_FULLQUEUE?RINGQ

?PR?_IS_FULLQUEUE?RINGQ                        -----    -----      -----    -----      0523H    0003H

*** NEW ROOT ***************************************************

?PR?UART2_IT?UART                              -----    -----      -----    -----      -----    -----
  +--> ?PR?UART2_RECEIVE_CALLBACK?MAIN

?PR?UART2_RECEIVE_CALLBACK?MAIN                -----    -----      -----    -----      -----    -----
  +--> ?PR?_IN_QUEUE?RINGQ



SYMBOL TABLE OF MODULE:  .\output\ecbm (?C_STARTUP)

  VALUE           TYPE          NAME
  ----------------------------------

  -------         MODULE        ?C_STARTUP
BL51 BANKED LINKER/LOCATER V6.22.2.0                                                  01/08/2022  22:39:30  PAGE 9


  C:39B2H         SEGMENT       ?C_C51STARTUP
  I:0031H         SEGMENT       ?STACK
  C:0000H         PUBLIC        ?C_STARTUP
  D:00E0H         SYMBOL        ACC
  D:00F0H         SYMBOL        B
  D:0083H         SYMBOL        DPH
  D:0082H         SYMBOL        DPL
  N:0000H         SYMBOL        IBPSTACK
  N:0100H         SYMBOL        IBPSTACKTOP
  N:0080H         SYMBOL        IDATALEN
  C:39B5H         SYMBOL        IDATALOOP
  N:0000H         SYMBOL        PBPSTACK
  N:0100H         SYMBOL        PBPSTACKTOP
  N:0000H         SYMBOL        PDATALEN
  N:0000H         SYMBOL        PDATASTART
  N:0000H         SYMBOL        PPAGE
  N:0000H         SYMBOL        PPAGEENABLE
  D:00A0H         SYMBOL        PPAGE_SFR
  D:0081H         SYMBOL        SP
  C:39B2H         SYMBOL        STARTUP1
  N:0000H         SYMBOL        XBPSTACK
  N:0000H         SYMBOL        XBPSTACKTOP
  N:0000H         SYMBOL        XDATALEN
  N:0000H         SYMBOL        XDATASTART
  C:0000H         LINE#         126
  C:39B2H         LINE#         133
  C:39B4H         LINE#         134
  C:39B5H         LINE#         135
  C:39B6H         LINE#         136
  C:39B8H         LINE#         185
  C:39BBH         LINE#         196
  -------         ENDMOD        ?C_STARTUP

  -------         MODULE        MAIN
  C:0000H         SYMBOL        _ICE_DUMMY_
  D:0093H         PUBLIC        P0M1
  D:0092H         PUBLIC        P1M0
  D:0096H         PUBLIC        P2M0
  D:0091H         PUBLIC        P1M1
  D:0080H         PUBLIC        P0
  D:00B2H         PUBLIC        P3M0
  D:0095H         PUBLIC        P2M1
  D:0090H         PUBLIC        P1
  D:00B4H         PUBLIC        P4M0
  D:00B1H         PUBLIC        P3M1
  D:00A0H         PUBLIC        P2
  D:00CAH         PUBLIC        P5M0
  D:00B3H         PUBLIC        P4M1
  D:00B0H         PUBLIC        P3
  D:00C9H         PUBLIC        P5M1
  D:00C0H         PUBLIC        P4
  D:00C8H         PUBLIC        P5
  D:00E8H         PUBLIC        P6
  D:00F8H         PUBLIC        P7
  D:00A8H         PUBLIC        IE
  X:0000H         PUBLIC        FUYAOSHIJIAN
  D:00B8H         PUBLIC        IP
BL51 BANKED LINKER/LOCATER V6.22.2.0                                                  01/08/2022  22:39:30  PAGE 10


  X:0001H         PUBLIC        flag
  B:00B0H.7       PUBLIC        BEEP
  C:494DH         PUBLIC        _find_string
  C:2E15H         PUBLIC        _strrpc
  D:00D8H         PUBLIC        CCON
  C:0B74H         PUBLIC        main
  C:368DH         PUBLIC        _SubString
  X:0002H         PUBLIC        tick
  D:0099H         PUBLIC        SBUF
  X:0004H         PUBLIC        ptrqueue1
  X:0007H         PUBLIC        ptrqueue2
  B:0090H.2       PUBLIC        P12
  D:0098H         PUBLIC        SCON
  B:00B0H.2       PUBLIC        P32
  D:0088H         PUBLIC        TCON
  B:00A0H.4       PUBLIC        P24
  B:00B0H.7       PUBLIC        P37
  C:24E3H         SYMBOL        _?ix1000
  X:000AH         PUBLIC        tickflag
  C:4A7DH         PUBLIC        uart1_receive_callback
  X:000CH         PUBLIC        QINGSHUJUSHIJIAN
  C:4AA4H         PUBLIC        uart2_receive_callback
  X:000DH         PUBLIC        flag2
  X:000EH         PUBLIC        DUISHISHIJIAN
  X:000FH         PUBLIC        queue1
  X:0093H         PUBLIC        queue2
  X:0117H         PUBLIC        line1
  X:0197H         PUBLIC        line2
  C:3B4FH         PUBLIC        _ESP8266_send_cmd
  D:009BH         PUBLIC        S2BUF
  X:0217H         PUBLIC        i
  X:0219H         PUBLIC        temp1
  X:021AH         PUBLIC        temp2
  X:021BH         PUBLIC        FUYAOSHIJIANFENZHONG
  D:00D0H         PUBLIC        PSW
  C:42BFH         PUBLIC        fun1
  D:0094H         PUBLIC        P0M0
  -------         PROC          L?0069
  -------         ENDPROC       L?0069
  -------         PROC          _FIND_STRING
  D:0001H         SYMBOL        line
  X:0436H         SYMBOL        p
  C:494DH         LINE#         22
  C:494DH         LINE#         23
  C:494DH         LINE#         24
  C:4972H         LINE#         25
  C:4972H         LINE#         26
  C:4975H         LINE#         27
  C:4975H         LINE#         29
  C:4975H         LINE#         30
  C:4977H         LINE#         31
  C:4977H         LINE#         32
  -------         ENDPROC       _FIND_STRING
  -------         PROC          _STRRPC
  X:0526H         SYMBOL        str
  X:0529H         SYMBOL        oldstr
  X:052CH         SYMBOL        newstr
BL51 BANKED LINKER/LOCATER V6.22.2.0                                                  01/08/2022  22:39:30  PAGE 11


  -------         DO            
  X:052FH         SYMBOL        bstr
  X:054FH         SYMBOL        i
  -------         ENDDO         
  C:2E15H         LINE#         39
  C:2E20H         LINE#         41
  C:2E25H         LINE#         42
  C:2E32H         LINE#         44
  C:2E52H         LINE#         45
  C:2EA3H         LINE#         46
  C:2EC1H         LINE#         47
  C:2ED8H         LINE#         48
  C:2EDAH         LINE#         49
  C:2F0BH         LINE#         50
  C:2F0BH         LINE#         51
  C:2F14H         LINE#         53
  C:2F2CH         LINE#         54
  C:2F37H         LINE#         55
  -------         ENDPROC       _STRRPC
  -------         PROC          _SUBSTRING
  X:0550H         SYMBOL        p
  X:0553H         SYMBOL        dst
  X:0556H         SYMBOL        index
  -------         DO            
  X:0558H         SYMBOL        bstr
  X:0578H         SYMBOL        i
  -------         ENDDO         
  C:368DH         LINE#         56
  C:3698H         LINE#         57
  C:3698H         LINE#         59
  C:369DH         LINE#         60
  C:36AAH         LINE#         62
  C:36D1H         LINE#         63
  C:36D1H         LINE#         64
  C:370CH         LINE#         65
  C:3714H         LINE#         67
  C:372CH         LINE#         68
  C:3737H         LINE#         71
  -------         ENDPROC       _SUBSTRING
  -------         PROC          _ESP8266_SEND_CMD
  X:0429H         SYMBOL        b
  X:042CH         SYMBOL        a
  X:042FH         SYMBOL        times
  X:0430H         SYMBOL        wait_time
  -------         DO            
  X:0432H         SYMBOL        i
  -------         ENDDO         
  C:3B4FH         LINE#         73
  C:3B5AH         LINE#         74
  C:3B5AH         LINE#         75
  C:3B5FH         LINE#         76
  C:3B6CH         LINE#         77
  C:3B6CH         LINE#         78
  C:3B7CH         LINE#         79
  C:3B87H         LINE#         81
  C:3B92H         LINE#         82
  C:3BAEH         LINE#         83
BL51 BANKED LINKER/LOCATER V6.22.2.0                                                  01/08/2022  22:39:30  PAGE 12


  C:3BC7H         LINE#         84
  C:3BC7H         LINE#         85
  C:3BCAH         LINE#         86
  C:3BCAH         LINE#         87
  C:3BD0H         LINE#         88
  C:3BD2H         LINE#         89
  C:3BD4H         LINE#         90
  -------         ENDPROC       _ESP8266_SEND_CMD
  -------         PROC          FUN1
  C:42BFH         LINE#         92
  C:42D6H         LINE#         94
  C:42E4H         LINE#         95
  C:42F7H         LINE#         96
  C:42F7H         LINE#         97
  C:42FEH         LINE#         98
  C:42FEH         LINE#         103
  -------         ENDPROC       FUN1
  -------         PROC          MAIN
  -------         DO            
  X:041DH         SYMBOL        times
  X:041FH         SYMBOL        len
  B:0020H.0       SYMBOL        yifuyao
  B:0020H.1       SYMBOL        yiduishi
  X:0421H         SYMBOL        time
  X:0423H         SYMBOL        beep
  X:0424H         SYMBOL        year
  X:0426H         SYMBOL        BYTEYEAR
  X:0427H         SYMBOL        secondstick
  -------         ENDDO         
  C:0B74H         LINE#         104
  C:0B74H         LINE#         106
  C:0B7BH         LINE#         107
  C:0B7FH         LINE#         108
  C:0B81H         LINE#         109
  C:0B83H         LINE#         110
  C:0B95H         LINE#         111
  C:0B9AH         LINE#         112
  C:0B9EH         LINE#         113
  C:0BA0H         LINE#         114
  C:0BA4H         LINE#         117
  C:0BA6H         LINE#         118
  C:0BA9H         LINE#         119
  C:0BABH         LINE#         120
  C:0BAFH         LINE#         125
  C:0BB2H         LINE#         126
  C:0BB5H         LINE#         127
  C:0BB8H         LINE#         128
  C:0BBBH         LINE#         129
  C:0BBEH         LINE#         130
  C:0BC1H         LINE#         131
  C:0BC4H         LINE#         132
  C:0BC7H         LINE#         133
  C:0BCAH         LINE#         134
  C:0BCDH         LINE#         135
  C:0BD0H         LINE#         136
  C:0BD3H         LINE#         138
  C:0BD6H         LINE#         139
BL51 BANKED LINKER/LOCATER V6.22.2.0                                                  01/08/2022  22:39:30  PAGE 13


  C:0BD9H         LINE#         141
  C:0BDCH         LINE#         142
  C:0BDFH         LINE#         144
  C:0BE2H         LINE#         145
  C:0BE5H         LINE#         147
  C:0BE8H         LINE#         148
  C:0BEBH         LINE#         150
  C:0BEEH         LINE#         151
  C:0BF1H         LINE#         159
  C:0BF4H         LINE#         160
  C:0BF7H         LINE#         161
  C:0BFAH         LINE#         162
  C:0BFFH         LINE#         163
  C:0C08H         LINE#         164
  C:0C0BH         LINE#         166
  C:0C16H         LINE#         167
  C:0C22H         LINE#         168
  C:0C2EH         LINE#         169
  C:0C3AH         LINE#         170
  C:0C4DH         LINE#         171
  C:0C5FH         LINE#         172
  C:0C6AH         LINE#         173
  C:0C73H         LINE#         177
  C:0C81H         LINE#         178
  C:0C8DH         LINE#         179
  C:0C9BH         LINE#         180
  C:0CA9H         LINE#         182
  C:0CB4H         LINE#         183
  C:0CBFH         LINE#         184
  C:0CCAH         LINE#         185
  C:0CD5H         LINE#         186
  C:0CE0H         LINE#         188
  C:0CEBH         LINE#         189
  C:0CFAH         LINE#         190
  C:0D01H         LINE#         191
  C:0D20H         LINE#         192
  C:0D2DH         LINE#         196
  C:0D55H         LINE#         197
  C:0D55H         LINE#         198
  C:0D59H         LINE#         199
  C:0D5BH         LINE#         201
  C:0D5BH         LINE#         202
  C:0D64H         LINE#         203
  C:0D64H         LINE#         205
  C:0D6BH         LINE#         207
  C:0D76H         LINE#         211
  C:0D76H         LINE#         212
  C:0D76H         LINE#         214
  C:0D83H         LINE#         215
  C:0D83H         LINE#         216
  C:0D8AH         LINE#         217
  C:0D92H         LINE#         218
  C:0DBBH         LINE#         219
  C:0DC9H         LINE#         220
  C:0DE3H         LINE#         221
  C:0DE5H         LINE#         222
  C:0DF4H         LINE#         223
BL51 BANKED LINKER/LOCATER V6.22.2.0                                                  01/08/2022  22:39:30  PAGE 14


  C:0DF4H         LINE#         224
  C:0DFFH         LINE#         225
  C:0DFFH         LINE#         233
  C:0E10H         LINE#         234
  C:0E10H         LINE#         235
  C:0E12H         LINE#         237
  C:0E12H         LINE#         238
  C:0E25H         LINE#         239
  C:0E25H         LINE#         240
  C:0E28H         LINE#         241
  C:0E28H         LINE#         242
  C:0E2EH         LINE#         244
  C:0E30H         LINE#         246
  C:0E36H         LINE#         247
  C:0E39H         LINE#         248
  C:0E39H         LINE#         249
  C:0E40H         LINE#         250
  C:0E43H         LINE#         251
  C:0E43H         LINE#         252
  C:0E44H         LINE#         253
  C:0E46H         LINE#         254
  C:0E46H         LINE#         255
  C:0E46H         LINE#         256
  C:0E48H         LINE#         258
  C:0E4AH         LINE#         259
  C:0E4FH         LINE#         260
  C:0E4FH         LINE#         261
  C:0E55H         LINE#         262
  C:0E55H         LINE#         263
  C:0E57H         LINE#         264
  C:0E59H         LINE#         265
  C:0E5BH         LINE#         267
  C:0E5BH         LINE#         269
  C:0E6BH         LINE#         270
  C:0E6BH         LINE#         271
  C:0E6EH         LINE#         272
  C:0E79H         LINE#         273
  C:0E95H         LINE#         274
  C:0EAAH         LINE#         275
  C:0EAAH         LINE#         276
  C:0EC1H         LINE#         277
  C:0EE9H         LINE#         278
  C:0EE9H         LINE#         279
  C:0EFCH         LINE#         280
  C:0F06H         LINE#         281
  C:0F06H         LINE#         282
  C:0F1CH         LINE#         283
  C:0F2BH         LINE#         284
  C:0F39H         LINE#         285
  C:0F5EH         LINE#         286
  C:0F6CH         LINE#         287
  C:0F74H         LINE#         288
  C:0F77H         LINE#         289
  C:0F8CH         LINE#         290
  C:0F93H         LINE#         291
  C:0F98H         LINE#         292
  C:0F9AH         LINE#         293
BL51 BANKED LINKER/LOCATER V6.22.2.0                                                  01/08/2022  22:39:30  PAGE 15


  C:0FAEH         LINE#         294
  C:0FDAH         LINE#         295
  C:0FE5H         LINE#         296
  C:0FE5H         LINE#         297
  C:0FE5H         LINE#         298
  C:0FE5H         LINE#         300
  C:0FF4H         LINE#         301
  C:0FF4H         LINE#         302
  C:1004H         LINE#         303
  C:1004H         LINE#         304
  C:1007H         LINE#         305
  C:1023H         LINE#         306
  C:102EH         LINE#         308
  C:1043H         LINE#         309
  C:1043H         LINE#         310
  C:104EH         LINE#         311
  C:1059H         LINE#         312
  C:106AH         LINE#         313
  C:1080H         LINE#         314
  C:108FH         LINE#         315
  C:109AH         LINE#         317
  C:10B0H         LINE#         318
  C:10BFH         LINE#         319
  C:10CAH         LINE#         321
  C:10E0H         LINE#         322
  C:10EFH         LINE#         323
  C:10FAH         LINE#         325
  C:1110H         LINE#         326
  C:111FH         LINE#         327
  C:112AH         LINE#         330
  C:1140H         LINE#         331
  C:114FH         LINE#         332
  C:115DH         LINE#         334
  C:1160H         LINE#         335
  C:1166H         LINE#         337
  C:117BH         LINE#         338
  C:118EH         LINE#         340
  C:119DH         LINE#         341
  C:119DH         LINE#         342
  C:11A9H         LINE#         343
  C:11A9H         LINE#         344
  C:11B2H         LINE#         345
  C:11BDH         LINE#         346
  C:11BDH         LINE#         347
  C:11BDH         LINE#         350
  C:11BDH         LINE#         351
  C:11CCH         LINE#         352
  C:11CCH         LINE#         354
  -------         ENDPROC       MAIN
  -------         PROC          UART1_RECEIVE_CALLBACK
  C:4A7DH         LINE#         357
  C:4A7DH         LINE#         358
  C:4A7DH         LINE#         359
  C:4A83H         LINE#         360
  C:4A96H         LINE#         362
  C:4A9DH         LINE#         363
  C:4A9DH         LINE#         364
BL51 BANKED LINKER/LOCATER V6.22.2.0                                                  01/08/2022  22:39:30  PAGE 16


  C:4AA3H         LINE#         365
  C:4AA3H         LINE#         366
  -------         ENDPROC       UART1_RECEIVE_CALLBACK
  -------         PROC          UART2_RECEIVE_CALLBACK
  C:4AA4H         LINE#         368
  C:4AA4H         LINE#         369
  C:4AA4H         LINE#         370
  C:4AAAH         LINE#         371
  C:4ABDH         LINE#         373
  C:4AC4H         LINE#         374
  C:4AC4H         LINE#         375
  C:4ACAH         LINE#         376
  C:4ACAH         LINE#         377
  -------         ENDPROC       UART2_RECEIVE_CALLBACK
  -------         ENDMOD        MAIN

  -------         MODULE        DS1302
  C:0000H         SYMBOL        _ICE_DUMMY_
  C:4367H         PUBLIC        _DS1302_SetTime
  D:00A0H         PUBLIC        P2
  C:4BEBH         PUBLIC        DS1302_Initial
  B:00A0H.6       PUBLIC        IO
  B:00D0H.7       PUBLIC        CY
  B:00A0H.7       PUBLIC        SCLK
  D:0008H         PUBLIC        init
  C:4E58H         PUBLIC        _DS1302_ReadData
  C:4DE7H         PUBLIC        _DS1302_WriteData
  C:4B3EH         PUBLIC        DS1302_ReadByte
  D:000FH         PUBLIC        now
  C:491EH         PUBLIC        _DS1302_WriteByte
  C:4E9AH         PUBLIC        Delay
  C:461BH         PUBLIC        _DS1302_GetTime
  B:00A0H.5       PUBLIC        RST
  C:4D0FH         PUBLIC        _BcdToInt
  C:4D73H         PUBLIC        _IntToBcd
  -------         PROC          DELAY
  C:4E9AH         LINE#         33
  C:4E9AH         LINE#         34
  C:4E9AH         LINE#         35
  C:4E9BH         LINE#         36
  C:4E9CH         LINE#         37
  -------         ENDPROC       DELAY
  -------         PROC          DS1302_READBYTE
  -------         DO            
  D:0006H         SYMBOL        i
  D:0007H         SYMBOL        dat
  -------         ENDDO         
  C:4B3EH         LINE#         42
  C:4B3EH         LINE#         43
  C:4B3EH         LINE#         45
  C:4B40H         LINE#         47
  C:4B4BH         LINE#         48
  C:4B4BH         LINE#         49
  C:4B4DH         LINE#         50
  C:4B50H         LINE#         51
  C:4B54H         LINE#         52
  C:4B5AH         LINE#         53
BL51 BANKED LINKER/LOCATER V6.22.2.0                                                  01/08/2022  22:39:30  PAGE 17


  C:4B5CH         LINE#         54
  C:4B5FH         LINE#         55
  C:4B62H         LINE#         57
  C:4B62H         LINE#         58
  -------         ENDPROC       DS1302_READBYTE
  -------         PROC          L?0022
  -------         ENDPROC       L?0022
  -------         PROC          _DS1302_WRITEBYTE
  D:0007H         SYMBOL        dat
  -------         DO            
  D:0006H         SYMBOL        i
  -------         ENDDO         
  C:491EH         LINE#         63
  C:491EH         LINE#         64
  C:491EH         LINE#         67
  C:4931H         LINE#         68
  C:4931H         LINE#         69
  C:4933H         LINE#         70
  C:4936H         LINE#         71
  C:493AH         LINE#         72
  C:493CH         LINE#         73
  C:493EH         LINE#         74
  C:4941H         LINE#         75
  C:4944H         LINE#         76
  -------         ENDPROC       _DS1302_WRITEBYTE
  -------         PROC          _DS1302_READDATA
  D:0007H         SYMBOL        addr
  -------         DO            
  D:0007H         SYMBOL        dat
  -------         ENDDO         
  C:4E58H         LINE#         81
  C:4E58H         LINE#         82
  C:4E58H         LINE#         85
  C:4E58H         LINE#         86
  C:4E58H         LINE#         87
  C:4E58H         LINE#         88
  C:4E58H         LINE#         89
  C:4E58H         LINE#         90
  C:4E58H         LINE#         91
  C:4E5BH         LINE#         92
  C:4E5EH         LINE#         93
  C:4E60H         LINE#         94
  C:4E62H         LINE#         96
  C:4E62H         LINE#         97
  -------         ENDPROC       _DS1302_READDATA
  -------         PROC          _DS1302_WRITEDATA
  D:0007H         SYMBOL        addr
  D:0003H         SYMBOL        dat
  C:4DE7H         LINE#         102
  C:4DE9H         LINE#         103
  C:4DE9H         LINE#         104
  C:4DE9H         LINE#         105
  C:4DE9H         LINE#         106
  C:4DE9H         LINE#         107
  C:4DE9H         LINE#         108
  C:4DE9H         LINE#         109
  C:4DE9H         LINE#         110
BL51 BANKED LINKER/LOCATER V6.22.2.0                                                  01/08/2022  22:39:30  PAGE 18


  C:4DECH         LINE#         111
  C:4DF1H         LINE#         112
  C:4DF3H         LINE#         113
  C:4DF5H         LINE#         114
  -------         ENDPROC       _DS1302_WRITEDATA
  -------         PROC          _DS1302_SETTIME
  X:0429H         SYMBOL        p
  -------         DO            
  X:042CH         SYMBOL        addr
  X:042DH         SYMBOL        n
  -------         ENDDO         
  C:4367H         LINE#         119
  C:4372H         LINE#         120
  C:4372H         LINE#         121
  C:4376H         LINE#         122
  C:437AH         LINE#         124
  C:4381H         LINE#         125
  C:438BH         LINE#         126
  C:438BH         LINE#         127
  C:43ACH         LINE#         128
  C:43B0H         LINE#         129
  C:43B2H         LINE#         130
  -------         ENDPROC       _DS1302_SETTIME
  -------         PROC          _BCDTOINT
  D:0001H         SYMBOL        bcd
  -------         DO            
  D:0006H         SYMBOL        k
  -------         ENDDO         
  C:4D0FH         LINE#         132
  C:4D11H         LINE#         133
  C:4D11H         LINE#         134
  C:4D13H         LINE#         135
  C:4D18H         LINE#         136
  C:4D1FH         LINE#         137
  C:4D27H         LINE#         138
  C:4D27H         LINE#         139
  -------         ENDPROC       _BCDTOINT
  -------         PROC          _INTTOBCD
  D:0007H         SYMBOL        d
  -------         DO            
  D:0006H         SYMBOL        c
  -------         ENDDO         
  C:4D73H         LINE#         141
  C:4D73H         LINE#         142
  C:4D73H         LINE#         143
  C:4D74H         LINE#         144
  C:4D7DH         LINE#         145
  C:4D85H         LINE#         146
  C:4D88H         LINE#         147
  -------         ENDPROC       _INTTOBCD
  -------         PROC          _DS1302_GETTIME
  X:0429H         SYMBOL        p
  -------         DO            
  X:042CH         SYMBOL        addr
  X:042DH         SYMBOL        n
  -------         ENDDO         
  C:461BH         LINE#         151
BL51 BANKED LINKER/LOCATER V6.22.2.0                                                  01/08/2022  22:39:30  PAGE 19


  C:4626H         LINE#         152
  C:4626H         LINE#         153
  C:462AH         LINE#         154
  C:462EH         LINE#         156
  C:4638H         LINE#         157
  C:4638H         LINE#         158
  C:4657H         LINE#         159
  C:465EH         LINE#         160
  C:4660H         LINE#         161
  -------         ENDPROC       _DS1302_GETTIME
  -------         PROC          DS1302_INITIAL
  C:4BEBH         LINE#         166
  C:4BEBH         LINE#         167
  C:4BEBH         LINE#         168
  C:4BEDH         LINE#         169
  C:4BEFH         LINE#         170
  C:4BF6H         LINE#         171
  C:4BFDH         LINE#         172
  C:4C04H         LINE#         173
  -------         ENDPROC       DS1302_INITIAL
  -------         ENDMOD        DS1302

  -------         MODULE        RINGQ
  C:0000H         SYMBOL        _ICE_DUMMY_
  C:4313H         PUBLIC        _Get_Line
  C:403DH         PUBLIC        _In_Queue
  C:3751H         PUBLIC        _Out_Queue
  C:4C87H         PUBLIC        _Is_EmptyQueue
  C:47EBH         PUBLIC        _Is_FullQueue
  C:4828H         PUBLIC        _initQueue
  -------         PROC          _INITQUEUE
  X:0429H         SYMBOL        queue_q
  C:4828H         LINE#         8
  C:4833H         LINE#         9
  C:4833H         LINE#         10
  C:4847H         LINE#         11
  -------         ENDPROC       _INITQUEUE
  -------         PROC          _IN_QUEUE
  X:051FH         SYMBOL        queue_q
  X:0522H         SYMBOL        value
  C:403DH         LINE#         14
  C:404DH         LINE#         15
  C:404DH         LINE#         16
  C:4055H         LINE#         17
  C:4055H         LINE#         18
  C:4074H         LINE#         19
  C:409CH         LINE#         20
  C:409FH         LINE#         21
  C:409FH         LINE#         22
  C:40A1H         LINE#         23
  -------         ENDPROC       _IN_QUEUE
  -------         PROC          _IS_FULLQUEUE
  X:0523H         SYMBOL        queue_q
  C:47EBH         LINE#         25
  C:47F6H         LINE#         26
  C:47F6H         LINE#         27
  C:4825H         LINE#         29
BL51 BANKED LINKER/LOCATER V6.22.2.0                                                  01/08/2022  22:39:30  PAGE 20


  C:4827H         LINE#         30
  -------         ENDPROC       _IS_FULLQUEUE
  -------         PROC          _IS_EMPTYQUEUE
  D:0001H         SYMBOL        queue_q
  C:4C87H         LINE#         33
  C:4C87H         LINE#         34
  C:4C87H         LINE#         35
  C:4CA1H         LINE#         36
  C:4CA3H         LINE#         37
  -------         ENDPROC       _IS_EMPTYQUEUE
  -------         PROC          L?0024
  -------         ENDPROC       L?0024
  -------         PROC          _OUT_QUEUE
  X:043BH         SYMBOL        queue_q
  X:043EH         SYMBOL        value
  C:3751H         LINE#         39
  C:375CH         LINE#         40
  C:375CH         LINE#         41
  C:376FH         LINE#         42
  C:376FH         LINE#         43
  C:3798H         LINE#         44
  C:37B2H         LINE#         45
  C:37DAH         LINE#         46
  C:37DDH         LINE#         47
  C:37DDH         LINE#         49
  C:37DDH         LINE#         50
  C:37DFH         LINE#         51
  C:37DFH         LINE#         52
  -------         ENDPROC       _OUT_QUEUE
  -------         PROC          _GET_LINE
  X:0433H         SYMBOL        queue_q
  X:0436H         SYMBOL        str
  -------         DO            
  X:0439H         SYMBOL        temp
  X:043AH         SYMBOL        i
  -------         ENDDO         
  C:4313H         LINE#         54
  C:431EH         LINE#         55
  C:431EH         LINE#         57
  C:4323H         LINE#         58
  C:432CH         LINE#         68
  C:4334H         LINE#         69
  C:4334H         LINE#         70
  C:4336H         LINE#         71
  C:433EH         LINE#         72
  C:433EH         LINE#         73
  C:4361H         LINE#         74
  C:4361H         LINE#         75
  C:4361H         LINE#         76
  C:4364H         LINE#         77
  C:4364H         LINE#         78
  C:4366H         LINE#         80
  -------         ENDPROC       _GET_LINE
  -------         ENDMOD        RINGQ

  -------         MODULE        ECBM_CORE
  C:0000H         SYMBOL        _ICE_DUMMY_
BL51 BANKED LINKER/LOCATER V6.22.2.0                                                  01/08/2022  22:39:30  PAGE 21


  D:0080H         PUBLIC        P0
  D:0090H         PUBLIC        P1
  D:00A0H         PUBLIC        P2
  D:00B0H         PUBLIC        P3
  D:00C0H         PUBLIC        P4
  D:00C8H         PUBLIC        P5
  B:00A8H.7       PUBLIC        EA
  D:00E8H         PUBLIC        P6
  D:00F8H         PUBLIC        P7
  C:3DD4H         PUBLIC        _debug
  C:4AF2H         PUBLIC        _delay_set_us
  X:0579H         PUBLIC        ecbm_delay_base
  C:26A3H         PUBLIC        system_check
  D:00BAH         PUBLIC        P_SW2
  D:00A8H         PUBLIC        IE
  D:00B8H         PUBLIC        IP
  D:00D8H         PUBLIC        CCON
  X:057BH         PUBLIC        char_count
  D:0099H         PUBLIC        SBUF
  D:0098H         PUBLIC        SCON
  D:0088H         PUBLIC        TCON
  C:1B87H         PUBLIC        system_init
  X:057CH         PUBLIC        old_char
  D:00C7H         PUBLIC        IAP_CONTR
  C:35D5H         PUBLIC        _system_set_clock
  X:057DH         PUBLIC        fast_cout
  C:49A5H         PUBLIC        system_uart_reset
  C:4C2BH         PUBLIC        _delay_ms
  D:009FH         PUBLIC        IRTRIM
  C:4E63H         PUBLIC        _delay_us
  X:0581H         PUBLIC        ecbm_sys_clk
  D:00D0H         PUBLIC        PSW
  C:4E40H         PUBLIC        _system_set_div
  -------         PROC          _DELAY_MS
  D:0006H         SYMBOL        ms
  -------         DO            
  D:0004H         SYMBOL        i
  -------         ENDDO         
  C:4C2BH         LINE#         24
  C:4C2BH         LINE#         26
  C:4C2FH         LINE#         27
  C:4C2FH         LINE#         28
  C:4C37H         LINE#         29
  C:4C40H         LINE#         30
  C:4C49H         LINE#         31
  C:4C49H         LINE#         32
  -------         ENDPROC       _DELAY_MS
  -------         PROC          _DELAY_US
  D:0006H         SYMBOL        us
  -------         DO            
  D:0006H         SYMBOL        i
  -------         ENDDO         
  C:4E63H         LINE#         36
  C:4E63H         LINE#         38
  C:4E63H         LINE#         39
  C:4E6DH         LINE#         40
  -------         ENDPROC       _DELAY_US
BL51 BANKED LINKER/LOCATER V6.22.2.0                                                  01/08/2022  22:39:30  PAGE 22


  -------         PROC          _DELAY_SET_US
  D:0006H         SYMBOL        us
  C:4AF2H         LINE#         44
  C:4AF2H         LINE#         46
  C:4B0CH         LINE#         47
  C:4B17H         LINE#         48
  -------         ENDPROC       _DELAY_SET_US
  -------         PROC          SYSTEM_UART_RESET
  C:49A5H         LINE#         58
  C:49A5H         LINE#         59
  C:49ADH         LINE#         60
  C:49B0H         LINE#         61
  C:49B5H         LINE#         62
  C:49B7H         LINE#         63
  C:49BDH         LINE#         64
  C:49BDH         LINE#         65
  C:49CAH         LINE#         66
  C:49CBH         LINE#         67
  C:49CEH         LINE#         68
  C:49CFH         LINE#         69
  C:49D0H         LINE#         70
  C:49D0H         LINE#         71
  -------         ENDPROC       SYSTEM_UART_RESET
  -------         PROC          SYSTEM_CHECK
  -------         DO            
  X:042DH         SYMBOL        i
  X:042EH         SYMBOL        j
  X:042FH         SYMBOL        aaa
  -------         ENDDO         
  C:26A3H         LINE#         76
  C:26A3H         LINE#         78
  C:26ADH         LINE#         79
  C:26D8H         LINE#         80
  C:26EAH         LINE#         81
  C:26FCH         LINE#         95
  C:2705H         LINE#         121
  C:270AH         LINE#         122
  C:2713H         LINE#         123
  C:2725H         LINE#         124
  C:272EH         LINE#         125
  C:2740H         LINE#         126
  C:2746H         LINE#         127
  C:2746H         LINE#         128
  C:274EH         LINE#         129
  C:2756H         LINE#         130
  C:275CH         LINE#         131
  C:275FH         LINE#         132
  C:27A3H         LINE#         133
  C:27ACH         LINE#         134
  C:27B5H         LINE#         135
  C:27C7H         LINE#         136
  C:27DAH         LINE#         137
  C:27ECH         LINE#         138
  C:2809H         LINE#         139
  C:2812H         LINE#         140
  C:281BH         LINE#         141
  C:2824H         LINE#         142
BL51 BANKED LINKER/LOCATER V6.22.2.0                                                  01/08/2022  22:39:30  PAGE 23


  C:283CH         LINE#         143
  C:2854H         LINE#         144
  C:2854H         LINE#         145
  -------         ENDPROC       SYSTEM_CHECK
  -------         PROC          L?0160
  -------         ENDPROC       L?0160
  -------         PROC          _DEBUG
  X:0431H         SYMBOL        str
  -------         DO            
  X:0434H         SYMBOL        ellipsis_40
  X:045CH         SYMBOL        buf
  X:049CH         SYMBOL        vp
  -------         ENDDO         
  C:3DD4H         LINE#         151
  C:3DDFH         LINE#         154
  C:3DEDH         LINE#         155
  C:3E20H         LINE#         156
  C:3E29H         LINE#         157
  -------         ENDPROC       _DEBUG
  -------         PROC          _SYSTEM_SET_CLOCK
  D:0007H         SYMBOL        source
  C:35D5H         LINE#         166
  C:35D5H         LINE#         167
  C:35EFH         LINE#         168
  C:35EFH         LINE#         169
  C:35EFH         LINE#         170
  C:35FCH         LINE#         171
  C:3603H         LINE#         172
  C:3606H         LINE#         173
  C:3606H         LINE#         174
  C:3606H         LINE#         175
  C:3608H         LINE#         176
  C:3608H         LINE#         177
  C:3615H         LINE#         178
  C:361EH         LINE#         179
  C:3623H         LINE#         180
  C:3627H         LINE#         181
  C:362BH         LINE#         182
  C:362CH         LINE#         183
  C:362CH         LINE#         184
  C:3639H         LINE#         185
  C:3642H         LINE#         186
  C:3647H         LINE#         187
  C:364BH         LINE#         188
  C:364DH         LINE#         189
  C:364EH         LINE#         190
  C:364EH         LINE#         191
  C:365BH         LINE#         192
  C:3664H         LINE#         193
  C:3667H         LINE#         194
  C:3667H         LINE#         195
  C:3667H         LINE#         196
  C:3669H         LINE#         197
  C:3669H         LINE#         198
  C:3676H         LINE#         199
  C:367FH         LINE#         200
  C:3684H         LINE#         201
BL51 BANKED LINKER/LOCATER V6.22.2.0                                                  01/08/2022  22:39:30  PAGE 24


  C:3688H         LINE#         202
  C:368CH         LINE#         203
  C:368CH         LINE#         204
  C:368CH         LINE#         205
  -------         ENDPROC       _SYSTEM_SET_CLOCK
  -------         PROC          _SYSTEM_SET_DIV
  D:0007H         SYMBOL        div
  C:4E40H         LINE#         206
  C:4E40H         LINE#         207
  C:4E46H         LINE#         208
  C:4E48H         LINE#         209
  C:4E49H         LINE#         210
  C:4E4BH         LINE#         211
  C:4E4BH         LINE#         212
  -------         ENDPROC       _SYSTEM_SET_DIV
  -------         PROC          SYSTEM_INIT
  -------         DO            
  X:0429H         SYMBOL        sys_count
  -------         ENDDO         
  C:1B87H         LINE#         216
  C:1B87H         LINE#         223
  C:1B8AH         LINE#         233
  C:1BCBH         LINE#         235
  C:1BEFH         LINE#         236
  C:1C0BH         LINE#         237
  C:1C15H         LINE#         238
  C:1C34H         LINE#         239
  C:1C3EH         LINE#         240
  C:1C5DH         LINE#         241
  C:1C67H         LINE#         242
  C:1C86H         LINE#         243
  C:1C90H         LINE#         244
  C:1CAFH         LINE#         245
  C:1CB9H         LINE#         246
  C:1CD8H         LINE#         247
  C:1CE2H         LINE#         248
  C:1D01H         LINE#         249
  C:1D0BH         LINE#         250
  C:1D2AH         LINE#         251
  C:1D34H         LINE#         252
  C:1D53H         LINE#         253
  C:1D5DH         LINE#         254
  C:1D7BH         LINE#         255
  C:1D85H         LINE#         256
  C:1DA3H         LINE#         257
  C:1DADH         LINE#         258
  C:1DCBH         LINE#         259
  C:1DD5H         LINE#         260
  C:1DD5H         LINE#         270
  C:1DF5H         LINE#         273
  C:1DFAH         LINE#         274
  C:1DFEH         LINE#         275
  C:1E01H         LINE#         302
  C:1E03H         LINE#         304
  C:1E0AH         LINE#         305
  -------         ENDPROC       SYSTEM_INIT
  -------         ENDMOD        ECBM_CORE
BL51 BANKED LINKER/LOCATER V6.22.2.0                                                  01/08/2022  22:39:30  PAGE 25



  -------         MODULE        GPIO
  C:0000H         SYMBOL        _ICE_DUMMY_
  D:0093H         PUBLIC        P0M1
  D:0092H         PUBLIC        P1M0
  D:0096H         PUBLIC        P2M0
  D:0091H         PUBLIC        P1M1
  D:0080H         PUBLIC        P0
  D:00B2H         PUBLIC        P3M0
  D:0095H         PUBLIC        P2M1
  D:0090H         PUBLIC        P1
  D:00B4H         PUBLIC        P4M0
  D:00B1H         PUBLIC        P3M1
  D:00A0H         PUBLIC        P2
  D:00CAH         PUBLIC        P5M0
  D:00B3H         PUBLIC        P4M1
  D:00B0H         PUBLIC        P3
  D:00CCH         PUBLIC        P6M0
  D:00C9H         PUBLIC        P5M1
  D:00C0H         PUBLIC        P4
  D:00E2H         PUBLIC        P7M0
  D:00CBH         PUBLIC        P6M1
  D:00C8H         PUBLIC        P5
  D:00E8H         PUBLIC        P6
  D:00E1H         PUBLIC        P7M1
  D:00F8H         PUBLIC        P7
  D:00A8H         PUBLIC        IE
  C:3F09H         PUBLIC        _gpio_toggle
  D:00B8H         PUBLIC        IP
  D:00D8H         PUBLIC        CCON
  C:46A7H         PUBLIC        _gpio_toggle_fast
  C:472EH         PUBLIC        _gpio_read
  D:0098H         PUBLIC        SCON
  D:0088H         PUBLIC        TCON
  C:32C8H         PUBLIC        _gpio_uppull
  C:1E0DH         PUBLIC        _gpio_mode
  C:476EH         PUBLIC        _gpio_write
  D:001BH         PUBLIC        ecbm_port
  D:001CH         PUBLIC        ecbm_pin
  C:0003H         PUBLIC        ecbm_pin_mask
  C:3CDAH         PUBLIC        _gpio_in
  C:3453H         PUBLIC        _gpio_out
  C:41C0H         PUBLIC        _gpio_in_fast
  D:00D0H         PUBLIC        PSW
  C:3883H         PUBLIC        _gpio_out_fast
  D:0094H         PUBLIC        P0M0
  -------         PROC          _GPIO_UPPULL
  D:0007H         SYMBOL        pin
  D:0005H         SYMBOL        en
  -------         DO            
  C:32CAH         SYMBOL        gpio_uppull_end
  -------         ENDDO         
  C:32C8H         LINE#         10
  C:32C8H         LINE#         12
  C:32D0H         LINE#         13
  C:32D5H         LINE#         14
  C:32DFH         LINE#         15
BL51 BANKED LINKER/LOCATER V6.22.2.0                                                  01/08/2022  22:39:30  PAGE 26


  C:32ECH         LINE#         17
  C:32ECH         LINE#         19
  C:32EFH         LINE#         20
  C:3311H         LINE#         22
  C:3316H         LINE#         25
  C:331BH         LINE#         28
  C:3320H         LINE#         31
  C:3325H         LINE#         34
  C:332AH         LINE#         37
  C:332FH         LINE#         40
  C:3334H         LINE#         43
  C:333CH         LINE#         45
  C:333CH         LINE#         46
  C:333CH         LINE#         47
  C:333CH         LINE#         48
  C:335EH         LINE#         50
  C:3363H         LINE#         53
  C:3368H         LINE#         56
  C:336DH         LINE#         59
  C:3372H         LINE#         62
  C:3377H         LINE#         65
  C:337CH         LINE#         68
  C:3381H         LINE#         71
  C:338DH         LINE#         73
  C:338DH         LINE#         74
  C:338DH         LINE#         75
  C:338DH         LINE#         76
  C:338DH         LINE#         77
  -------         ENDPROC       _GPIO_UPPULL
  -------         PROC          _GPIO_MODE
  D:0007H         SYMBOL        pin
  D:0005H         SYMBOL        mode
  -------         DO            
  C:1E29H         SYMBOL        gpio_mode_end
  -------         ENDDO         
  C:1E0DH         LINE#         83
  C:1E0DH         LINE#         85
  C:1E15H         LINE#         86
  C:1E1AH         LINE#         87
  C:1E24H         LINE#         88
  C:1E31H         LINE#         90
  C:1E31H         LINE#         91
  C:1E56H         LINE#         93
  C:1E5BH         LINE#         96
  C:1E60H         LINE#         99
  C:1E65H         LINE#         102
  C:1E6AH         LINE#         105
  C:1E6FH         LINE#         108
  C:1E74H         LINE#         111
  C:1E79H         LINE#         114
  C:1E7CH         LINE#         116
  C:1E7CH         LINE#         117
  C:1E7CH         LINE#         119
  C:1E8AH         LINE#         121
  C:1E8AH         LINE#         123
  C:1E8EH         LINE#         124
  C:1E98H         LINE#         125
BL51 BANKED LINKER/LOCATER V6.22.2.0                                                  01/08/2022  22:39:30  PAGE 27


  C:1EA6H         LINE#         126
  C:1EB6H         LINE#         127
  C:1EC5H         LINE#         128
  C:1EC5H         LINE#         131
  C:1ECBH         LINE#         132
  C:1ED8H         LINE#         133
  C:1EE7H         LINE#         134
  C:1EF4H         LINE#         135
  C:1F02H         LINE#         136
  C:1F02H         LINE#         139
  C:1F08H         LINE#         140
  C:1F15H         LINE#         141
  C:1F24H         LINE#         142
  C:1F31H         LINE#         143
  C:1F3FH         LINE#         144
  C:1F3FH         LINE#         147
  C:1F45H         LINE#         148
  C:1F52H         LINE#         149
  C:1F61H         LINE#         150
  C:1F6EH         LINE#         151
  C:1F7CH         LINE#         152
  C:1F7CH         LINE#         155
  C:1F82H         LINE#         156
  C:1F8FH         LINE#         157
  C:1F9EH         LINE#         158
  C:1FABH         LINE#         159
  C:1FB9H         LINE#         160
  C:1FB9H         LINE#         163
  C:1FBFH         LINE#         164
  C:1FCCH         LINE#         165
  C:1FDBH         LINE#         166
  C:1FE8H         LINE#         167
  C:1FF6H         LINE#         168
  C:1FF6H         LINE#         171
  C:1FFCH         LINE#         172
  C:2009H         LINE#         173
  C:2018H         LINE#         174
  C:2025H         LINE#         175
  C:2033H         LINE#         176
  C:2033H         LINE#         179
  C:2039H         LINE#         180
  C:2046H         LINE#         181
  C:2055H         LINE#         182
  C:2062H         LINE#         183
  C:2070H         LINE#         184
  C:2070H         LINE#         186
  C:2070H         LINE#         187
  -------         ENDPROC       _GPIO_MODE
  -------         PROC          _GPIO_WRITE
  D:0007H         SYMBOL        port
  D:0005H         SYMBOL        dat
  C:476EH         LINE#         395
  C:476EH         LINE#         396
  C:4793H         LINE#         398
  C:4796H         LINE#         401
  C:4799H         LINE#         404
  C:479CH         LINE#         407
BL51 BANKED LINKER/LOCATER V6.22.2.0                                                  01/08/2022  22:39:30  PAGE 28


  C:479FH         LINE#         410
  C:47A2H         LINE#         413
  C:47A5H         LINE#         416
  C:47A8H         LINE#         419
  C:47ACH         LINE#         421
  C:47ACH         LINE#         422
  C:47ACH         LINE#         423
  C:47ACH         LINE#         424
  -------         ENDPROC       _GPIO_WRITE
  -------         PROC          _GPIO_READ
  D:0007H         SYMBOL        port
  C:472EH         LINE#         430
  C:472EH         LINE#         431
  C:4753H         LINE#         433
  C:4756H         LINE#         436
  C:4759H         LINE#         439
  C:475CH         LINE#         442
  C:475FH         LINE#         445
  C:4762H         LINE#         448
  C:4765H         LINE#         451
  C:4768H         LINE#         454
  C:476BH         LINE#         456
  C:476BH         LINE#         457
  C:476DH         LINE#         458
  C:476DH         LINE#         459
  -------         ENDPROC       _GPIO_READ
  -------         PROC          _GPIO_OUT
  D:0007H         SYMBOL        pin
  D:0005H         SYMBOL        value
  -------         DO            
  C:34BEH         SYMBOL        gpio_out_end
  -------         ENDDO         
  C:3453H         LINE#         465
  C:3453H         LINE#         467
  C:345BH         LINE#         468
  C:3460H         LINE#         469
  C:346AH         LINE#         470
  C:3477H         LINE#         472
  C:3477H         LINE#         474
  C:347AH         LINE#         475
  C:349CH         LINE#         477
  C:34A1H         LINE#         480
  C:34A6H         LINE#         483
  C:34ABH         LINE#         486
  C:34B0H         LINE#         489
  C:34B5H         LINE#         492
  C:34BAH         LINE#         495
  C:34BFH         LINE#         498
  C:34C4H         LINE#         500
  C:34C4H         LINE#         501
  C:34C4H         LINE#         502
  C:34C4H         LINE#         503
  C:34E6H         LINE#         505
  C:34ECH         LINE#         508
  C:34F2H         LINE#         511
  C:34F8H         LINE#         514
  C:34FEH         LINE#         517
BL51 BANKED LINKER/LOCATER V6.22.2.0                                                  01/08/2022  22:39:30  PAGE 29


  C:3504H         LINE#         520
  C:350AH         LINE#         523
  C:3510H         LINE#         526
  C:3515H         LINE#         528
  C:3515H         LINE#         529
  C:3515H         LINE#         530
  C:3515H         LINE#         531
  C:3515H         LINE#         532
  -------         ENDPROC       _GPIO_OUT
  -------         PROC          _GPIO_IN
  D:0007H         SYMBOL        pin
  -------         DO            
  D:001DH         SYMBOL        value
  -------         ENDDO         
  C:3CDAH         LINE#         538
  C:3CDAH         LINE#         541
  C:3CE1H         LINE#         542
  C:3CE6H         LINE#         543
  C:3CF0H         LINE#         544
  C:3CFAH         LINE#         545
  C:3CFDH         LINE#         546
  C:3CFDH         LINE#         548
  C:3D1FH         LINE#         550
  C:3D24H         LINE#         553
  C:3D29H         LINE#         556
  C:3D2EH         LINE#         559
  C:3D33H         LINE#         562
  C:3D38H         LINE#         565
  C:3D3DH         LINE#         568
  C:3D42H         LINE#         571
  C:3D45H         LINE#         573
  C:3D45H         LINE#         574
  C:3D45H         LINE#         575
  C:3D4EH         LINE#         576
  C:3D50H         LINE#         577
  -------         ENDPROC       _GPIO_IN
  -------         PROC          _GPIO_TOGGLE
  D:0007H         SYMBOL        pin
  -------         DO            
  C:3F9DH         SYMBOL        gpio_toggle_end
  -------         ENDDO         
  C:3F09H         LINE#         583
  C:3F09H         LINE#         585
  C:3F0EH         LINE#         586
  C:3F13H         LINE#         587
  C:3F1DH         LINE#         588
  C:3F27H         LINE#         590
  C:3F27H         LINE#         592
  C:3F49H         LINE#         594
  C:3F4EH         LINE#         597
  C:3F53H         LINE#         600
  C:3F58H         LINE#         603
  C:3F5DH         LINE#         606
  C:3F62H         LINE#         609
  C:3F67H         LINE#         612
  C:3F6CH         LINE#         615
  C:3F70H         LINE#         617
BL51 BANKED LINKER/LOCATER V6.22.2.0                                                  01/08/2022  22:39:30  PAGE 30


  C:3F70H         LINE#         618
  C:3F70H         LINE#         619
  C:3F70H         LINE#         620
  -------         ENDPROC       _GPIO_TOGGLE
  -------         PROC          _GPIO_TOGGLE_FAST
  D:0007H         SYMBOL        port
  D:0005H         SYMBOL        pin
  C:46A7H         LINE#         628
  C:46A7H         LINE#         629
  C:46CCH         LINE#         631
  C:46D0H         LINE#         634
  C:46D4H         LINE#         637
  C:46D8H         LINE#         640
  C:46DCH         LINE#         643
  C:46E0H         LINE#         646
  C:46E4H         LINE#         649
  C:46E8H         LINE#         652
  C:46EBH         LINE#         654
  C:46EBH         LINE#         655
  C:46EBH         LINE#         656
  -------         ENDPROC       _GPIO_TOGGLE_FAST
  -------         PROC          _GPIO_OUT_FAST
  D:0001H         SYMBOL        port
  D:0005H         SYMBOL        pin
  D:0003H         SYMBOL        val
  C:3883H         LINE#         662
  C:3885H         LINE#         663
  C:3888H         LINE#         664
  C:38B0H         LINE#         666
  C:38B4H         LINE#         669
  C:38B8H         LINE#         672
  C:38BCH         LINE#         675
  C:38C0H         LINE#         678
  C:38C4H         LINE#         681
  C:38C8H         LINE#         684
  C:38CCH         LINE#         687
  C:38D0H         LINE#         689
  C:38D0H         LINE#         690
  C:38D0H         LINE#         691
  C:38D0H         LINE#         692
  C:38F5H         LINE#         694
  C:38FAH         LINE#         697
  C:38FFH         LINE#         700
  C:3904H         LINE#         703
  C:3909H         LINE#         706
  C:390EH         LINE#         709
  C:3913H         LINE#         712
  C:3918H         LINE#         715
  C:391CH         LINE#         717
  C:391CH         LINE#         718
  C:391CH         LINE#         719
  C:391CH         LINE#         720
  -------         ENDPROC       _GPIO_OUT_FAST
  -------         PROC          _GPIO_IN_FAST
  D:0007H         SYMBOL        port
  D:0005H         SYMBOL        pin
  -------         DO            
BL51 BANKED LINKER/LOCATER V6.22.2.0                                                  01/08/2022  22:39:30  PAGE 31


  D:0006H         SYMBOL        val
  -------         ENDDO         
  C:41C0H         LINE#         726
  C:41C0H         LINE#         728
  C:41E8H         LINE#         730
  C:41ECH         LINE#         733
  C:41F0H         LINE#         736
  C:41F4H         LINE#         739
  C:41F8H         LINE#         742
  C:41FCH         LINE#         745
  C:4200H         LINE#         748
  C:4204H         LINE#         751
  C:4208H         LINE#         753
  C:420BH         LINE#         754
  C:420BH         LINE#         755
  C:4212H         LINE#         756
  C:4214H         LINE#         757
  -------         ENDPROC       _GPIO_IN_FAST
  -------         ENDMOD        GPIO

  -------         MODULE        POWER
  C:0000H         SYMBOL        _ICE_DUMMY_
  D:0080H         PUBLIC        P0
  D:0090H         PUBLIC        P1
  D:00A0H         PUBLIC        P2
  D:00B0H         PUBLIC        P3
  D:00C0H         PUBLIC        P4
  D:00C8H         PUBLIC        P5
  D:00E8H         PUBLIC        P6
  D:00F8H         PUBLIC        P7
  D:00A8H         PUBLIC        IE
  D:00B8H         PUBLIC        IP
  D:00D8H         PUBLIC        CCON
  D:0098H         PUBLIC        SCON
  D:0088H         PUBLIC        TCON
  D:00D0H         PUBLIC        PSW
  -------         ENDMOD        POWER

  -------         MODULE        UART
  C:0000H         SYMBOL        _ICE_DUMMY_
  D:0080H         PUBLIC        P0
  D:0090H         PUBLIC        P1
  D:00A0H         PUBLIC        P2
  D:00B0H         PUBLIC        P3
  D:00C0H         PUBLIC        P4
  D:00C8H         PUBLIC        P5
  D:00E8H         PUBLIC        P6
  D:00F8H         PUBLIC        P7
  D:00A2H         PUBLIC        P_SW1
  D:00BAH         PUBLIC        P_SW2
  D:00A8H         PUBLIC        IE
  B:0021H.3       PUBLIC        uart1_busy
  B:0021H.4       PUBLIC        uart2_busy
  B:00A8H.4       PUBLIC        ES
  D:00B8H         PUBLIC        IP
  B:0098H.0       PUBLIC        RI
  B:0098H.1       PUBLIC        TI
BL51 BANKED LINKER/LOCATER V6.22.2.0                                                  01/08/2022  22:39:30  PAGE 32


  D:00D8H         PUBLIC        CCON
  C:3BD5H         PUBLIC        _uart_set_io
  C:44F4H         PUBLIC        uart1_it
  C:445CH         PUBLIC        uart2_it
  D:0099H         PUBLIC        SBUF
  D:0087H         PUBLIC        PCON
  D:0098H         PUBLIC        SCON
  D:0089H         PUBLIC        TMOD
  D:0088H         PUBLIC        TCON
  C:3F71H         PUBLIC        _uart_printf
  C:48D8H         PUBLIC        _uart_string
  C:4CC0H         PUBLIC        _uart_char
  D:00AFH         PUBLIC        IE2
  D:008EH         PUBLIC        AUXR
  C:4E4CH         PUBLIC        uart1_io_map
  C:4E54H         PUBLIC        uart2_io_map
  B:00A8H.3       PUBLIC        ET1
  B:0088H.7       PUBLIC        TF1
  D:008DH         PUBLIC        TH1
  B:0098H.3       PUBLIC        TB8
  D:00D6H         PUBLIC        T2H
  D:008BH         PUBLIC        TL1
  D:00D7H         PUBLIC        T2L
  C:4169H         PUBLIC        uart_init
  B:0088H.6       PUBLIC        TR1
  C:489FH         PUBLIC        _uart_char_9
  D:009BH         PUBLIC        S2BUF
  D:009AH         PUBLIC        S2CON
  C:44A9H         PUBLIC        _uart_set_baud
  D:00D0H         PUBLIC        PSW
  -------         PROC          UART_INIT
  C:4169H         LINE#         156
  C:4169H         LINE#         158
  C:416CH         LINE#         159
  C:416FH         LINE#         160
  C:4172H         LINE#         161
  C:4179H         LINE#         162
  C:4188H         LINE#         168
  C:418BH         LINE#         169
  C:418EH         LINE#         170
  C:4190H         LINE#         171
  C:4194H         LINE#         177
  C:4196H         LINE#         178
  C:4198H         LINE#         182
  C:419BH         LINE#         183
  C:41A2H         LINE#         184
  C:41B1H         LINE#         185
  C:41B4H         LINE#         186
  C:41B7H         LINE#         187
  C:41BAH         LINE#         188
  C:41BCH         LINE#         189
  C:41BFH         LINE#         225
  -------         ENDPROC       UART_INIT
  -------         PROC          _UART_SET_IO
  D:0007H         SYMBOL        id
  X:042DH         SYMBOL        io
  C:3BD5H         LINE#         229
BL51 BANKED LINKER/LOCATER V6.22.2.0                                                  01/08/2022  22:39:30  PAGE 33


  C:3BDAH         LINE#         230
  C:3BE2H         LINE#         232
  C:3BE2H         LINE#         233
  C:3BF1H         LINE#         234
  C:3C0AH         LINE#         235
  C:3C1CH         LINE#         236
  C:3C1EH         LINE#         239
  C:3C1EH         LINE#         240
  C:3C2DH         LINE#         241
  C:3C41H         LINE#         242
  C:3C58H         LINE#         243
  C:3C58H         LINE#         259
  C:3C58H         LINE#         260
  -------         ENDPROC       _UART_SET_IO
  -------         PROC          _UART_SET_BAUD
  X:042DH         SYMBOL        id
  X:042EH         SYMBOL        baud
  -------         DO            
  D:0006H         SYMBOL        res
  -------         ENDDO         
  C:44A9H         LINE#         264
  C:44AEH         LINE#         266
  C:44DDH         LINE#         267
  C:44E8H         LINE#         269
  C:44E8H         LINE#         271
  C:44EDH         LINE#         275
  C:44EEH         LINE#         278
  C:44EEH         LINE#         279
[...]
  C:0000H         SYMBOL        _ICE_DUMMY_
  D:0080H         PUBLIC        P0
  D:0090H         PUBLIC        P1
  D:00A0H         PUBLIC        P2
  D:00B0H         PUBLIC        P3
  D:00C0H         PUBLIC        P4
  D:00C8H         PUBLIC        P5
  D:00E8H         PUBLIC        P6
  D:00F8H         PUBLIC        P7
  D:00A8H         PUBLIC        IE
  D:00B8H         PUBLIC        IP
  D:00D8H         PUBLIC        CCON
  D:00E6H         PUBLIC        CMPCR1
  D:00E7H         PUBLIC        CMPCR2
  D:0098H         PUBLIC        SCON
  D:0088H         PUBLIC        TCON
  C:4E6EH         PUBLIC        cmp_read
  C:003EH         PUBLIC        cmp_start
  C:4E14H         PUBLIC        cmp_init
  C:4E96H         PUBLIC        cmp_stop
  D:00D0H         PUBLIC        PSW
  -------         PROC          CMP_INIT
  C:4E14H         LINE#         11
  C:4E14H         LINE#         12
  C:4E17H         LINE#         13
  C:4E1AH         LINE#         14
  C:4E1FH         LINE#         16
  C:4E22H         LINE#         18
  -------         ENDPROC       CMP_INIT
  -------         PROC          CMP_READ
  C:4E6EH         LINE#         22
  C:4E6EH         LINE#         23
  C:4E73H         LINE#         24
  C:4E76H         LINE#         25
  C:4E76H         LINE#         26
  C:4E78H         LINE#         27
  C:4E78H         LINE#         28
  -------         ENDPROC       CMP_READ
  -------         PROC          CMP_START
  C:003EH         LINE#         32
  C:003EH         LINE#         33
  C:0041H         LINE#         34
  -------         ENDPROC       CMP_START
BL51 BANKED LINKER/LOCATER V6.22.2.0                                                  01/08/2022  22:39:30  PAGE 57


  -------         PROC          CMP_STOP
  C:4E96H         LINE#         38
  C:4E96H         LINE#         39
  C:4E99H         LINE#         40
  -------         ENDPROC       CMP_STOP
  -------         ENDMOD        CMP

  -------         MODULE        PCA
  C:0000H         SYMBOL        _ICE_DUMMY_
  D:0080H         PUBLIC        P0
  D:0090H         PUBLIC        P1
  D:00A0H         PUBLIC        P2
  D:00B0H         PUBLIC        P3
  D:00C0H         PUBLIC        P4
  D:00C8H         PUBLIC        P5
  D:00E8H         PUBLIC        P6
  D:00F8H         PUBLIC        P7
  B:00D8H.7       PUBLIC        CF
  D:00F9H         PUBLIC        CH
  D:00A2H         PUBLIC        P_SW1
  C:2855H         PUBLIC        _pca_set_duty
  D:00A8H         PUBLIC        IE
  D:00E9H         PUBLIC        CL
  B:00D8H.6       PUBLIC        CR
  D:00B8H         PUBLIC        IP
  C:2F38H         PUBLIC        _pca_set_io
  D:00D9H         PUBLIC        CMOD
  D:00D8H         PUBLIC        CCON
  D:0098H         PUBLIC        SCON
  D:0088H         PUBLIC        TCON
  C:4DC4H         PUBLIC        pca_init
  C:4E90H         PUBLIC        PCA_Isr
  C:4EA5H         PUBLIC        _pca_set_timer
  C:4978H         PUBLIC        _pca_set_mode
  D:00D0H         PUBLIC        PSW
  -------         PROC          PCA_INIT
  C:4DC4H         LINE#         32
  C:4DC4H         LINE#         33
  C:4DC7H         LINE#         34
  C:4DCBH         LINE#         35
  C:4DCEH         LINE#         37
  C:4DD3H         LINE#         51
  C:4DD5H         LINE#         52
  -------         ENDPROC       PCA_INIT
  -------         PROC          _PCA_SET_IO
  X:05DEH         SYMBOL        io
  C:2F38H         LINE#         56
  C:2F3DH         LINE#         57
  C:2F49H         LINE#         59
  C:2F5DH         LINE#         60
  C:2F5DH         LINE#         61
  C:2F64H         LINE#         62
  C:2F6BH         LINE#         63
  C:2F72H         LINE#         64
  C:2F79H         LINE#         65
  C:2F7DH         LINE#         66
  C:2F7FH         LINE#         67
BL51 BANKED LINKER/LOCATER V6.22.2.0                                                  01/08/2022  22:39:30  PAGE 58


  C:2F7FH         LINE#         68
  C:2F86H         LINE#         69
  C:2F8DH         LINE#         70
  C:2F94H         LINE#         71
  C:2F9BH         LINE#         72
  C:2F9FH         LINE#         73
  C:2FA1H         LINE#         74
  C:2FA1H         LINE#         75
  C:2FA8H         LINE#         76
  C:2FAFH         LINE#         77
  C:2FB6H         LINE#         78
  C:2FBDH         LINE#         79
  C:2FC1H         LINE#         80
  C:2FC3H         LINE#         81
  C:2FC3H         LINE#         82
  C:2FCAH         LINE#         83
  C:2FD1H         LINE#         84
  C:2FD8H         LINE#         85
  C:2FDFH         LINE#         86
  C:2FE6H         LINE#         87
  C:2FE6H         LINE#         88
  C:2FE6H         LINE#         89
  C:2FE6H         LINE#         137
  C:2FF6H         LINE#         138
  C:2FF6H         LINE#         139
  C:2FFDH         LINE#         140
  C:3004H         LINE#         141
  C:3008H         LINE#         142
  C:3008H         LINE#         143
  C:300AH         LINE#         144
  C:300AH         LINE#         145
  C:3011H         LINE#         146
  C:3018H         LINE#         147
  C:301FH         LINE#         148
  C:3023H         LINE#         149
  C:3025H         LINE#         150
  C:3025H         LINE#         151
  C:302CH         LINE#         152
  C:3033H         LINE#         153
  C:303AH         LINE#         154
  C:3041H         LINE#         155
  C:3041H         LINE#         156
  C:3041H         LINE#         157
  C:3041H         LINE#         159
  -------         ENDPROC       _PCA_SET_IO
  -------         PROC          _PCA_SET_MODE
  D:0007H         SYMBOL        id
  D:0005H         SYMBOL        mode
  -------         DO            
  D:0004H         SYMBOL        pca_pwmx
  D:0006H         SYMBOL        pca_ccapmx
  -------         ENDDO         
  C:4978H         LINE#         163
  C:4978H         LINE#         166
  C:49A2H         LINE#         167
  C:49A2H         LINE#         169
  C:49A2H         LINE#         170
BL51 BANKED LINKER/LOCATER V6.22.2.0                                                  01/08/2022  22:39:30  PAGE 59


  C:49A2H         LINE#         171
  C:49A2H         LINE#         172
  C:49A2H         LINE#         173
  C:49A3H         LINE#         174
  C:49A3H         LINE#         178
  C:49A3H         LINE#         182
  C:49A3H         LINE#         186
  C:49A3H         LINE#         187
  C:49A3H         LINE#         188
  C:49A4H         LINE#         189
  C:49A4H         LINE#         192
  C:49A4H         LINE#         193
  C:49A4H         LINE#         194
  C:49A4H         LINE#         195
  C:49A4H         LINE#         196
  C:49A4H         LINE#         237
  C:49A4H         LINE#         238
  -------         ENDPROC       _PCA_SET_MODE
  -------         PROC          _PCA_SET_TIMER
  D:0007H         SYMBOL        id
  X:0001H         SYMBOL        count
  C:4EA5H         LINE#         242
  C:4EA5H         LINE#         243
  C:4EA5H         LINE#         244
  C:4EA5H         LINE#         285
  C:4EA5H         LINE#         286
  -------         ENDPROC       _PCA_SET_TIMER
  -------         PROC          _PCA_SET_DUTY
  X:05B0H         SYMBOL        id
  X:05B1H         SYMBOL        duty
  -------         DO            
  X:05B3H         SYMBOL        pcax
  X:05B4H         SYMBOL        pcah
  X:05B5H         SYMBOL        mode
  D:0002H         SYMBOL        temp
  -------         ENDDO         
  C:2855H         LINE#         290
  C:2862H         LINE#         291
  C:2867H         LINE#         293
  C:2867H         LINE#         314
  C:2867H         LINE#         315
  C:2884H         LINE#         317
  C:289CH         LINE#         318
  C:289CH         LINE#         319
  C:28ABH         LINE#         320
  C:28ADH         LINE#         321
  C:28AFH         LINE#         322
  C:28DDH         LINE#         323
  C:28DDH         LINE#         324
  C:28E4H         LINE#         325
  C:28EBH         LINE#         326
  C:28EBH         LINE#         327
  C:28EBH         LINE#         328
  C:28EEH         LINE#         329
  C:28EEH         LINE#         330
  C:28FDH         LINE#         331
  C:28FFH         LINE#         332
BL51 BANKED LINKER/LOCATER V6.22.2.0                                                  01/08/2022  22:39:30  PAGE 60


  C:2901H         LINE#         333
  C:292FH         LINE#         334
  C:292FH         LINE#         335
  C:2936H         LINE#         336
  C:293DH         LINE#         337
  C:293DH         LINE#         338
  C:293DH         LINE#         339
  C:293FH         LINE#         340
  C:293FH         LINE#         341
  C:294EH         LINE#         342
  C:2951H         LINE#         343
  C:2953H         LINE#         344
  C:2983H         LINE#         345
  C:2983H         LINE#         346
  C:2988H         LINE#         347
  C:298CH         LINE#         348
  C:2990H         LINE#         349
  C:2990H         LINE#         350
  C:2991H         LINE#         351
  C:2991H         LINE#         352
  C:29A0H         LINE#         353
  C:29A3H         LINE#         354
  C:29A5H         LINE#         355
  C:29D5H         LINE#         356
  C:29D5H         LINE#         357
  C:29DAH         LINE#         358
  C:29E9H         LINE#         359
  C:29EDH         LINE#         360
  C:29F1H         LINE#         361
  C:29F1H         LINE#         362
  C:29F1H         LINE#         363
  C:29F1H         LINE#         364
  C:29F1H         LINE#         389
  C:29F1H         LINE#         390
  C:29F1H         LINE#         391
  -------         ENDPROC       _PCA_SET_DUTY
  -------         PROC          PCA_ISR
  C:4E90H         LINE#         395
  C:4E90H         LINE#         396
  C:4E93H         LINE#         397
  C:4E95H         LINE#         401
  C:4E95H         LINE#         458
  -------         ENDPROC       PCA_ISR
  -------         ENDMOD        PCA

  -------         MODULE        PWM
  C:0000H         SYMBOL        _ICE_DUMMY_
  D:0080H         PUBLIC        P0
  D:0090H         PUBLIC        P1
  D:00A0H         PUBLIC        P2
  D:00B0H         PUBLIC        P3
  D:00C0H         PUBLIC        P4
  D:00C8H         PUBLIC        P5
  D:00E8H         PUBLIC        P6
  D:00F8H         PUBLIC        P7
  D:00FEH         PUBLIC        PWMCR
  D:00A8H         PUBLIC        IE
BL51 BANKED LINKER/LOCATER V6.22.2.0                                                  01/08/2022  22:39:30  PAGE 61


  C:31FDH         PUBLIC        _pwm_set_freq
  D:00B8H         PUBLIC        IP
  D:00D8H         PUBLIC        CCON
  C:00C1H         PUBLIC        _pwm_set_duty
  D:0098H         PUBLIC        SCON
  D:0088H         PUBLIC        TCON
  C:4DB1H         PUBLIC        pwm_init
  D:00D0H         PUBLIC        PSW
  -------         PROC          PWM_INIT
  C:4DB1H         LINE#         7
  C:4DB1H         LINE#         9
  C:4DB1H         LINE#         10
  C:4DB7H         LINE#         11
  C:4DC0H         LINE#         108
  C:4DC3H         LINE#         435
  -------         ENDPROC       PWM_INIT
  -------         PROC          _PWM_SET_FREQ
  X:0585H         SYMBOL        group
  X:0586H         SYMBOL        freq
  -------         DO            
  X:058AH         SYMBOL        i
  X:058BH         SYMBOL        temp
  -------         ENDDO         
  C:31FDH         LINE#         439
  C:3202H         LINE#         442
  C:3253H         LINE#         443
  C:3284H         LINE#         444
  C:329FH         LINE#         445
  C:32A5H         LINE#         446
  C:32A5H         LINE#         448
  C:32A5H         LINE#         449
  C:32A8H         LINE#         450
  C:32B3H         LINE#         451
  C:32C4H         LINE#         452
  C:32C7H         LINE#         453
  C:32C7H         LINE#         504
  C:32C7H         LINE#         505
  -------         ENDPROC       _PWM_SET_FREQ
  -------         PROC          _PWM_SET_DUTY
  D:0007H         SYMBOL        group
  D:0005H         SYMBOL        ch
  X:0001H         SYMBOL        duty
  C:00C1H         LINE#         509
  C:00C1H         LINE#         510
  C:00C1H         LINE#         511
  C:00C1H         LINE#         512
  C:00C2H         LINE#         513
  C:00C2H         LINE#         515
  C:00C2H         LINE#         516
  C:00C2H         LINE#         621
  C:00C2H         LINE#         622
  C:00C2H         LINE#         623
  C:00C2H         LINE#         1292
  C:00C2H         LINE#         1293
  -------         ENDPROC       _PWM_SET_DUTY
  -------         ENDMOD        PWM

BL51 BANKED LINKER/LOCATER V6.22.2.0                                                  01/08/2022  22:39:30  PAGE 62


  -------         MODULE        LCM
  C:0000H         SYMBOL        _ICE_DUMMY_
  D:0080H         PUBLIC        P0
  D:0090H         PUBLIC        P1
  D:00A0H         PUBLIC        P2
  D:00B0H         PUBLIC        P3
  D:00C0H         PUBLIC        P4
  D:00C8H         PUBLIC        P5
  D:00E8H         PUBLIC        P6
  D:00F8H         PUBLIC        P7
  D:00A8H         PUBLIC        IE
  D:00B8H         PUBLIC        IP
  D:00D8H         PUBLIC        CCON
  D:0098H         PUBLIC        SCON
  D:0088H         PUBLIC        TCON
  D:00D0H         PUBLIC        PSW
  -------         ENDMOD        LCM

  -------         MODULE        ?C?FPMUL
  C:00C6H         PUBLIC        ?C?FPMUL
  -------         ENDMOD        ?C?FPMUL

  -------         MODULE        ?C?FPDIV
  C:01CFH         PUBLIC        ?C?FPDIV
  -------         ENDMOD        ?C?FPDIV

  -------         MODULE        ?C?FCAST
  C:0276H         PUBLIC        ?C?FCASTC
  C:0271H         PUBLIC        ?C?FCASTI
  C:026CH         PUBLIC        ?C?FCASTL
  -------         ENDMOD        ?C?FCAST

  -------         MODULE        ?C?CASTF
  C:02AAH         PUBLIC        ?C?CASTF
  -------         ENDMOD        ?C?CASTF

  -------         MODULE        VSPRINTF
  X:04DFH         PUBLIC        ?_VSPRINTF?BYTE
  C:4588H         PUBLIC        _VSPRINTF
  -------         ENDMOD        VSPRINTF

  -------         MODULE        PRINTF
  X:04E8H         PUBLIC        ?_PRINTF?BYTE
  X:04E8H         PUBLIC        ?_SPRINTF?BYTE
  C:176FH         PUBLIC        _PRINTF
  C:1769H         PUBLIC        _SPRINTF
  -------         ENDMOD        PRINTF

  -------         MODULE        ?C?FPROUND
  C:032BH         PUBLIC        ?C?FPROUND
  -------         ENDMOD        ?C?FPROUND

  -------         MODULE        ?C?FPCONVERT
  C:0368H         PUBLIC        ?C?FPCONVERT
  -------         ENDMOD        ?C?FPCONVERT

  -------         MODULE        ?C?FPADD
BL51 BANKED LINKER/LOCATER V6.22.2.0                                                  01/08/2022  22:39:30  PAGE 63


  C:0474H         PUBLIC        ?C?FPADD
  C:0470H         PUBLIC        ?C?FPSUB
  -------         ENDMOD        ?C?FPADD

  -------         MODULE        ?C?FTNPWR
  C:0595H         PUBLIC        ?C?FTNPWR
  -------         ENDMOD        ?C?FTNPWR

  -------         MODULE        ?C?COPY
  C:06A5H         PUBLIC        ?C?COPY
  -------         ENDMOD        ?C?COPY

  -------         MODULE        ?C?CLDPTR
  C:06CBH         PUBLIC        ?C?CLDPTR
  -------         ENDMOD        ?C?CLDPTR

  -------         MODULE        ?C?CLDOPTR
  C:06E4H         PUBLIC        ?C?CLDOPTR
  -------         ENDMOD        ?C?CLDOPTR

  -------         MODULE        ?C?CSTPTR
  C:0711H         PUBLIC        ?C?CSTPTR
  -------         ENDMOD        ?C?CSTPTR

  -------         MODULE        ?C?CSTOPTR
  C:0723H         PUBLIC        ?C?CSTOPTR
  -------         ENDMOD        ?C?CSTOPTR

  -------         MODULE        ?C?IMUL
  C:0745H         PUBLIC        ?C?IMUL
  -------         ENDMOD        ?C?IMUL

  -------         MODULE        ?C?UIDIV
  C:0757H         PUBLIC        ?C?UIDIV
  -------         ENDMOD        ?C?UIDIV

  -------         MODULE        ?C?SIDIV
  C:07ACH         PUBLIC        ?C?SIDIV
  -------         ENDMOD        ?C?SIDIV

  -------         MODULE        ?C?ILDIX
  C:07E2H         PUBLIC        ?C?ILDIX
  -------         ENDMOD        ?C?ILDIX

  -------         MODULE        ?C?ILDOPTR
  C:07F8H         PUBLIC        ?C?ILDOPTR
  -------         ENDMOD        ?C?ILDOPTR

  -------         MODULE        ?C?ISTOPTR
  C:0830H         PUBLIC        ?C?ISTOPTR
  -------         ENDMOD        ?C?ISTOPTR

  -------         MODULE        ?C?LMUL
  C:085DH         PUBLIC        ?C?LMUL
  -------         ENDMOD        ?C?LMUL

  -------         MODULE        ?C?ULDIV
BL51 BANKED LINKER/LOCATER V6.22.2.0                                                  01/08/2022  22:39:30  PAGE 64


  C:08E8H         PUBLIC        ?C?ULDIV
  -------         ENDMOD        ?C?ULDIV

  -------         MODULE        ?C?LNEG
  C:097AH         PUBLIC        ?C?LNEG
  -------         ENDMOD        ?C?LNEG

  -------         MODULE        ?C?ULCMP
  C:0988H         PUBLIC        ?C?ULCMP
  -------         ENDMOD        ?C?ULCMP

  -------         MODULE        ?C?LSTXDATA
  C:0999H         PUBLIC        ?C?LSTXDATA
  -------         ENDMOD        ?C?LSTXDATA

  -------         MODULE        ?C?LSTKXDATA
  C:09A5H         PUBLIC        ?C?LSTKXDATA
  -------         ENDMOD        ?C?LSTKXDATA

  -------         MODULE        ?C?PLDIXDATA
  C:09D6H         PUBLIC        ?C?PLDIXDATA
  -------         ENDMOD        ?C?PLDIXDATA

  -------         MODULE        ?C?PSTXDATA
  C:09EDH         PUBLIC        ?C?PSTXDATA
  -------         ENDMOD        ?C?PSTXDATA

  -------         MODULE        ?C?CCASE
  C:09F6H         PUBLIC        ?C?CCASE
  -------         ENDMOD        ?C?CCASE

  -------         MODULE        ?C?LIMUL
  C:0A1CH         PUBLIC        ?C?LIMUL
  -------         ENDMOD        ?C?LIMUL

  -------         MODULE        PUTCHAR
  C:4ACBH         PUBLIC        _PUTCHAR
  -------         ENDMOD        PUTCHAR

  -------         MODULE        STRCAT
  X:0599H         PUBLIC        ?_strcat?BYTE
  C:3E34H         PUBLIC        _strcat
  -------         ENDMOD        STRCAT

  -------         MODULE        STRNCAT
  X:058FH         PUBLIC        ?_strncat?BYTE
  C:338EH         PUBLIC        _strncat
  -------         ENDMOD        STRNCAT

  -------         MODULE        STRNCMP
  X:0429H         PUBLIC        ?_strncmp?BYTE
  C:3AC8H         PUBLIC        _strncmp
  -------         ENDMOD        STRNCMP

  -------         MODULE        ?C?STRCPY
  C:0B15H         PUBLIC        ?C?STRCPY
  -------         ENDMOD        ?C?STRCPY
BL51 BANKED LINKER/LOCATER V6.22.2.0                                                  01/08/2022  22:39:30  PAGE 65



  -------         MODULE        STRLEN
  C:000EH         PUBLIC        _STRLEN
  -------         ENDMOD        STRLEN

  -------         MODULE        STRPOS
  C:4C4AH         PUBLIC        _STRPOS
  -------         ENDMOD        STRPOS

  -------         MODULE        STRSTR
  X:0439H         PUBLIC        ?_strstr?BYTE
  C:3516H         PUBLIC        _strstr
  -------         ENDMOD        STRSTR

  -------         MODULE        ATOI
  C:3122H         PUBLIC        _atoi
  -------         ENDMOD        ATOI

  -------         MODULE        ?C?MEMSET
  C:0B32H         PUBLIC        ?C?MEMSET
  -------         ENDMOD        ?C?MEMSET

  -------         MODULE        ?C?IILDX
  C:0B5EH         PUBLIC        ?C?IILDX
  -------         ENDMOD        ?C?IILDX

  -------         MODULE        ISDIGIT
  C:4E23H         PUBLIC        _isdigit
  -------         ENDMOD        ISDIGIT

  -------         MODULE        ISSPACE
  C:4D9DH         PUBLIC        _isspace
  -------         ENDMOD        ISSPACE

*** WARNING L15: MULTIPLE CALL TO SEGMENT
    SEGMENT: ?PR?_IN_QUEUE?RINGQ
    CALLER1: ?PR?UART1_IT?UART
    CALLER2: ?PR?UART2_IT?UART

*** WARNING L15: MULTIPLE CALL TO SEGMENT
    SEGMENT: ?PR?_IS_FULLQUEUE?RINGQ
    CALLER1: ?PR?UART1_IT?UART
    CALLER2: ?PR?UART2_IT?UART

Program Size: data=47.6 xdata=1503 code=20134
LINK/LOCATE RUN COMPLETE.  2 WARNING(S),  0 ERROR(S)
